Archive member included to satisfy reference by file (symbol)

C:/ST/STM32CubeIDE_1.19.0/STM32CubeIDE/plugins/com.st.stm32cube.ide.mcu.externaltools.gnu-tools-for-stm32.13.3.rel1.win32_1.0.0.202411081344/tools/bin/../lib/gcc/arm-none-eabi/13.3.1/../../../../arm-none-eabi/lib/thumb/v7e-m+fp/hard\libc_nano.a(libc_a-exit.o)
                              C:/ST/STM32CubeIDE_1.19.0/STM32CubeIDE/plugins/com.st.stm32cube.ide.mcu.externaltools.gnu-tools-for-stm32.13.3.rel1.win32_1.0.0.202411081344/tools/bin/../lib/gcc/arm-none-eabi/13.3.1/../../../../arm-none-eabi/lib/thumb/v7e-m+fp/hard/crt0.o (exit)
C:/ST/STM32CubeIDE_1.19.0/STM32CubeIDE/plugins/com.st.stm32cube.ide.mcu.externaltools.gnu-tools-for-stm32.13.3.rel1.win32_1.0.0.202411081344/tools/bin/../lib/gcc/arm-none-eabi/13.3.1/../../../../arm-none-eabi/lib/thumb/v7e-m+fp/hard\libc_nano.a(libc_a-malloc.o)
                              ./Middlewares/Third_Party/vl53l0x_api/platform/src/vl53l0x_platform_log.o (malloc)
C:/ST/STM32CubeIDE_1.19.0/STM32CubeIDE/plugins/com.st.stm32cube.ide.mcu.externaltools.gnu-tools-for-stm32.13.3.rel1.win32_1.0.0.202411081344/tools/bin/../lib/gcc/arm-none-eabi/13.3.1/../../../../arm-none-eabi/lib/thumb/v7e-m+fp/hard\libc_nano.a(libc_a-mallocr.o)
                              C:/ST/STM32CubeIDE_1.19.0/STM32CubeIDE/plugins/com.st.stm32cube.ide.mcu.externaltools.gnu-tools-for-stm32.13.3.rel1.win32_1.0.0.202411081344/tools/bin/../lib/gcc/arm-none-eabi/13.3.1/../../../../arm-none-eabi/lib/thumb/v7e-m+fp/hard\libc_nano.a(libc_a-malloc.o) (_malloc_r)
C:/ST/STM32CubeIDE_1.19.0/STM32CubeIDE/plugins/com.st.stm32cube.ide.mcu.externaltools.gnu-tools-for-stm32.13.3.rel1.win32_1.0.0.202411081344/tools/bin/../lib/gcc/arm-none-eabi/13.3.1/../../../../arm-none-eabi/lib/thumb/v7e-m+fp/hard\libc_nano.a(libc_a-mlock.o)
                              C:/ST/STM32CubeIDE_1.19.0/STM32CubeIDE/plugins/com.st.stm32cube.ide.mcu.externaltools.gnu-tools-for-stm32.13.3.rel1.win32_1.0.0.202411081344/tools/bin/../lib/gcc/arm-none-eabi/13.3.1/../../../../arm-none-eabi/lib/thumb/v7e-m+fp/hard\libc_nano.a(libc_a-mallocr.o) (__malloc_lock)
C:/ST/STM32CubeIDE_1.19.0/STM32CubeIDE/plugins/com.st.stm32cube.ide.mcu.externaltools.gnu-tools-for-stm32.13.3.rel1.win32_1.0.0.202411081344/tools/bin/../lib/gcc/arm-none-eabi/13.3.1/../../../../arm-none-eabi/lib/thumb/v7e-m+fp/hard\libc_nano.a(libc_a-fclose.o)
                              ./Middlewares/Third_Party/vl53l0x_api/platform/src/vl53l0x_platform_log.o (fclose)
C:/ST/STM32CubeIDE_1.19.0/STM32CubeIDE/plugins/com.st.stm32cube.ide.mcu.externaltools.gnu-tools-for-stm32.13.3.rel1.win32_1.0.0.202411081344/tools/bin/../lib/gcc/arm-none-eabi/13.3.1/../../../../arm-none-eabi/lib/thumb/v7e-m+fp/hard\libc_nano.a(libc_a-fflush.o)
                              C:/ST/STM32CubeIDE_1.19.0/STM32CubeIDE/plugins/com.st.stm32cube.ide.mcu.externaltools.gnu-tools-for-stm32.13.3.rel1.win32_1.0.0.202411081344/tools/bin/../lib/gcc/arm-none-eabi/13.3.1/../../../../arm-none-eabi/lib/thumb/v7e-m+fp/hard\libc_nano.a(libc_a-fclose.o) (__sflush_r)
C:/ST/STM32CubeIDE_1.19.0/STM32CubeIDE/plugins/com.st.stm32cube.ide.mcu.externaltools.gnu-tools-for-stm32.13.3.rel1.win32_1.0.0.202411081344/tools/bin/../lib/gcc/arm-none-eabi/13.3.1/../../../../arm-none-eabi/lib/thumb/v7e-m+fp/hard\libc_nano.a(libc_a-findfp.o)
                              ./Middlewares/Third_Party/FreeRTOS/Source/tasks.o (__sf)
C:/ST/STM32CubeIDE_1.19.0/STM32CubeIDE/plugins/com.st.stm32cube.ide.mcu.externaltools.gnu-tools-for-stm32.13.3.rel1.win32_1.0.0.202411081344/tools/bin/../lib/gcc/arm-none-eabi/13.3.1/../../../../arm-none-eabi/lib/thumb/v7e-m+fp/hard\libc_nano.a(libc_a-fopen.o)
                              ./Middlewares/Third_Party/vl53l0x_api/platform/src/vl53l0x_platform_log.o (fopen)
C:/ST/STM32CubeIDE_1.19.0/STM32CubeIDE/plugins/com.st.stm32cube.ide.mcu.externaltools.gnu-tools-for-stm32.13.3.rel1.win32_1.0.0.202411081344/tools/bin/../lib/gcc/arm-none-eabi/13.3.1/../../../../arm-none-eabi/lib/thumb/v7e-m+fp/hard\libc_nano.a(libc_a-fprintf.o)
                              ./Middlewares/Third_Party/vl53l0x_api/platform/src/vl53l0x_platform_log.o (fprintf)
C:/ST/STM32CubeIDE_1.19.0/STM32CubeIDE/plugins/com.st.stm32cube.ide.mcu.externaltools.gnu-tools-for-stm32.13.3.rel1.win32_1.0.0.202411081344/tools/bin/../lib/gcc/arm-none-eabi/13.3.1/../../../../arm-none-eabi/lib/thumb/v7e-m+fp/hard\libc_nano.a(libc_a-fseek.o)
                              C:/ST/STM32CubeIDE_1.19.0/STM32CubeIDE/plugins/com.st.stm32cube.ide.mcu.externaltools.gnu-tools-for-stm32.13.3.rel1.win32_1.0.0.202411081344/tools/bin/../lib/gcc/arm-none-eabi/13.3.1/../../../../arm-none-eabi/lib/thumb/v7e-m+fp/hard\libc_nano.a(libc_a-fopen.o) (_fseek_r)
C:/ST/STM32CubeIDE_1.19.0/STM32CubeIDE/plugins/com.st.stm32cube.ide.mcu.externaltools.gnu-tools-for-stm32.13.3.rel1.win32_1.0.0.202411081344/tools/bin/../lib/gcc/arm-none-eabi/13.3.1/../../../../arm-none-eabi/lib/thumb/v7e-m+fp/hard\libc_nano.a(libc_a-fwalk.o)
[...]
Memory Configuration

Name             Origin             Length             Attributes
RAM              0x20000000         0x00010000         xrw
FLASH            0x08000000         0x00040000         xr
*default*        0x00000000         0xffffffff

Linker script and memory map

LOAD C:/ST/STM32CubeIDE_1.19.0/STM32CubeIDE/plugins/com.st.stm32cube.ide.mcu.externaltools.gnu-tools-for-stm32.13.3.rel1.win32_1.0.0.202411081344/tools/bin/../lib/gcc/arm-none-eabi/13.3.1/thumb/v7e-m+fp/hard/crti.o
LOAD C:/ST/STM32CubeIDE_1.19.0/STM32CubeIDE/plugins/com.st.stm32cube.ide.mcu.externaltools.gnu-tools-for-stm32.13.3.rel1.win32_1.0.0.202411081344/tools/bin/../lib/gcc/arm-none-eabi/13.3.1/thumb/v7e-m+fp/hard/crtbegin.o
LOAD C:/ST/STM32CubeIDE_1.19.0/STM32CubeIDE/plugins/com.st.stm32cube.ide.mcu.externaltools.gnu-tools-for-stm32.13.3.rel1.win32_1.0.0.202411081344/tools/bin/../lib/gcc/arm-none-eabi/13.3.1/../../../../arm-none-eabi/lib/thumb/v7e-m+fp/hard/crt0.o
LOAD ./Core/.metadata/.plugins/org.eclipse.cdt.make.core/specs.o
LOAD ./Core/Src/command_processor.o
LOAD ./Core/Src/freertos.o
LOAD ./Core/Src/led_indicators.o
LOAD ./Core/Src/main.o
LOAD ./Core/Src/motor_control.o
LOAD ./Core/Src/stm32f4xx_hal_msp.o
LOAD ./Core/Src/stm32f4xx_hal_timebase_tim.o
LOAD ./Core/Src/stm32f4xx_it.o
LOAD ./Core/Src/syscalls.o
LOAD ./Core/Src/sysmem.o
LOAD ./Core/Src/system_stm32f4xx.o
LOAD ./Core/Src/tof_sensors.o
LOAD ./Core/Src/uart_comm.o
LOAD ./Core/Src/ultrasonic.o
LOAD ./Core/Src/wall_avoidance.o
LOAD ./Core/Startup/startup_stm32f401rctx.o
LOAD ./Drivers/STM32F4xx_HAL_Driver/Src/stm32f4xx_hal.o
LOAD ./Drivers/STM32F4xx_HAL_Driver/Src/stm32f4xx_hal_adc.o
LOAD ./Drivers/STM32F4xx_HAL_Driver/Src/stm32f4xx_hal_adc_ex.o
LOAD ./Drivers/STM32F4xx_HAL_Driver/Src/stm32f4xx_hal_cortex.o
LOAD ./Drivers/STM32F4xx_HAL_Driver/Src/stm32f4xx_hal_dma.o
LOAD ./Drivers/STM32F4xx_HAL_Driver/Src/stm32f4xx_hal_dma_ex.o
LOAD ./Drivers/STM32F4xx_HAL_Driver/Src/stm32f4xx_hal_exti.o
LOAD ./Drivers/STM32F4xx_HAL_Driver/Src/stm32f4xx_hal_flash.o
LOAD ./Drivers/STM32F4xx_HAL_Driver/Src/stm32f4xx_hal_flash_ex.o
LOAD ./Drivers/STM32F4xx_HAL_Driver/Src/stm32f4xx_hal_flash_ramfunc.o
LOAD ./Drivers/STM32F4xx_HAL_Driver/Src/stm32f4xx_hal_gpio.o
LOAD ./Drivers/STM32F4xx_HAL_Driver/Src/stm32f4xx_hal_pwr.o
LOAD ./Drivers/STM32F4xx_HAL_Driver/Src/stm32f4xx_hal_pwr_ex.o
LOAD ./Drivers/STM32F4xx_HAL_Driver/Src/stm32f4xx_hal_rcc.o
LOAD ./Drivers/STM32F4xx_HAL_Driver/Src/stm32f4xx_hal_rcc_ex.o
LOAD ./Drivers/STM32F4xx_HAL_Driver/Src/stm32f4xx_hal_tim.o
LOAD ./Drivers/STM32F4xx_HAL_Driver/Src/stm32f4xx_hal_tim_ex.o
LOAD ./Drivers/STM32F4xx_HAL_Driver/Src/stm32f4xx_ll_adc.o
LOAD ./Middlewares/Third_Party/FreeRTOS/Source/CMSIS_RTOS/cmsis_os.o
LOAD ./Middlewares/Third_Party/FreeRTOS/Source/croutine.o
LOAD ./Middlewares/Third_Party/FreeRTOS/Source/event_groups.o
LOAD ./Middlewares/Third_Party/FreeRTOS/Source/list.o
LOAD ./Middlewares/Third_Party/FreeRTOS/Source/queue.o
LOAD ./Middlewares/Third_Party/FreeRTOS/Source/stream_buffer.o
LOAD ./Middlewares/Third_Party/FreeRTOS/Source/tasks.o
LOAD ./Middlewares/Third_Party/FreeRTOS/Source/timers.o
LOAD ./Middlewares/Third_Party/FreeRTOS/Source/portable/GCC/ARM_CM4F/port.o
LOAD ./Middlewares/Third_Party/FreeRTOS/Source/portable/MemMang/heap_4.o
LOAD ./Middlewares/Third_Party/vl53l0x_api/core/src/vl53l0x_api.o
LOAD ./Middlewares/Third_Party/vl53l0x_api/core/src/vl53l0x_api_calibration.o
LOAD ./Middlewares/Third_Party/vl53l0x_api/core/src/vl53l0x_api_core.o
LOAD ./Middlewares/Third_Party/vl53l0x_api/core/src/vl53l0x_api_ranging.o
LOAD ./Middlewares/Third_Party/vl53l0x_api/core/src/vl53l0x_api_strings.o
LOAD ./Middlewares/Third_Party/vl53l0x_api/platform/src/vl53l0x_i2c_platform.o
LOAD ./Middlewares/Third_Party/vl53l0x_api/platform/src/vl53l0x_i2c_win_serial_comms.o
LOAD ./Middlewares/Third_Party/vl53l0x_api/platform/src/vl53l0x_platform.o
LOAD ./Middlewares/Third_Party/vl53l0x_api/platform/src/vl53l0x_platform_log.o
START GROUP
LOAD C:/ST/STM32CubeIDE_1.19.0/STM32CubeIDE/plugins/com.st.stm32cube.ide.mcu.externaltools.gnu-tools-for-stm32.13.3.rel1.win32_1.0.0.202411081344/tools/bin/../lib/gcc/arm-none-eabi/13.3.1/../../../../arm-none-eabi/lib/thumb/v7e-m+fp/hard\libc_nano.a
LOAD C:/ST/STM32CubeIDE_1.19.0/STM32CubeIDE/plugins/com.st.stm32cube.ide.mcu.externaltools.gnu-tools-for-stm32.13.3.rel1.win32_1.0.0.202411081344/tools/bin/../lib/gcc/arm-none-eabi/13.3.1/../../../../arm-none-eabi/lib/thumb/v7e-m+fp/hard\libm.a
END GROUP
START GROUP
LOAD C:/ST/STM32CubeIDE_1.19.0/STM32CubeIDE/plugins/com.st.stm32cube.ide.mcu.externaltools.gnu-tools-for-stm32.13.3.rel1.win32_1.0.0.202411081344/tools/bin/../lib/gcc/arm-none-eabi/13.3.1/thumb/v7e-m+fp/hard\libgcc.a
LOAD C:/ST/STM32CubeIDE_1.19.0/STM32CubeIDE/plugins/com.st.stm32cube.ide.mcu.externaltools.gnu-tools-for-stm32.13.3.rel1.win32_1.0.0.202411081344/tools/bin/../lib/gcc/arm-none-eabi/13.3.1/../../../../arm-none-eabi/lib/thumb/v7e-m+fp/hard\libc_nano.a
END GROUP
START GROUP
LOAD C:/ST/STM32CubeIDE_1.19.0/STM32CubeIDE/plugins/com.st.stm32cube.ide.mcu.externaltools.gnu-tools-for-stm32.13.3.rel1.win32_1.0.0.202411081344/tools/bin/../lib/gcc/arm-none-eabi/13.3.1/thumb/v7e-m+fp/hard\libgcc.a
LOAD C:/ST/STM32CubeIDE_1.19.0/STM32CubeIDE/plugins/com.st.stm32cube.ide.mcu.externaltools.gnu-tools-for-stm32.13.3.rel1.win32_1.0.0.202411081344/tools/bin/../lib/gcc/arm-none-eabi/13.3.1/../../../../arm-none-eabi/lib/thumb/v7e-m+fp/hard\libc_nano.a
LOAD C:/ST/STM32CubeIDE_1.19.0/STM32CubeIDE/plugins/com.st.stm32cube.ide.mcu.externaltools.gnu-tools-for-stm32.13.3.rel1.win32_1.0.0.202411081344/tools/bin/../lib/gcc/arm-none-eabi/13.3.1/../../../../arm-none-eabi/lib/thumb/v7e-m+fp/hard\libnosys.a
END GROUP
START GROUP
LOAD C:/ST/STM32CubeIDE_1.19.0/STM32CubeIDE/plugins/com.st.stm32cube.ide.mcu.externaltools.gnu-tools-for-stm32.13.3.rel1.win32_1.0.0.202411081344/tools/bin/../lib/gcc/arm-none-eabi/13.3.1/thumb/v7e-m+fp/hard\libgcc.a
LOAD C:/ST/STM32CubeIDE_1.19.0/STM32CubeIDE/plugins/com.st.stm32cube.ide.mcu.externaltools.gnu-tools-for-stm32.13.3.rel1.win32_1.0.0.202411081344/tools/bin/../lib/gcc/arm-none-eabi/13.3.1/../../../../arm-none-eabi/lib/thumb/v7e-m+fp/hard\libc_nano.a
LOAD C:/ST/STM32CubeIDE_1.19.0/STM32CubeIDE/plugins/com.st.stm32cube.ide.mcu.externaltools.gnu-tools-for-stm32.13.3.rel1.win32_1.0.0.202411081344/tools/bin/../lib/gcc/arm-none-eabi/13.3.1/../../../../arm-none-eabi/lib/thumb/v7e-m+fp/hard\libnosys.a
END GROUP
LOAD C:/ST/STM32CubeIDE_1.19.0/STM32CubeIDE/plugins/com.st.stm32cube.ide.mcu.externaltools.gnu-tools-for-stm32.13.3.rel1.win32_1.0.0.202411081344/tools/bin/../lib/gcc/arm-none-eabi/13.3.1/thumb/v7e-m+fp/hard/crtend.o
LOAD C:/ST/STM32CubeIDE_1.19.0/STM32CubeIDE/plugins/com.st.stm32cube.ide.mcu.externaltools.gnu-tools-for-stm32.13.3.rel1.win32_1.0.0.202411081344/tools/bin/../lib/gcc/arm-none-eabi/13.3.1/thumb/v7e-m+fp/hard/crtn.o
                0x20010000                        _estack = (ORIGIN (RAM) + LENGTH (RAM))
                0x00000200                        _Min_Heap_Size = 0x200
                0x00000400                        _Min_Stack_Size = 0x400

.isr_vector     0x08000000      0x194
                0x08000000                        . = ALIGN (0x4)
 *(.isr_vector)
 .isr_vector    0x08000000      0x194 ./Core/Startup/startup_stm32f401rctx.o
                0x08000000                g_pfnVectors
                0x08000194                        . = ALIGN (0x4)

.text           0x080001a0     0xc9b4
                0x080001a0                        . = ALIGN (0x4)
 *(.text)
 .text          0x080001a0       0x40 C:/ST/STM32CubeIDE_1.19.0/STM32CubeIDE/plugins/com.st.stm32cube.ide.mcu.externaltools.gnu-tools-for-stm32.13.3.rel1.win32_1.0.0.202411081344/tools/bin/../lib/gcc/arm-none-eabi/13.3.1/thumb/v7e-m+fp/hard/crtbegin.o
 .text          0x080001e0       0x30 C:/ST/STM32CubeIDE_1.19.0/STM32CubeIDE/plugins/com.st.stm32cube.ide.mcu.externaltools.gnu-tools-for-stm32.13.3.rel1.win32_1.0.0.202411081344/tools/bin/../lib/gcc/arm-none-eabi/13.3.1/thumb/v7e-m+fp/hard\libgcc.a(_aeabi_uldivmod.o)
                0x080001e0                __aeabi_uldivmod
 .text          0x08000210      0x2f8 C:/ST/STM32CubeIDE_1.19.0/STM32CubeIDE/plugins/com.st.stm32cube.ide.mcu.externaltools.gnu-tools-for-stm32.13.3.rel1.win32_1.0.0.202411081344/tools/bin/../lib/gcc/arm-none-eabi/13.3.1/thumb/v7e-m+fp/hard\libgcc.a(_udivmoddi4.o)
                0x08000210                __udivmoddi4
 .text          0x08000508        0x4 C:/ST/STM32CubeIDE_1.19.0/STM32CubeIDE/plugins/com.st.stm32cube.ide.mcu.externaltools.gnu-tools-for-stm32.13.3.rel1.win32_1.0.0.202411081344/tools/bin/../lib/gcc/arm-none-eabi/13.3.1/thumb/v7e-m+fp/hard\libgcc.a(_dvmd_tls.o)
                0x08000508                __aeabi_idiv0
                0x08000508                __aeabi_ldiv0
 *(.text*)
 .text.Command_Process
                0x0800050c      0x504 ./Core/Src/command_processor.o
                0x0800050c                Command_Process
 .text.Command_SafetyCheck
                0x08000a10       0x38 ./Core/Src/command_processor.o
                0x08000a10                Command_SafetyCheck
 .text.vApplicationGetIdleTaskMemory
                0x08000a48       0x34 ./Core/Src/freertos.o
                0x08000a48                vApplicationGetIdleTaskMemory
 .text.LED_Init
                0x08000a7c       0xc4 ./Core/Src/led_indicators.o
                0x08000a7c                LED_Init
 .text.LED_Toggle_RX
                0x08000b40       0x18 ./Core/Src/led_indicators.o
                0x08000b40                LED_Toggle_RX
 .text.LED_Toggle_TX
                0x08000b58       0x18 ./Core/Src/led_indicators.o
                0x08000b58                LED_Toggle_TX
 .text.LED_Toggle_Heartbeat
                0x08000b70       0x18 ./Core/Src/led_indicators.o
                0x08000b70                LED_Toggle_Heartbeat
 .text.LED_SelfTest
                0x08000b88       0x4c ./Core/Src/led_indicators.o
                0x08000b88                LED_SelfTest
 .text.USART1_IRQHandler
                0x08000bd4        0xc ./Core/Src/main.o
                0x08000bd4                USART1_IRQHandler
 .text.main     0x08000be0      0x180 ./Core/Src/main.o
                0x08000be0                main
 .text.SystemClock_Config
                0x08000d60       0xc0 ./Core/Src/main.o
                0x08000d60                SystemClock_Config
 .text.StartDefaultTask
                0x08000e20       0x58 ./Core/Src/main.o
                0x08000e20                StartDefaultTask
 .text.StartMotorTask
                0x08000e78       0x54 ./Core/Src/main.o
                0x08000e78                StartMotorTask
 .text.HAL_TIM_PeriodElapsedCallback
                0x08000ecc       0x1e ./Core/Src/main.o
                0x08000ecc                HAL_TIM_PeriodElapsedCallback
 .text.Error_Handler
                0x08000eea        0xc ./Core/Src/main.o
                0x08000eea                Error_Handler
 *fill*         0x08000ef6        0x2 
 .text.Motor_GPIO_Init
                0x08000ef8       0x60 ./Core/Src/motor_control.o
                0x08000ef8                Motor_GPIO_Init
 .text.Motor_TIM5_PWM_Init
                0x08000f58      0x108 ./Core/Src/motor_control.o
                0x08000f58                Motor_TIM5_PWM_Init
 .text.Motor_SetSpeed
                0x08001060       0xd8 ./Core/Src/motor_control.o
                0x08001060                Motor_SetSpeed
 .text.Motor_SetSpeed_Smooth
                0x08001138      0x3c4 ./Core/Src/motor_control.o
                0x08001138                Motor_SetSpeed_Smooth
 .text.Motor_Forward
                0x080014fc       0x1e ./Core/Src/motor_control.o
                0x080014fc                Motor_Forward
 .text.Motor_Reverse
                0x0800151a       0x1e ./Core/Src/motor_control.o
                0x0800151a                Motor_Reverse
 .text.Motor_Left
                0x08001538       0x1e ./Core/Src/motor_control.o
                0x08001538                Motor_Left
 .text.Motor_Right
                0x08001556       0x1e ./Core/Src/motor_control.o
                0x08001556                Motor_Right
 .text.Motor_ForwardDifferential
                0x08001574       0x24 ./Core/Src/motor_control.o
                0x08001574                Motor_ForwardDifferential
 .text.Motor_Stop
                0x08001598       0x14 ./Core/Src/motor_control.o
                0x08001598                Motor_Stop
 .text.Motor_Stop_Smooth
                0x080015ac       0x14 ./Core/Src/motor_control.o
                0x080015ac                Motor_Stop_Smooth
 .text.HAL_MspInit
                0x080015c0       0x58 ./Core/Src/stm32f4xx_hal_msp.o
                0x080015c0                HAL_MspInit
 .text.HAL_InitTick
                0x08001618       0xf8 ./Core/Src/stm32f4xx_hal_timebase_tim.o
                0x08001618                HAL_InitTick
 .text.NMI_Handler
                0x08001710        0x8 ./Core/Src/stm32f4xx_it.o
                0x08001710                NMI_Handler
 .text.HardFault_Handler
                0x08001718        0x8 ./Core/Src/stm32f4xx_it.o
                0x08001718                HardFault_Handler
 .text.MemManage_Handler
                0x08001720        0x8 ./Core/Src/stm32f4xx_it.o
                0x08001720                MemManage_Handler
 .text.BusFault_Handler
                0x08001728        0x8 ./Core/Src/stm32f4xx_it.o
                0x08001728                BusFault_Handler
 .text.UsageFault_Handler
                0x08001730        0x8 ./Core/Src/stm32f4xx_it.o
                0x08001730                UsageFault_Handler
 .text.DebugMon_Handler
                0x08001738        0xe ./Core/Src/stm32f4xx_it.o
                0x08001738                DebugMon_Handler
 *fill*         0x08001746        0x2 
 .text.TIM2_IRQHandler
                0x08001748       0x14 ./Core/Src/stm32f4xx_it.o
                0x08001748                TIM2_IRQHandler
 .text.SystemInit
                0x0800175c       0x24 ./Core/Src/system_stm32f4xx.o
                0x0800175c                SystemInit
 .text.ToF_Init
                0x08001780       0x8c ./Core/Src/tof_sensors.o
                0x08001780                ToF_Init
 .text.ToF_GPIO_Init
                0x0800180c       0xc8 ./Core/Src/tof_sensors.o
                0x0800180c                ToF_GPIO_Init
 .text.ToF_I2C_Init
                0x080018d4        0xe ./Core/Src/tof_sensors.o
                0x080018d4                ToF_I2C_Init
 *fill*         0x080018e2        0x2 
 .text.ToF_Sensors_Init
                0x080018e4      0x4ac ./Core/Src/tof_sensors.o
                0x080018e4                ToF_Sensors_Init
 .text.ToF_PowerDown
                0x08001d90       0x34 ./Core/Src/tof_sensors.o
 .text.ToF_PowerUp
                0x08001dc4       0x34 ./Core/Src/tof_sensors.o
 .text.ToF_ConfigureSensor
                0x08001df8       0x40 ./Core/Src/tof_sensors.o
 .text.ToF_GetDevice
                0x08001e38       0x34 ./Core/Src/tof_sensors.o
 .text.ToF_ConfigureWithStApi
                0x08001e6c      0x150 ./Core/Src/tof_sensors.o
 .text.ToF_WriteReg
                0x08001fbc       0x72 ./Core/Src/tof_sensors.o
                0x08001fbc                ToF_WriteReg
 .text.ToF_ReadReg
                0x0800202e       0x88 ./Core/Src/tof_sensors.o
                0x0800202e                ToF_ReadReg
 .text.ToF_ReadMulti
                0x080020b6       0xb6 ./Core/Src/tof_sensors.o
                0x080020b6                ToF_ReadMulti
 .text.ToF_WriteMulti
                0x0800216c       0x90 ./Core/Src/tof_sensors.o
                0x0800216c                ToF_WriteMulti
 .text.ToF_SetAddress
                0x080021fc       0x2c ./Core/Src/tof_sensors.o
                0x080021fc                ToF_SetAddress
 .text.ToF_DecodeStatus
                0x08002228       0x68 ./Core/Src/tof_sensors.o
 .text.ToF_UpdateAll
                0x08002290      0x218 ./Core/Src/tof_sensors.o
                0x08002290                ToF_UpdateAll
 .text.ToF_Task
                0x080024a8       0x68 ./Core/Src/tof_sensors.o
                0x080024a8                ToF_Task
 .text.ToF_GetDistance
                0x08002510       0x3c ./Core/Src/tof_sensors.o
                0x08002510                ToF_GetDistance
 .text.ToF_IsValid
                0x0800254c       0x3c ./Core/Src/tof_sensors.o
                0x0800254c                ToF_IsValid
 .text.ToF_DetectJunction
                0x08002588       0x28 ./Core/Src/tof_sensors.o
                0x08002588                ToF_DetectJunction
 .text.ToF_DetectLeftJunction
                0x080025b0       0x38 ./Core/Src/tof_sensors.o
                0x080025b0                ToF_DetectLeftJunction
 .text.ToF_DetectRightJunction
                0x080025e8       0x10 ./Core/Src/tof_sensors.o
                0x080025e8                ToF_DetectRightJunction
 .text.ToF_DetectFrontObstacle
                0x080025f8       0x82 ./Core/Src/tof_sensors.o
                0x080025f8                ToF_DetectFrontObstacle
 .text.ToF_GetClosestDistance
                0x0800267a       0x52 ./Core/Src/tof_sensors.o
                0x0800267a                ToF_GetClosestDistance
 .text.ToF_SendDistances
                0x080026cc       0x78 ./Core/Src/tof_sensors.o
                0x080026cc                ToF_SendDistances
 .text.ToF_ProcessCommand
                0x08002744      0x4e4 ./Core/Src/tof_sensors.o
                0x08002744                ToF_ProcessCommand
 .text.SW_I2C_Init
                0x08002c28       0x18 ./Core/Src/tof_sensors.o
 .text.SW_I2C_Start
                0x08002c40       0x28 ./Core/Src/tof_sensors.o
 .text.SW_I2C_Stop
                0x08002c68       0x28 ./Core/Src/tof_sensors.o
 .text.SW_I2C_WriteByte
                0x08002c90       0x5c ./Core/Src/tof_sensors.o
 .text.SW_I2C_ReadByte
                0x08002cec       0x86 ./Core/Src/tof_sensors.o
 .text.SW_I2C_WaitAck
                0x08002d72       0x50 ./Core/Src/tof_sensors.o
 *fill*         0x08002dc2        0x2 
 .text.SW_I2C_Delay
                0x08002dc4       0x40 ./Core/Src/tof_sensors.o
 .text.SW_I2C_SDA_OUT
                0x08002e04       0x3c ./Core/Src/tof_sensors.o
 .text.SW_I2C_SDA_IN
                0x08002e40       0x3c ./Core/Src/tof_sensors.o
 .text.SW_I2C_SDA_SET
                0x08002e7c       0x18 ./Core/Src/tof_sensors.o
 .text.SW_I2C_SDA_CLR
                0x08002e94       0x18 ./Core/Src/tof_sensors.o
 .text.SW_I2C_SCL_SET
                0x08002eac       0x18 ./Core/Src/tof_sensors.o
 .text.SW_I2C_SCL_CLR
                0x08002ec4       0x18 ./Core/Src/tof_sensors.o
 .text.SW_I2C_SDA_READ
                0x08002edc       0x24 ./Core/Src/tof_sensors.o
 .text.ToF_LogError
                0x08002f00       0x80 ./Core/Src/tof_sensors.o
 .text.UART_GPIO_Init
                0x08002f80       0x60 ./Core/Src/uart_comm.o
                0x08002f80                UART_GPIO_Init
 .text.UART_Init
                0x08002fe0       0xa4 ./Core/Src/uart_comm.o
                0x08002fe0                UART_Init
 .text.UART_IRQHandler
                0x08003084       0xd8 ./Core/Src/uart_comm.o
                0x08003084                UART_IRQHandler
 .text.UART_SendString
                0x0800315c       0x40 ./Core/Src/uart_comm.o
                0x0800315c                UART_SendString
 .text.UART_SendUInt
                0x0800319c       0xa4 ./Core/Src/uart_comm.o
                0x0800319c                UART_SendUInt
 .text.UART_SendCRLF
                0x08003240       0x3c ./Core/Src/uart_comm.o
                0x08003240                UART_SendCRLF
 .text.DWT_Delay_Init
                0x0800327c       0x34 ./Core/Src/ultrasonic.o
 .text.delay_us
                0x080032b0       0x50 ./Core/Src/ultrasonic.o
 .text.Ultrasonic_Measure_Pin
                0x08003300      0x108 ./Core/Src/ultrasonic.o
 .text.Ultrasonic_GPIO_Init
                0x08003408       0x80 ./Core/Src/ultrasonic.o
                0x08003408                Ultrasonic_GPIO_Init
 .text.Ultrasonic_Init
                0x08003488       0x1c ./Core/Src/ultrasonic.o
                0x08003488                Ultrasonic_Init
 .text.Ultrasonic_MeasureA
                0x080034a4       0x1c ./Core/Src/ultrasonic.o
                0x080034a4                Ultrasonic_MeasureA
 .text.Ultrasonic_MeasureB
                0x080034c0       0x1c ./Core/Src/ultrasonic.o
                0x080034c0                Ultrasonic_MeasureB
 .text.Ultrasonic_MeasureC
                0x080034dc       0x1c ./Core/Src/ultrasonic.o
                0x080034dc                Ultrasonic_MeasureC
 .text.WallAvoidance_Task
                0x080034f8      0x3f0 ./Core/Src/wall_avoidance.o
                0x080034f8                WallAvoidance_Task
 .text.Reset_Handler
                0x080038e8       0x50 ./Core/Startup/startup_stm32f401rctx.o
                0x080038e8                Reset_Handler
 .text.Default_Handler
                0x08003938        0x2 ./Core/Startup/startup_stm32f401rctx.o
                0x08003938                RTC_Alarm_IRQHandler
                0x08003938                EXTI2_IRQHandler
                0x08003938                SPI4_IRQHandler
                0x08003938                TIM1_CC_IRQHandler
                0x08003938                DMA2_Stream5_IRQHandler
                0x08003938                DMA1_Stream5_IRQHandler
                0x08003938                PVD_IRQHandler
                0x08003938                SDIO_IRQHandler
                0x08003938                TAMP_STAMP_IRQHandler
                0x08003938                EXTI3_IRQHandler
                0x08003938                TIM1_UP_TIM10_IRQHandler
                0x08003938                I2C3_ER_IRQHandler
                0x08003938                EXTI0_IRQHandler
                0x08003938                I2C2_EV_IRQHandler
                0x08003938                DMA1_Stream2_IRQHandler
                0x08003938                FPU_IRQHandler
                0x08003938                DMA2_Stream2_IRQHandler
                0x08003938                SPI1_IRQHandler
                0x08003938                TIM1_BRK_TIM9_IRQHandler
                0x08003938                DMA2_Stream3_IRQHandler
                0x08003938                USART6_IRQHandler
                0x08003938                DMA2_Stream0_IRQHandler
                0x08003938                TIM4_IRQHandler
                0x08003938                I2C1_EV_IRQHandler
                0x08003938                DMA1_Stream6_IRQHandler
                0x08003938                DMA1_Stream1_IRQHandler
                0x08003938                TIM3_IRQHandler
                0x08003938                RCC_IRQHandler
                0x08003938                Default_Handler
                0x08003938                EXTI15_10_IRQHandler
                0x08003938                ADC_IRQHandler
                0x08003938                DMA1_Stream7_IRQHandler
                0x08003938                TIM5_IRQHandler
                0x08003938                DMA2_Stream7_IRQHandler
                0x08003938                I2C3_EV_IRQHandler
                0x08003938                EXTI9_5_IRQHandler
                0x08003938                RTC_WKUP_IRQHandler
                0x08003938                SPI2_IRQHandler
                0x08003938                DMA1_Stream0_IRQHandler
                0x08003938                EXTI4_IRQHandler
                0x08003938                WWDG_IRQHandler
                0x08003938                OTG_FS_WKUP_IRQHandler
                0x08003938                TIM1_TRG_COM_TIM11_IRQHandler
                0x08003938                EXTI1_IRQHandler
                0x08003938                USART2_IRQHandler
                0x08003938                I2C2_ER_IRQHandler
                0x08003938                DMA2_Stream1_IRQHandler
                0x08003938                FLASH_IRQHandler
                0x08003938                DMA2_Stream4_IRQHandler
                0x08003938                OTG_FS_IRQHandler
                0x08003938                SPI3_IRQHandler
                0x08003938                DMA1_Stream4_IRQHandler
                0x08003938                I2C1_ER_IRQHandler
                0x08003938                DMA2_Stream6_IRQHandler
                0x08003938                DMA1_Stream3_IRQHandler
 *fill*         0x0800393a        0x2 
 .text.HAL_Init
                0x0800393c       0x44 ./Drivers/STM32F4xx_HAL_Driver/Src/stm32f4xx_hal.o
                0x0800393c                HAL_Init
 .text.HAL_IncTick
                0x08003980       0x28 ./Drivers/STM32F4xx_HAL_Driver/Src/stm32f4xx_hal.o
                0x08003980                HAL_IncTick
 .text.HAL_GetTick
                0x080039a8       0x18 ./Drivers/STM32F4xx_HAL_Driver/Src/stm32f4xx_hal.o
                0x080039a8                HAL_GetTick
 .text.HAL_Delay
                0x080039c0       0x48 ./Drivers/STM32F4xx_HAL_Driver/Src/stm32f4xx_hal.o
                0x080039c0                HAL_Delay
 .text.__NVIC_SetPriorityGrouping
                0x08003a08       0x48 ./Drivers/STM32F4xx_HAL_Driver/Src/stm32f4xx_hal_cortex.o
 .text.__NVIC_GetPriorityGrouping
                0x08003a50       0x1c ./Drivers/STM32F4xx_HAL_Driver/Src/stm32f4xx_hal_cortex.o
 .text.__NVIC_EnableIRQ
                0x08003a6c       0x3c ./Drivers/STM32F4xx_HAL_Driver/Src/stm32f4xx_hal_cortex.o
 .text.__NVIC_SetPriority
                0x08003aa8       0x54 ./Drivers/STM32F4xx_HAL_Driver/Src/stm32f4xx_hal_cortex.o
 .text.NVIC_EncodePriority
                0x08003afc       0x66 ./Drivers/STM32F4xx_HAL_Driver/Src/stm32f4xx_hal_cortex.o
 .text.HAL_NVIC_SetPriorityGrouping
                0x08003b62       0x16 ./Drivers/STM32F4xx_HAL_Driver/Src/stm32f4xx_hal_cortex.o
                0x08003b62                HAL_NVIC_SetPriorityGrouping
 .text.HAL_NVIC_SetPriority
                0x08003b78       0x38 ./Drivers/STM32F4xx_HAL_Driver/Src/stm32f4xx_hal_cortex.o
                0x08003b78                HAL_NVIC_SetPriority
 .text.HAL_NVIC_EnableIRQ
                0x08003bb0       0x1c ./Drivers/STM32F4xx_HAL_Driver/Src/stm32f4xx_hal_cortex.o
                0x08003bb0                HAL_NVIC_EnableIRQ
 .text.HAL_GPIO_Init
                0x08003bcc      0x308 ./Drivers/STM32F4xx_HAL_Driver/Src/stm32f4xx_hal_gpio.o
                0x08003bcc                HAL_GPIO_Init
 .text.HAL_GPIO_ReadPin
                0x08003ed4       0x30 ./Drivers/STM32F4xx_HAL_Driver/Src/stm32f4xx_hal_gpio.o
                0x08003ed4                HAL_GPIO_ReadPin
 .text.HAL_GPIO_WritePin
                0x08003f04       0x32 ./Drivers/STM32F4xx_HAL_Driver/Src/stm32f4xx_hal_gpio.o
                0x08003f04                HAL_GPIO_WritePin
 .text.HAL_GPIO_TogglePin
                0x08003f36       0x34 ./Drivers/STM32F4xx_HAL_Driver/Src/stm32f4xx_hal_gpio.o
                0x08003f36                HAL_GPIO_TogglePin
 *fill*         0x08003f6a        0x2 
 .text.HAL_RCC_OscConfig
                0x08003f6c      0x4f0 ./Drivers/STM32F4xx_HAL_Driver/Src/stm32f4xx_hal_rcc.o
                0x08003f6c                HAL_RCC_OscConfig
 .text.HAL_RCC_ClockConfig
                0x0800445c      0x1cc ./Drivers/STM32F4xx_HAL_Driver/Src/stm32f4xx_hal_rcc.o
                0x0800445c                HAL_RCC_ClockConfig
 .text.HAL_RCC_GetSysClockFreq
                0x08004628      0x18c ./Drivers/STM32F4xx_HAL_Driver/Src/stm32f4xx_hal_rcc.o
                0x08004628                HAL_RCC_GetSysClockFreq
 .text.HAL_RCC_GetHCLKFreq
                0x080047b4       0x18 ./Drivers/STM32F4xx_HAL_Driver/Src/stm32f4xx_hal_rcc.o
                0x080047b4                HAL_RCC_GetHCLKFreq
 .text.HAL_RCC_GetPCLK1Freq
                0x080047cc       0x28 ./Drivers/STM32F4xx_HAL_Driver/Src/stm32f4xx_hal_rcc.o
                0x080047cc                HAL_RCC_GetPCLK1Freq
 .text.HAL_RCC_GetClockConfig
                0x080047f4       0x64 ./Drivers/STM32F4xx_HAL_Driver/Src/stm32f4xx_hal_rcc.o
                0x080047f4                HAL_RCC_GetClockConfig
 .text.HAL_TIM_Base_Init
                0x08004858       0x9e ./Drivers/STM32F4xx_HAL_Driver/Src/stm32f4xx_hal_tim.o
                0x08004858                HAL_TIM_Base_Init
 .text.HAL_TIM_Base_MspInit
                0x080048f6       0x14 ./Drivers/STM32F4xx_HAL_Driver/Src/stm32f4xx_hal_tim.o
                0x080048f6                HAL_TIM_Base_MspInit
 *fill*         0x0800490a        0x2 
 .text.HAL_TIM_Base_Start_IT
                0x0800490c       0xc4 ./Drivers/STM32F4xx_HAL_Driver/Src/stm32f4xx_hal_tim.o
                0x0800490c                HAL_TIM_Base_Start_IT
 .text.HAL_TIM_PWM_Init
                0x080049d0       0x9e ./Drivers/STM32F4xx_HAL_Driver/Src/stm32f4xx_hal_tim.o
                0x080049d0                HAL_TIM_PWM_Init
 .text.HAL_TIM_PWM_MspInit
                0x08004a6e       0x14 ./Drivers/STM32F4xx_HAL_Driver/Src/stm32f4xx_hal_tim.o
                0x08004a6e                HAL_TIM_PWM_MspInit
 *fill*         0x08004a82        0x2 
 .text.HAL_TIM_PWM_Start
                0x08004a84      0x160 ./Drivers/STM32F4xx_HAL_Driver/Src/stm32f4xx_hal_tim.o
                0x08004a84                HAL_TIM_PWM_Start
 .text.HAL_TIM_IRQHandler
                0x08004be4      0x1e0 ./Drivers/STM32F4xx_HAL_Driver/Src/stm32f4xx_hal_tim.o
                0x08004be4                HAL_TIM_IRQHandler
 .text.HAL_TIM_PWM_ConfigChannel
                0x08004dc4      0x184 ./Drivers/STM32F4xx_HAL_Driver/Src/stm32f4xx_hal_tim.o
                0x08004dc4                HAL_TIM_PWM_ConfigChannel
 .text.HAL_TIM_OC_DelayElapsedCallback
                0x08004f48       0x14 ./Drivers/STM32F4xx_HAL_Driver/Src/stm32f4xx_hal_tim.o
                0x08004f48                HAL_TIM_OC_DelayElapsedCallback
 .text.HAL_TIM_IC_CaptureCallback
                0x08004f5c       0x14 ./Drivers/STM32F4xx_HAL_Driver/Src/stm32f4xx_hal_tim.o
                0x08004f5c                HAL_TIM_IC_CaptureCallback
 .text.HAL_TIM_PWM_PulseFinishedCallback
                0x08004f70       0x14 ./Drivers/STM32F4xx_HAL_Driver/Src/stm32f4xx_hal_tim.o
                0x08004f70                HAL_TIM_PWM_PulseFinishedCallback
 .text.HAL_TIM_TriggerCallback
                0x08004f84       0x14 ./Drivers/STM32F4xx_HAL_Driver/Src/stm32f4xx_hal_tim.o
                0x08004f84                HAL_TIM_TriggerCallback
 .text.TIM_Base_SetConfig
                0x08004f98      0x10c ./Drivers/STM32F4xx_HAL_Driver/Src/stm32f4xx_hal_tim.o
                0x08004f98                TIM_Base_SetConfig
 .text.TIM_OC1_SetConfig
                0x080050a4       0xcc ./Drivers/STM32F4xx_HAL_Driver/Src/stm32f4xx_hal_tim.o
 .text.TIM_OC2_SetConfig
                0x08005170       0xd8 ./Drivers/STM32F4xx_HAL_Driver/Src/stm32f4xx_hal_tim.o
                0x08005170                TIM_OC2_SetConfig
 .text.TIM_OC3_SetConfig
                0x08005248       0xd4 ./Drivers/STM32F4xx_HAL_Driver/Src/stm32f4xx_hal_tim.o
 .text.TIM_OC4_SetConfig
                0x0800531c       0xa0 ./Drivers/STM32F4xx_HAL_Driver/Src/stm32f4xx_hal_tim.o
 .text.TIM_CCxChannelCmd
                0x080053bc       0x4a ./Drivers/STM32F4xx_HAL_Driver/Src/stm32f4xx_hal_tim.o
                0x080053bc                TIM_CCxChannelCmd
 .text.HAL_TIMEx_CommutCallback
                0x08005406       0x14 ./Drivers/STM32F4xx_HAL_Driver/Src/stm32f4xx_hal_tim_ex.o
                0x08005406                HAL_TIMEx_CommutCallback
 .text.HAL_TIMEx_BreakCallback
                0x0800541a       0x14 ./Drivers/STM32F4xx_HAL_Driver/Src/stm32f4xx_hal_tim_ex.o
                0x0800541a                HAL_TIMEx_BreakCallback
 .text.makeFreeRtosPriority
                0x0800542e       0x30 ./Middlewares/Third_Party/FreeRTOS/Source/CMSIS_RTOS/cmsis_os.o
 .text.inHandlerMode
                0x0800545e       0x24 ./Middlewares/Third_Party/FreeRTOS/Source/CMSIS_RTOS/cmsis_os.o
 .text.osKernelStart
                0x08005482        0xe ./Middlewares/Third_Party/FreeRTOS/Source/CMSIS_RTOS/cmsis_os.o
                0x08005482                osKernelStart
 .text.osThreadCreate
                0x08005490       0x98 ./Middlewares/Third_Party/FreeRTOS/Source/CMSIS_RTOS/cmsis_os.o
                0x08005490                osThreadCreate
 .text.osDelay  0x08005528       0x28 ./Middlewares/Third_Party/FreeRTOS/Source/CMSIS_RTOS/cmsis_os.o
                0x08005528                osDelay
 .text.osMessageCreate
                0x08005550       0x50 ./Middlewares/Third_Party/FreeRTOS/Source/CMSIS_RTOS/cmsis_os.o
                0x08005550                osMessageCreate
 .text.osMessagePut
                0x080055a0       0x80 ./Middlewares/Third_Party/FreeRTOS/Source/CMSIS_RTOS/cmsis_os.o
                0x080055a0                osMessagePut
 .text.osMessageGet
                0x08005620       0xe8 ./Middlewares/Third_Party/FreeRTOS/Source/CMSIS_RTOS/cmsis_os.o
                0x08005620                osMessageGet
 .text.vListInitialise
                0x08005708       0x40 ./Middlewares/Third_Party/FreeRTOS/Source/list.o
                0x08005708                vListInitialise
 .text.vListInitialiseItem
                0x08005748       0x1a ./Middlewares/Third_Party/FreeRTOS/Source/list.o
                0x08005748                vListInitialiseItem
 .text.vListInsertEnd
                0x08005762       0x48 ./Middlewares/Third_Party/FreeRTOS/Source/list.o
                0x08005762                vListInsertEnd
 .text.vListInsert
                0x080057aa       0x72 ./Middlewares/Third_Party/FreeRTOS/Source/list.o
                0x080057aa                vListInsert
 .text.uxListRemove
                0x0800581c       0x54 ./Middlewares/Third_Party/FreeRTOS/Source/list.o
                0x0800581c                uxListRemove
 .text.xQueueGenericReset
                0x08005870       0xd4 ./Middlewares/Third_Party/FreeRTOS/Source/queue.o
                0x08005870                xQueueGenericReset
 .text.xQueueGenericCreateStatic
                0x08005944       0xfa ./Middlewares/Third_Party/FreeRTOS/Source/queue.o
                0x08005944                xQueueGenericCreateStatic
 .text.xQueueGenericCreate
                0x08005a3e       0x76 ./Middlewares/Third_Party/FreeRTOS/Source/queue.o
                0x08005a3e                xQueueGenericCreate
 .text.prvInitialiseNewQueue
                0x08005ab4       0x3e ./Middlewares/Third_Party/FreeRTOS/Source/queue.o
 *fill*         0x08005af2        0x2 
 .text.xQueueGenericSend
                0x08005af4      0x204 ./Middlewares/Third_Party/FreeRTOS/Source/queue.o
                0x08005af4                xQueueGenericSend
 .text.xQueueGenericSendFromISR
                0x08005cf8      0x13c ./Middlewares/Third_Party/FreeRTOS/Source/queue.o
                0x08005cf8                xQueueGenericSendFromISR
 .text.xQueueReceive
                0x08005e34      0x1c4 ./Middlewares/Third_Party/FreeRTOS/Source/queue.o
                0x08005e34                xQueueReceive
 .text.xQueueReceiveFromISR
                0x08005ff8      0x104 ./Middlewares/Third_Party/FreeRTOS/Source/queue.o
                0x08005ff8                xQueueReceiveFromISR
 .text.prvCopyDataToQueue
                0x080060fc       0xd4 ./Middlewares/Third_Party/FreeRTOS/Source/queue.o
 .text.prvCopyDataFromQueue
                0x080061d0       0x4c ./Middlewares/Third_Party/FreeRTOS/Source/queue.o
 .text.prvUnlockQueue
                0x0800621c       0xa4 ./Middlewares/Third_Party/FreeRTOS/Source/queue.o
 .text.prvIsQueueEmpty
                0x080062c0       0x2c ./Middlewares/Third_Party/FreeRTOS/Source/queue.o
 .text.prvIsQueueFull
                0x080062ec       0x30 ./Middlewares/Third_Party/FreeRTOS/Source/queue.o
 .text.xTaskCreateStatic
                0x0800631c       0xc0 ./Middlewares/Third_Party/FreeRTOS/Source/tasks.o
                0x0800631c                xTaskCreateStatic
 .text.xTaskCreate
                0x080063dc       0x8a ./Middlewares/Third_Party/FreeRTOS/Source/tasks.o
                0x080063dc                xTaskCreate
 *fill*         0x08006466        0x2 
 .text.prvInitialiseNewTask
                0x08006468      0x140 ./Middlewares/Third_Party/FreeRTOS/Source/tasks.o
 .text.prvAddNewTaskToReadyList
                0x080065a8       0xd4 ./Middlewares/Third_Party/FreeRTOS/Source/tasks.o
 .text.vTaskDelay
                0x0800667c       0x6c ./Middlewares/Third_Party/FreeRTOS/Source/tasks.o
                0x0800667c                vTaskDelay
 .text.vTaskStartScheduler
                0x080066e8       0xd4 ./Middlewares/Third_Party/FreeRTOS/Source/tasks.o
                0x080066e8                vTaskStartScheduler
 .text.vTaskSuspendAll
                0x080067bc       0x1c ./Middlewares/Third_Party/FreeRTOS/Source/tasks.o
                0x080067bc                vTaskSuspendAll
 .text.xTaskResumeAll
                0x080067d8      0x13c ./Middlewares/Third_Party/FreeRTOS/Source/tasks.o
                0x080067d8                xTaskResumeAll
 .text.xTaskIncrementTick
                0x08006914      0x174 ./Middlewares/Third_Party/FreeRTOS/Source/tasks.o
                0x08006914                xTaskIncrementTick
 .text.vTaskSwitchContext
                0x08006a88       0xc8 ./Middlewares/Third_Party/FreeRTOS/Source/tasks.o
                0x08006a88                vTaskSwitchContext
 .text.vTaskPlaceOnEventList
                0x08006b50       0x4c ./Middlewares/Third_Party/FreeRTOS/Source/tasks.o
                0x08006b50                vTaskPlaceOnEventList
 .text.xTaskRemoveFromEventList
                0x08006b9c       0xc8 ./Middlewares/Third_Party/FreeRTOS/Source/tasks.o
                0x08006b9c                xTaskRemoveFromEventList
 .text.vTaskInternalSetTimeOutState
                0x08006c64       0x2c ./Middlewares/Third_Party/FreeRTOS/Source/tasks.o
                0x08006c64                vTaskInternalSetTimeOutState
 .text.xTaskCheckForTimeOut
                0x08006c90       0xc8 ./Middlewares/Third_Party/FreeRTOS/Source/tasks.o
                0x08006c90                xTaskCheckForTimeOut
 .text.vTaskMissedYield
                0x08006d58       0x18 ./Middlewares/Third_Party/FreeRTOS/Source/tasks.o
                0x08006d58                vTaskMissedYield
 .text.prvIdleTask
                0x08006d70       0x30 ./Middlewares/Third_Party/FreeRTOS/Source/tasks.o
 .text.prvInitialiseTaskLists
                0x08006da0       0x80 ./Middlewares/Third_Party/FreeRTOS/Source/tasks.o
 .text.prvCheckTasksWaitingTermination
                0x08006e20       0x5c ./Middlewares/Third_Party/FreeRTOS/Source/tasks.o
 .text.prvDeleteTCB
                0x08006e7c       0x6a ./Middlewares/Third_Party/FreeRTOS/Source/tasks.o
 *fill*         0x08006ee6        0x2 
 .text.prvResetNextTaskUnblockTime
                0x08006ee8       0x40 ./Middlewares/Third_Party/FreeRTOS/Source/tasks.o
 .text.xTaskGetSchedulerState
                0x08006f28       0x3c ./Middlewares/Third_Party/FreeRTOS/Source/tasks.o
                0x08006f28                xTaskGetSchedulerState
 .text.xTaskPriorityDisinherit
                0x08006f64      0x110 ./Middlewares/Third_Party/FreeRTOS/Source/tasks.o
                0x08006f64                xTaskPriorityDisinherit
 .text.prvAddCurrentTaskToDelayedList
                0x08007074       0xcc ./Middlewares/Third_Party/FreeRTOS/Source/tasks.o
 .text.pxPortInitialiseStack
                0x08007140       0x68 ./Middlewares/Third_Party/FreeRTOS/Source/portable/GCC/ARM_CM4F/port.o
                0x08007140                pxPortInitialiseStack
 .text.prvTaskExitError
                0x080071a8       0x5c ./Middlewares/Third_Party/FreeRTOS/Source/portable/GCC/ARM_CM4F/port.o
 *fill*         0x08007204        0xc 
 .text.SVC_Handler
                0x08007210       0x28 ./Middlewares/Third_Party/FreeRTOS/Source/portable/GCC/ARM_CM4F/port.o
                0x08007210                SVC_Handler
 .text.prvPortStartFirstTask
                0x08007238       0x28 ./Middlewares/Third_Party/FreeRTOS/Source/portable/GCC/ARM_CM4F/port.o
 .text.xPortStartScheduler
                0x08007260      0x148 ./Middlewares/Third_Party/FreeRTOS/Source/portable/GCC/ARM_CM4F/port.o
                0x08007260                xPortStartScheduler
 .text.vPortEnterCritical
                0x080073a8       0x64 ./Middlewares/Third_Party/FreeRTOS/Source/portable/GCC/ARM_CM4F/port.o
                0x080073a8                vPortEnterCritical
 .text.vPortExitCritical
                0x0800740c       0x54 ./Middlewares/Third_Party/FreeRTOS/Source/portable/GCC/ARM_CM4F/port.o
                0x0800740c                vPortExitCritical
 .text.PendSV_Handler
                0x08007460       0x68 ./Middlewares/Third_Party/FreeRTOS/Source/portable/GCC/ARM_CM4F/port.o
                0x08007460                PendSV_Handler
 .text.SysTick_Handler
                0x080074c8       0x44 ./Middlewares/Third_Party/FreeRTOS/Source/portable/GCC/ARM_CM4F/port.o
                0x080074c8                SysTick_Handler
 .text.vPortSetupTimerInterrupt
                0x0800750c       0x48 ./Middlewares/Third_Party/FreeRTOS/Source/portable/GCC/ARM_CM4F/port.o
                0x0800750c                vPortSetupTimerInterrupt
 .text.vPortEnableVFP
                0x08007554       0x14 ./Middlewares/Third_Party/FreeRTOS/Source/portable/GCC/ARM_CM4F/port.o
 .text.vPortValidateInterruptPriority
                0x08007568       0x84 ./Middlewares/Third_Party/FreeRTOS/Source/portable/GCC/ARM_CM4F/port.o
                0x08007568                vPortValidateInterruptPriority
 .text.pvPortMalloc
                0x080075ec      0x19c ./Middlewares/Third_Party/FreeRTOS/Source/portable/MemMang/heap_4.o
                0x080075ec                pvPortMalloc
 .text.vPortFree
                0x08007788       0xc8 ./Middlewares/Third_Party/FreeRTOS/Source/portable/MemMang/heap_4.o
                0x08007788                vPortFree
 .text.prvHeapInit
                0x08007850       0xc4 ./Middlewares/Third_Party/FreeRTOS/Source/portable/MemMang/heap_4.o
 .text.prvInsertBlockIntoFreeList
                0x08007914       0xb4 ./Middlewares/Third_Party/FreeRTOS/Source/portable/MemMang/heap_4.o
 .text.VL53L0X_GetOffsetCalibrationDataMicroMeter
                0x080079c8       0x26 ./Middlewares/Third_Party/vl53l0x_api/core/src/vl53l0x_api.o
                0x080079c8                VL53L0X_GetOffsetCalibrationDataMicroMeter
 *fill*         0x080079ee        0x2 
 .text.VL53L0X_DataInit
                0x080079f0      0x30c ./Middlewares/Third_Party/vl53l0x_api/core/src/vl53l0x_api.o
                0x080079f0                VL53L0X_DataInit
 .text.VL53L0X_StaticInit
                0x08007cfc      0x304 ./Middlewares/Third_Party/vl53l0x_api/core/src/vl53l0x_api.o
                0x08007cfc                VL53L0X_StaticInit
 .text.VL53L0X_GetDeviceParameters
                0x08008000      0x16a ./Middlewares/Third_Party/vl53l0x_api/core/src/vl53l0x_api.o
                0x08008000                VL53L0X_GetDeviceParameters
 *fill*         0x0800816a        0x2 
 .text.VL53L0X_SetDeviceMode
                0x0800816c       0x58 ./Middlewares/Third_Party/vl53l0x_api/core/src/vl53l0x_api.o
                0x0800816c                VL53L0X_SetDeviceMode
 .text.VL53L0X_GetDeviceMode
                0x080081c4       0x26 ./Middlewares/Third_Party/vl53l0x_api/core/src/vl53l0x_api.o
                0x080081c4                VL53L0X_GetDeviceMode
 .text.VL53L0X_GetFractionEnable
                0x080081ea       0x3e ./Middlewares/Third_Party/vl53l0x_api/core/src/vl53l0x_api.o
                0x080081ea                VL53L0X_GetFractionEnable
 .text.VL53L0X_SetMeasurementTimingBudgetMicroSeconds
                0x08008228       0x26 ./Middlewares/Third_Party/vl53l0x_api/core/src/vl53l0x_api.o
                0x08008228                VL53L0X_SetMeasurementTimingBudgetMicroSeconds
 .text.VL53L0X_GetMeasurementTimingBudgetMicroSeconds
                0x0800824e       0x26 ./Middlewares/Third_Party/vl53l0x_api/core/src/vl53l0x_api.o
                0x0800824e                VL53L0X_GetMeasurementTimingBudgetMicroSeconds
 .text.VL53L0X_SetVcselPulsePeriod
                0x08008274       0x30 ./Middlewares/Third_Party/vl53l0x_api/core/src/vl53l0x_api.o
                0x08008274                VL53L0X_SetVcselPulsePeriod
 .text.VL53L0X_GetVcselPulsePeriod
                0x080082a4       0x2e ./Middlewares/Third_Party/vl53l0x_api/core/src/vl53l0x_api.o
                0x080082a4                VL53L0X_GetVcselPulsePeriod
 *fill*         0x080082d2        0x2 
 .text.VL53L0X_SetSequenceStepEnable
                0x080082d4      0x140 ./Middlewares/Third_Party/vl53l0x_api/core/src/vl53l0x_api.o
                0x080082d4                VL53L0X_SetSequenceStepEnable
 .text.sequence_step_enabled
                0x08008414       0xa4 ./Middlewares/Third_Party/vl53l0x_api/core/src/vl53l0x_api.o
                0x08008414                sequence_step_enabled
 .text.VL53L0X_GetSequenceStepEnables
                0x080084b8       0xb0 ./Middlewares/Third_Party/vl53l0x_api/core/src/vl53l0x_api.o
                0x080084b8                VL53L0X_GetSequenceStepEnables
 .text.VL53L0X_GetInterMeasurementPeriodMilliSeconds
                0x08008568       0x68 ./Middlewares/Third_Party/vl53l0x_api/core/src/vl53l0x_api.o
                0x08008568                VL53L0X_GetInterMeasurementPeriodMilliSeconds
 .text.VL53L0X_GetXTalkCompensationEnable
                0x080085d0       0x2a ./Middlewares/Third_Party/vl53l0x_api/core/src/vl53l0x_api.o
                0x080085d0                VL53L0X_GetXTalkCompensationEnable
 .text.VL53L0X_GetXTalkCompensationRateMegaCps
                0x080085fa       0x66 ./Middlewares/Third_Party/vl53l0x_api/core/src/vl53l0x_api.o
                0x080085fa                VL53L0X_GetXTalkCompensationRateMegaCps
 .text.VL53L0X_SetLimitCheckEnable
                0x08008660      0x118 ./Middlewares/Third_Party/vl53l0x_api/core/src/vl53l0x_api.o
                0x08008660                VL53L0X_SetLimitCheckEnable
 .text.VL53L0X_GetLimitCheckEnable
                0x08008778       0x46 ./Middlewares/Third_Party/vl53l0x_api/core/src/vl53l0x_api.o
                0x08008778                VL53L0X_GetLimitCheckEnable
 *fill*         0x080087be        0x2 
 .text.VL53L0X_SetLimitCheckValue
                0x080087c0       0xc4 ./Middlewares/Third_Party/vl53l0x_api/core/src/vl53l0x_api.o
                0x080087c0                VL53L0X_SetLimitCheckValue
 .text.VL53L0X_GetLimitCheckValue
                0x08008884      0x11c ./Middlewares/Third_Party/vl53l0x_api/core/src/vl53l0x_api.o
                0x08008884                VL53L0X_GetLimitCheckValue
 .text.VL53L0X_GetWrapAroundCheckEnable
                0x080089a0       0x64 ./Middlewares/Third_Party/vl53l0x_api/core/src/vl53l0x_api.o
                0x080089a0                VL53L0X_GetWrapAroundCheckEnable
 .text.VL53L0X_PerformSingleMeasurement
                0x08008a04       0x68 ./Middlewares/Third_Party/vl53l0x_api/core/src/vl53l0x_api.o
                0x08008a04                VL53L0X_PerformSingleMeasurement
 .text.VL53L0X_PerformRefCalibration
                0x08008a6c       0x2c ./Middlewares/Third_Party/vl53l0x_api/core/src/vl53l0x_api.o
                0x08008a6c                VL53L0X_PerformRefCalibration
 .text.VL53L0X_CheckAndLoadInterruptSettings
                0x08008a98      0x1e4 ./Middlewares/Third_Party/vl53l0x_api/core/src/vl53l0x_api.o
                0x08008a98                VL53L0X_CheckAndLoadInterruptSettings
 .text.VL53L0X_StartMeasurement
                0x08008c7c      0x184 ./Middlewares/Third_Party/vl53l0x_api/core/src/vl53l0x_api.o
                0x08008c7c                VL53L0X_StartMeasurement
 .text.VL53L0X_GetMeasurementDataReady
                0x08008e00       0x80 ./Middlewares/Third_Party/vl53l0x_api/core/src/vl53l0x_api.o
                0x08008e00                VL53L0X_GetMeasurementDataReady
 .text.VL53L0X_GetRangingMeasurementData
                0x08008e80      0x238 ./Middlewares/Third_Party/vl53l0x_api/core/src/vl53l0x_api.o
                0x08008e80                VL53L0X_GetRangingMeasurementData
 .text.VL53L0X_PerformSingleRangingMeasurement
                0x080090b8       0x60 ./Middlewares/Third_Party/vl53l0x_api/core/src/vl53l0x_api.o
                0x080090b8                VL53L0X_PerformSingleRangingMeasurement
 .text.VL53L0X_SetGpioConfig
                0x08009118      0x244 ./Middlewares/Third_Party/vl53l0x_api/core/src/vl53l0x_api.o
                0x08009118                VL53L0X_SetGpioConfig
 .text.VL53L0X_GetInterruptThresholds
                0x0800935c       0x68 ./Middlewares/Third_Party/vl53l0x_api/core/src/vl53l0x_api.o
                0x0800935c                VL53L0X_GetInterruptThresholds
 .text.VL53L0X_ClearInterruptMask
                0x080093c4       0x80 ./Middlewares/Third_Party/vl53l0x_api/core/src/vl53l0x_api.o
                0x080093c4                VL53L0X_ClearInterruptMask
 .text.VL53L0X_GetInterruptMaskStatus
                0x08009444       0x44 ./Middlewares/Third_Party/vl53l0x_api/core/src/vl53l0x_api.o
                0x08009444                VL53L0X_GetInterruptMaskStatus
 .text.VL53L0X_PerformRefSpadManagement
                0x08009488       0x2a ./Middlewares/Third_Party/vl53l0x_api/core/src/vl53l0x_api.o
                0x08009488                VL53L0X_PerformRefSpadManagement
 .text.VL53L0X_get_offset_calibration_data_micro_meter
                0x080094b2       0x7e ./Middlewares/Third_Party/vl53l0x_api/core/src/vl53l0x_api_calibration.o
                0x080094b2                VL53L0X_get_offset_calibration_data_micro_meter
 .text.get_next_good_spad
                0x08009530       0xbc ./Middlewares/Third_Party/vl53l0x_api/core/src/vl53l0x_api_calibration.o
                0x08009530                get_next_good_spad
 .text.is_aperture
                0x080095ec       0x34 ./Middlewares/Third_Party/vl53l0x_api/core/src/vl53l0x_api_calibration.o
                0x080095ec                is_aperture
 .text.enable_spad_bit
                0x08009620       0x70 ./Middlewares/Third_Party/vl53l0x_api/core/src/vl53l0x_api_calibration.o
                0x08009620                enable_spad_bit
 .text.set_ref_spad_map
                0x08009690       0x26 ./Middlewares/Third_Party/vl53l0x_api/core/src/vl53l0x_api_calibration.o
                0x08009690                set_ref_spad_map
 .text.get_ref_spad_map
                0x080096b6       0x26 ./Middlewares/Third_Party/vl53l0x_api/core/src/vl53l0x_api_calibration.o
                0x080096b6                get_ref_spad_map
 .text.enable_ref_spads
                0x080096dc       0xf8 ./Middlewares/Third_Party/vl53l0x_api/core/src/vl53l0x_api_calibration.o
                0x080096dc                enable_ref_spads
 .text.perform_ref_signal_measurement
                0x080097d4       0xd4 ./Middlewares/Third_Party/vl53l0x_api/core/src/vl53l0x_api_calibration.o
                0x080097d4                perform_ref_signal_measurement
 .text.VL53L0X_perform_ref_spad_management
                0x080098a8      0x418 ./Middlewares/Third_Party/vl53l0x_api/core/src/vl53l0x_api_calibration.o
                0x080098a8                VL53L0X_perform_ref_spad_management
 .text.VL53L0X_set_reference_spads
                0x08009cc0      0x14a ./Middlewares/Third_Party/vl53l0x_api/core/src/vl53l0x_api_calibration.o
                0x08009cc0                VL53L0X_set_reference_spads
 .text.VL53L0X_perform_single_ref_calibration
                0x08009e0a       0x76 ./Middlewares/Third_Party/vl53l0x_api/core/src/vl53l0x_api_calibration.o
                0x08009e0a                VL53L0X_perform_single_ref_calibration
 .text.VL53L0X_ref_calibration_io
                0x08009e80      0x132 ./Middlewares/Third_Party/vl53l0x_api/core/src/vl53l0x_api_calibration.o
                0x08009e80                VL53L0X_ref_calibration_io
 .text.VL53L0X_perform_vhv_calibration
                0x08009fb2       0xce ./Middlewares/Third_Party/vl53l0x_api/core/src/vl53l0x_api_calibration.o
                0x08009fb2                VL53L0X_perform_vhv_calibration
 .text.VL53L0X_perform_phase_calibration
                0x0800a080       0xca ./Middlewares/Third_Party/vl53l0x_api/core/src/vl53l0x_api_calibration.o
                0x0800a080                VL53L0X_perform_phase_calibration
 .text.VL53L0X_perform_ref_calibration
                0x0800a14a       0x7a ./Middlewares/Third_Party/vl53l0x_api/core/src/vl53l0x_api_calibration.o
                0x0800a14a                VL53L0X_perform_ref_calibration
 .text.VL53L0X_measurement_poll_for_completion
                0x0800a1c4       0x60 ./Middlewares/Third_Party/vl53l0x_api/core/src/vl53l0x_api_core.o
                0x0800a1c4                VL53L0X_measurement_poll_for_completion
 .text.VL53L0X_decode_vcsel_period
                0x0800a224       0x26 ./Middlewares/Third_Party/vl53l0x_api/core/src/vl53l0x_api_core.o
                0x0800a224                VL53L0X_decode_vcsel_period
 .text.VL53L0X_encode_vcsel_period
                0x0800a24a       0x26 ./Middlewares/Third_Party/vl53l0x_api/core/src/vl53l0x_api_core.o
                0x0800a24a                VL53L0X_encode_vcsel_period
 .text.VL53L0X_isqrt
                0x0800a270       0x68 ./Middlewares/Third_Party/vl53l0x_api/core/src/vl53l0x_api_core.o
                0x0800a270                VL53L0X_isqrt
 .text.VL53L0X_device_read_strobe
                0x0800a2d8       0x86 ./Middlewares/Third_Party/vl53l0x_api/core/src/vl53l0x_api_core.o
                0x0800a2d8                VL53L0X_device_read_strobe
 .text.VL53L0X_get_info_from_device
                0x0800a35e      0x99c ./Middlewares/Third_Party/vl53l0x_api/core/src/vl53l0x_api_core.o
                0x0800a35e                VL53L0X_get_info_from_device
 .text.VL53L0X_calc_macro_period_ps
                0x0800acfa       0x3c ./Middlewares/Third_Party/vl53l0x_api/core/src/vl53l0x_api_core.o
                0x0800acfa                VL53L0X_calc_macro_period_ps
 .text.VL53L0X_encode_timeout
                0x0800ad36       0x54 ./Middlewares/Third_Party/vl53l0x_api/core/src/vl53l0x_api_core.o
                0x0800ad36                VL53L0X_encode_timeout
 .text.VL53L0X_decode_timeout
                0x0800ad8a       0x2c ./Middlewares/Third_Party/vl53l0x_api/core/src/vl53l0x_api_core.o
                0x0800ad8a                VL53L0X_decode_timeout
 *fill*         0x0800adb6        0x2 
 .text.VL53L0X_calc_timeout_mclks
                0x0800adb8       0x54 ./Middlewares/Third_Party/vl53l0x_api/core/src/vl53l0x_api_core.o
                0x0800adb8                VL53L0X_calc_timeout_mclks
 .text.VL53L0X_calc_timeout_us
                0x0800ae0c       0x54 ./Middlewares/Third_Party/vl53l0x_api/core/src/vl53l0x_api_core.o
                0x0800ae0c                VL53L0X_calc_timeout_us
 .text.get_sequence_step_timeout
                0x0800ae60      0x1c0 ./Middlewares/Third_Party/vl53l0x_api/core/src/vl53l0x_api_core.o
                0x0800ae60                get_sequence_step_timeout
 .text.set_sequence_step_timeout
                0x0800b020      0x1e4 ./Middlewares/Third_Party/vl53l0x_api/core/src/vl53l0x_api_core.o
                0x0800b020                set_sequence_step_timeout
 .text.VL53L0X_set_vcsel_pulse_period
                0x0800b204      0x50e ./Middlewares/Third_Party/vl53l0x_api/core/src/vl53l0x_api_core.o
                0x0800b204                VL53L0X_set_vcsel_pulse_period
 .text.VL53L0X_get_vcsel_pulse_period
                0x0800b712       0x6e ./Middlewares/Third_Party/vl53l0x_api/core/src/vl53l0x_api_core.o
                0x0800b712                VL53L0X_get_vcsel_pulse_period
 .text.VL53L0X_set_measurement_timing_budget_micro_seconds
                0x0800b780      0x1a6 ./Middlewares/Third_Party/vl53l0x_api/core/src/vl53l0x_api_core.o
                0x0800b780                VL53L0X_set_measurement_timing_budget_micro_seconds
 .text.VL53L0X_get_measurement_timing_budget_micro_seconds
                0x0800b926      0x162 ./Middlewares/Third_Party/vl53l0x_api/core/src/vl53l0x_api_core.o
                0x0800b926                VL53L0X_get_measurement_timing_budget_micro_seconds
 .text.VL53L0X_load_tuning_settings
                0x0800ba88      0x1c4 ./Middlewares/Third_Party/vl53l0x_api/core/src/vl53l0x_api_core.o
                0x0800ba88                VL53L0X_load_tuning_settings
 .text.VL53L0X_get_total_xtalk_rate
                0x0800bc4c       0x5e ./Middlewares/Third_Party/vl53l0x_api/core/src/vl53l0x_api_core.o
                0x0800bc4c                VL53L0X_get_total_xtalk_rate
 .text.VL53L0X_get_total_signal_rate
                0x0800bcaa       0x4a ./Middlewares/Third_Party/vl53l0x_api/core/src/vl53l0x_api_core.o
                0x0800bcaa                VL53L0X_get_total_signal_rate
 .text.get_dmax_lut_points
                0x0800bcf4       0x8e ./Middlewares/Third_Party/vl53l0x_api/core/src/vl53l0x_api_core.o
                0x0800bcf4                get_dmax_lut_points
 .text.VL53L0X_calc_dmax
                0x0800bd82      0x14c ./Middlewares/Third_Party/vl53l0x_api/core/src/vl53l0x_api_core.o
                0x0800bd82                VL53L0X_calc_dmax
 *fill*         0x0800bece        0x2 
 .text.VL53L0X_calc_sigma_estimate
                0x0800bed0      0x45c ./Middlewares/Third_Party/vl53l0x_api/core/src/vl53l0x_api_core.o
                0x0800bed0                VL53L0X_calc_sigma_estimate
 .text.VL53L0X_get_pal_range_status
                0x0800c32c      0x3c4 ./Middlewares/Third_Party/vl53l0x_api/core/src/vl53l0x_api_core.o
                0x0800c32c                VL53L0X_get_pal_range_status
 .text.ToF_MapHalStatus
                0x0800c6f0       0x24 ./Middlewares/Third_Party/vl53l0x_api/platform/src/vl53l0x_platform.o
 .text.VL53L0X_WriteMulti
                0x0800c714       0x42 ./Middlewares/Third_Party/vl53l0x_api/platform/src/vl53l0x_platform.o
                0x0800c714                VL53L0X_WriteMulti
 .text.VL53L0X_ReadMulti
                0x0800c756       0x42 ./Middlewares/Third_Party/vl53l0x_api/platform/src/vl53l0x_platform.o
                0x0800c756                VL53L0X_ReadMulti
 .text.VL53L0X_WrByte
                0x0800c798       0x32 ./Middlewares/Third_Party/vl53l0x_api/platform/src/vl53l0x_platform.o
                0x0800c798                VL53L0X_WrByte
 .text.VL53L0X_WrWord
                0x0800c7ca       0x38 ./Middlewares/Third_Party/vl53l0x_api/platform/src/vl53l0x_platform.o
                0x0800c7ca                VL53L0X_WrWord
 .text.VL53L0X_UpdateByte
                0x0800c802       0x64 ./Middlewares/Third_Party/vl53l0x_api/platform/src/vl53l0x_platform.o
                0x0800c802                VL53L0X_UpdateByte
 .text.VL53L0X_RdByte
                0x0800c866       0x30 ./Middlewares/Third_Party/vl53l0x_api/platform/src/vl53l0x_platform.o
                0x0800c866                VL53L0X_RdByte
 .text.VL53L0X_RdWord
                0x0800c896       0x4e ./Middlewares/Third_Party/vl53l0x_api/platform/src/vl53l0x_platform.o
                0x0800c896                VL53L0X_RdWord
 .text.VL53L0X_RdDWord
                0x0800c8e4       0x50 ./Middlewares/Third_Party/vl53l0x_api/platform/src/vl53l0x_platform.o
                0x0800c8e4                VL53L0X_RdDWord
 .text.VL53L0X_PollingDelay
                0x0800c934       0x18 ./Middlewares/Third_Party/vl53l0x_api/platform/src/vl53l0x_platform.o
                0x0800c934                VL53L0X_PollingDelay
 .text.__malloc_lock
                0x0800c94c        0xc C:/ST/STM32CubeIDE_1.19.0/STM32CubeIDE/plugins/com.st.stm32cube.ide.mcu.externaltools.gnu-tools-for-stm32.13.3.rel1.win32_1.0.0.202411081344/tools/bin/../lib/gcc/arm-none-eabi/13.3.1/../../../../arm-none-eabi/lib/thumb/v7e-m+fp/hard\libc_nano.a(libc_a-mlock.o)
                0x0800c94c                __malloc_lock
 .text.__malloc_unlock
                0x0800c958        0xc C:/ST/STM32CubeIDE_1.19.0/STM32CubeIDE/plugins/com.st.stm32cube.ide.mcu.externaltools.gnu-tools-for-stm32.13.3.rel1.win32_1.0.0.202411081344/tools/bin/../lib/gcc/arm-none-eabi/13.3.1/../../../../arm-none-eabi/lib/thumb/v7e-m+fp/hard\libc_nano.a(libc_a-mlock.o)
                0x0800c958                __malloc_unlock
 .text.memset   0x0800c964       0x10 C:/ST/STM32CubeIDE_1.19.0/STM32CubeIDE/plugins/com.st.stm32cube.ide.mcu.externaltools.gnu-tools-for-stm32.13.3.rel1.win32_1.0.0.202411081344/tools/bin/../lib/gcc/arm-none-eabi/13.3.1/../../../../arm-none-eabi/lib/thumb/v7e-m+fp/hard\libc_nano.a(libc_a-memset.o)
                0x0800c964                memset
 .text._reclaim_reent
                0x0800c974       0xbc C:/ST/STM32CubeIDE_1.19.0/STM32CubeIDE/plugins/com.st.stm32cube.ide.mcu.externaltools.gnu-tools-for-stm32.13.3.rel1.win32_1.0.0.202411081344/tools/bin/../lib/gcc/arm-none-eabi/13.3.1/../../../../arm-none-eabi/lib/thumb/v7e-m+fp/hard\libc_nano.a(libc_a-reent.o)
                0x0800c974                _reclaim_reent
 .text.__libc_init_array
                0x0800ca30       0x48 C:/ST/STM32CubeIDE_1.19.0/STM32CubeIDE/plugins/com.st.stm32cube.ide.mcu.externaltools.gnu-tools-for-stm32.13.3.rel1.win32_1.0.0.202411081344/tools/bin/../lib/gcc/arm-none-eabi/13.3.1/../../../../arm-none-eabi/lib/thumb/v7e-m+fp/hard\libc_nano.a(libc_a-init.o)
                0x0800ca30                __libc_init_array
 .text.__retarget_lock_acquire_recursive
                0x0800ca78        0x2 C:/ST/STM32CubeIDE_1.19.0/STM32CubeIDE/plugins/com.st.stm32cube.ide.mcu.externaltools.gnu-tools-for-stm32.13.3.rel1.win32_1.0.0.202411081344/tools/bin/../lib/gcc/arm-none-eabi/13.3.1/../../../../arm-none-eabi/lib/thumb/v7e-m+fp/hard\libc_nano.a(libc_a-lock.o)
                0x0800ca78                __retarget_lock_acquire_recursive
 .text.__retarget_lock_release_recursive
                0x0800ca7a        0x2 C:/ST/STM32CubeIDE_1.19.0/STM32CubeIDE/plugins/com.st.stm32cube.ide.mcu.externaltools.gnu-tools-for-stm32.13.3.rel1.win32_1.0.0.202411081344/tools/bin/../lib/gcc/arm-none-eabi/13.3.1/../../../../arm-none-eabi/lib/thumb/v7e-m+fp/hard\libc_nano.a(libc_a-lock.o)
                0x0800ca7a                __retarget_lock_release_recursive
 .text.strcpy   0x0800ca7c       0x10 C:/ST/STM32CubeIDE_1.19.0/STM32CubeIDE/plugins/com.st.stm32cube.ide.mcu.externaltools.gnu-tools-for-stm32.13.3.rel1.win32_1.0.0.202411081344/tools/bin/../lib/gcc/arm-none-eabi/13.3.1/../../../../arm-none-eabi/lib/thumb/v7e-m+fp/hard\libc_nano.a(libc_a-strcpy.o)
                0x0800ca7c                strcpy
 .text.memcpy   0x0800ca8c       0x1c C:/ST/STM32CubeIDE_1.19.0/STM32CubeIDE/plugins/com.st.stm32cube.ide.mcu.externaltools.gnu-tools-for-stm32.13.3.rel1.win32_1.0.0.202411081344/tools/bin/../lib/gcc/arm-none-eabi/13.3.1/../../../../arm-none-eabi/lib/thumb/v7e-m+fp/hard\libc_nano.a(libc_a-memcpy-stub.o)
                0x0800ca8c                memcpy
 .text._free_r  0x0800caa8       0x94 C:/ST/STM32CubeIDE_1.19.0/STM32CubeIDE/plugins/com.st.stm32cube.ide.mcu.externaltools.gnu-tools-for-stm32.13.3.rel1.win32_1.0.0.202411081344/tools/bin/../lib/gcc/arm-none-eabi/13.3.1/../../../../arm-none-eabi/lib/thumb/v7e-m+fp/hard\libc_nano.a(libc_a-freer.o)
                0x0800caa8                _free_r
 *(.glue_7)
 .glue_7        0x0800cb3c        0x0 linker stubs
 *(.glue_7t)
 .glue_7t       0x0800cb3c        0x0 linker stubs
 *(.eh_frame)
 .eh_frame      0x0800cb3c        0x0 C:/ST/STM32CubeIDE_1.19.0/STM32CubeIDE/plugins/com.st.stm32cube.ide.mcu.externaltools.gnu-tools-for-stm32.13.3.rel1.win32_1.0.0.202411081344/tools/bin/../lib/gcc/arm-none-eabi/13.3.1/thumb/v7e-m+fp/hard/crtbegin.o
 *(.init)
 .init          0x0800cb3c        0x4 C:/ST/STM32CubeIDE_1.19.0/STM32CubeIDE/plugins/com.st.stm32cube.ide.mcu.externaltools.gnu-tools-for-stm32.13.3.rel1.win32_1.0.0.202411081344/tools/bin/../lib/gcc/arm-none-eabi/13.3.1/thumb/v7e-m+fp/hard/crti.o
                0x0800cb3c                _init
 .init          0x0800cb40        0x8 C:/ST/STM32CubeIDE_1.19.0/STM32CubeIDE/plugins/com.st.stm32cube.ide.mcu.externaltools.gnu-tools-for-stm32.13.3.rel1.win32_1.0.0.202411081344/tools/bin/../lib/gcc/arm-none-eabi/13.3.1/thumb/v7e-m+fp/hard/crtn.o
 *(.fini)
 .fini          0x0800cb48        0x4 C:/ST/STM32CubeIDE_1.19.0/STM32CubeIDE/plugins/com.st.stm32cube.ide.mcu.externaltools.gnu-tools-for-stm32.13.3.rel1.win32_1.0.0.202411081344/tools/bin/../lib/gcc/arm-none-eabi/13.3.1/thumb/v7e-m+fp/hard/crti.o
                0x0800cb48                _fini
 .fini          0x0800cb4c        0x8 C:/ST/STM32CubeIDE_1.19.0/STM32CubeIDE/plugins/com.st.stm32cube.ide.mcu.externaltools.gnu-tools-for-stm32.13.3.rel1.win32_1.0.0.202411081344/tools/bin/../lib/gcc/arm-none-eabi/13.3.1/thumb/v7e-m+fp/hard/crtn.o
                0x0800cb54                        . = ALIGN (0x4)
                0x0800cb54                        _etext = .

.vfp11_veneer   0x0800cb54        0x0
 .vfp11_veneer  0x0800cb54        0x0 linker stubs

.v4_bx          0x0800cb54        0x0
 .v4_bx         0x0800cb54        0x0 linker stubs

.iplt           0x0800cb54        0x0
 .iplt          0x0800cb54        0x0 C:/ST/STM32CubeIDE_1.19.0/STM32CubeIDE/plugins/com.st.stm32cube.ide.mcu.externaltools.gnu-tools-for-stm32.13.3.rel1.win32_1.0.0.202411081344/tools/bin/../lib/gcc/arm-none-eabi/13.3.1/thumb/v7e-m+fp/hard/crtbegin.o

.rodata         0x0800cb54      0x8a4
                0x0800cb54                        . = ALIGN (0x4)
 *(.rodata)
 .rodata        0x0800cb54       0x4e ./Core/Src/command_processor.o
 *fill*         0x0800cba2        0x2 
 .rodata        0x0800cba4      0x1ca ./Core/Src/main.o
 *fill*         0x0800cd6e        0x2 
 .rodata        0x0800cd70      0x61d ./Core/Src/tof_sensors.o
 *fill*         0x0800d38d        0x3 
 .rodata        0x0800d390       0x39 ./Core/Src/wall_avoidance.o
 *fill*         0x0800d3c9        0x3 
 .rodata        0x0800d3cc        0x5 ./Middlewares/Third_Party/FreeRTOS/Source/tasks.o
 *(.rodata*)
 *fill*         0x0800d3d1        0x3 
 .rodata.AHBPrescTable
                0x0800d3d4       0x10 ./Core/Src/system_stm32f4xx.o
                0x0800d3d4                AHBPrescTable
 .rodata.APBPrescTable
                0x0800d3e4        0x8 ./Core/Src/system_stm32f4xx.o
                0x0800d3e4                APBPrescTable
 .rodata.sensor_addresses
                0x0800d3ec        0x4 ./Core/Src/tof_sensors.o
 .rodata.xshut_pins
                0x0800d3f0        0x8 ./Core/Src/tof_sensors.o
                0x0800d3f8                        . = ALIGN (0x4)

.ARM.extab      0x0800d3f8        0x0
                0x0800d3f8                        . = ALIGN (0x4)
 *(.ARM.extab* .gnu.linkonce.armextab.*)
                0x0800d3f8                        . = ALIGN (0x4)

.ARM            0x0800d3f8        0x8
                0x0800d3f8                        . = ALIGN (0x4)
                0x0800d3f8                        __exidx_start = .
 *(.ARM.exidx*)
 .ARM.exidx     0x0800d3f8        0x8 C:/ST/STM32CubeIDE_1.19.0/STM32CubeIDE/plugins/com.st.stm32cube.ide.mcu.externaltools.gnu-tools-for-stm32.13.3.rel1.win32_1.0.0.202411081344/tools/bin/../lib/gcc/arm-none-eabi/13.3.1/thumb/v7e-m+fp/hard\libgcc.a(_udivmoddi4.o)
                0x0800d400                        __exidx_end = .
                0x0800d400                        . = ALIGN (0x4)

.preinit_array  0x0800d400        0x0
                0x0800d400                        . = ALIGN (0x4)
                0x0800d400                        PROVIDE (__preinit_array_start = .)
 *(.preinit_array*)
                0x0800d400                        PROVIDE (__preinit_array_end = .)
                0x0800d400                        . = ALIGN (0x4)

.init_array     0x0800d400        0x4
                0x0800d400                        . = ALIGN (0x4)
                0x0800d400                        PROVIDE (__init_array_start = .)
 *(SORT_BY_NAME(.init_array.*))
 *(.init_array*)
 .init_array    0x0800d400        0x4 C:/ST/STM32CubeIDE_1.19.0/STM32CubeIDE/plugins/com.st.stm32cube.ide.mcu.externaltools.gnu-tools-for-stm32.13.3.rel1.win32_1.0.0.202411081344/tools/bin/../lib/gcc/arm-none-eabi/13.3.1/thumb/v7e-m+fp/hard/crtbegin.o
                0x0800d404                        PROVIDE (__init_array_end = .)
                0x0800d404                        . = ALIGN (0x4)

.fini_array     0x0800d404        0x4
                0x0800d404                        . = ALIGN (0x4)
                [!provide]                        PROVIDE (__fini_array_start = .)
 *(SORT_BY_NAME(.fini_array.*))
 *(.fini_array*)
 .fini_array    0x0800d404        0x4 C:/ST/STM32CubeIDE_1.19.0/STM32CubeIDE/plugins/com.st.stm32cube.ide.mcu.externaltools.gnu-tools-for-stm32.13.3.rel1.win32_1.0.0.202411081344/tools/bin/../lib/gcc/arm-none-eabi/13.3.1/thumb/v7e-m+fp/hard/crtbegin.o
                [!provide]                        PROVIDE (__fini_array_end = .)
                0x0800d408                        . = ALIGN (0x4)
                0x0800d408                        _sidata = LOADADDR (.data)

.rel.dyn        0x0800d408        0x0
 .rel.iplt      0x0800d408        0x0 C:/ST/STM32CubeIDE_1.19.0/STM32CubeIDE/plugins/com.st.stm32cube.ide.mcu.externaltools.gnu-tools-for-stm32.13.3.rel1.win32_1.0.0.202411081344/tools/bin/../lib/gcc/arm-none-eabi/13.3.1/thumb/v7e-m+fp/hard/crtbegin.o

.data           0x20000000      0x324 load address 0x0800d408
                0x20000000                        . = ALIGN (0x4)
                0x20000000                        _sdata = .
 *(.data)
 *(.data*)
 .data.current_speed
                0x20000000        0x1 ./Core/Src/motor_control.o
                0x20000000                current_speed
 .data.accel_enabled
                0x20000001        0x1 ./Core/Src/motor_control.o
                0x20000001                accel_enabled
 .data.last_movement_cmd
                0x20000002        0x1 ./Core/Src/motor_control.o
                0x20000002                last_movement_cmd
 *fill*         0x20000003        0x1 
 .data.SystemCoreClock
                0x20000004        0x4 ./Core/Src/system_stm32f4xx.o
                0x20000004                SystemCoreClock
 .data.debug_slow_i2c
                0x20000008        0x1 ./Core/Src/tof_sensors.o
 *fill*         0x20000009        0x3 
 .data.uwTickPrio
                0x2000000c        0x4 ./Drivers/STM32F4xx_HAL_Driver/Src/stm32f4xx_hal.o
                0x2000000c                uwTickPrio
 .data.uwTickFreq
                0x20000010        0x1 ./Drivers/STM32F4xx_HAL_Driver/Src/stm32f4xx_hal.o
                0x20000010                uwTickFreq
 *fill*         0x20000011        0x3 
 .data.uxCriticalNesting
                0x20000014        0x4 ./Middlewares/Third_Party/FreeRTOS/Source/portable/GCC/ARM_CM4F/port.o
 .data.DefaultTuningSettings
                0x20000018       0xf3 ./Middlewares/Third_Party/vl53l0x_api/core/src/vl53l0x_api.o
                0x20000018                DefaultTuningSettings
 *fill*         0x2000010b        0x1 
 .data.InterruptThresholdSettings
                0x2000010c      0x1b6 ./Middlewares/Third_Party/vl53l0x_api/core/src/vl53l0x_api.o
                0x2000010c                InterruptThresholdSettings
 *fill*         0x200002c2        0x2 
 .data.refArrayQuadrants
                0x200002c4       0x10 ./Middlewares/Third_Party/vl53l0x_api/core/src/vl53l0x_api_calibration.o
                0x200002c4                refArrayQuadrants
 .data._impure_ptr
                0x200002d4        0x4 C:/ST/STM32CubeIDE_1.19.0/STM32CubeIDE/plugins/com.st.stm32cube.ide.mcu.externaltools.gnu-tools-for-stm32.13.3.rel1.win32_1.0.0.202411081344/tools/bin/../lib/gcc/arm-none-eabi/13.3.1/../../../../arm-none-eabi/lib/thumb/v7e-m+fp/hard\libc_nano.a(libc_a-impure.o)
                0x200002d4                _impure_ptr
 .data._impure_data
                0x200002d8       0x4c C:/ST/STM32CubeIDE_1.19.0/STM32CubeIDE/plugins/com.st.stm32cube.ide.mcu.externaltools.gnu-tools-for-stm32.13.3.rel1.win32_1.0.0.202411081344/tools/bin/../lib/gcc/arm-none-eabi/13.3.1/../../../../arm-none-eabi/lib/thumb/v7e-m+fp/hard\libc_nano.a(libc_a-impure.o)
                0x200002d8                _impure_data
 *(.RamFunc)
 *(.RamFunc*)
                0x20000324                        . = ALIGN (0x4)
                0x20000324                        _edata = .

.igot.plt       0x20000324        0x0 load address 0x0800d72c
 .igot.plt      0x20000324        0x0 C:/ST/STM32CubeIDE_1.19.0/STM32CubeIDE/plugins/com.st.stm32cube.ide.mcu.externaltools.gnu-tools-for-stm32.13.3.rel1.win32_1.0.0.202411081344/tools/bin/../lib/gcc/arm-none-eabi/13.3.1/thumb/v7e-m+fp/hard/crtbegin.o
                0x20000324                        . = ALIGN (0x4)

.bss            0x20000324     0x1c84 load address 0x0800d72c
                0x20000324                        _sbss = .
                0x20000324                        __bss_start__ = _sbss
 *(.bss)
 .bss           0x20000324       0x1c C:/ST/STM32CubeIDE_1.19.0/STM32CubeIDE/plugins/com.st.stm32cube.ide.mcu.externaltools.gnu-tools-for-stm32.13.3.rel1.win32_1.0.0.202411081344/tools/bin/../lib/gcc/arm-none-eabi/13.3.1/thumb/v7e-m+fp/hard/crtbegin.o
 *(.bss*)
 .bss.last_command_time
                0x20000340        0x4 ./Core/Src/command_processor.o
                0x20000340                last_command_time
 .bss.xIdleTaskTCBBuffer
                0x20000344       0xa0 ./Core/Src/freertos.o
 .bss.xIdleStack
                0x200003e4      0x200 ./Core/Src/freertos.o
 .bss.defaultTaskHandle
                0x200005e4        0x4 ./Core/Src/main.o
                0x200005e4                defaultTaskHandle
 .bss.motorTaskHandle
                0x200005e8        0x4 ./Core/Src/main.o
                0x200005e8                motorTaskHandle
 .bss.ultrasonicTaskHandle
                0x200005ec        0x4 ./Core/Src/main.o
                0x200005ec                ultrasonicTaskHandle
 .bss.tofTaskHandle
                0x200005f0        0x4 ./Core/Src/main.o
                0x200005f0                tofTaskHandle
 .bss.hb_counter.1
                0x200005f4        0x4 ./Core/Src/main.o
 .bss.htim5     0x200005f8       0x48 ./Core/Src/motor_control.o
                0x200005f8                htim5
 .bss.current_m1_in1
                0x20000640        0x1 ./Core/Src/motor_control.o
                0x20000640                current_m1_in1
 .bss.current_m1_in2
                0x20000641        0x1 ./Core/Src/motor_control.o
                0x20000641                current_m1_in2
 .bss.current_m2_in3
                0x20000642        0x1 ./Core/Src/motor_control.o
                0x20000642                current_m2_in3
 .bss.current_m2_in4
                0x20000643        0x1 ./Core/Src/motor_control.o
                0x20000643                current_m2_in4
 .bss.motors_moving
                0x20000644        0x1 ./Core/Src/motor_control.o
                0x20000644                motors_moving
 *fill*         0x20000645        0x3 
 .bss.htim2     0x20000648       0x48 ./Core/Src/stm32f4xx_hal_timebase_tim.o
                0x20000648                htim2
 .bss.tof_sensors
                0x20000690       0x20 ./Core/Src/tof_sensors.o
                0x20000690                tof_sensors
 .bss.vl53_devices
                0x200006b0      0x610 ./Core/Src/tof_sensors.o
 .bss.vl53_measurement
                0x20000cc0       0x1c ./Core/Src/tof_sensors.o
 .bss.tof_last_error_log
                0x20000cdc       0x10 ./Core/Src/tof_sensors.o
 .bss.debug_counter.0
                0x20000cec        0x4 ./Core/Src/tof_sensors.o
 .bss.rx_data   0x20000cf0        0x1 ./Core/Src/uart_comm.o
                0x20000cf0                rx_data
 .bss.uart_error
                0x20000cf1        0x1 ./Core/Src/uart_comm.o
                0x20000cf1                uart_error
 .bss.uart_rx_seen
                0x20000cf2        0x1 ./Core/Src/uart_comm.o
                0x20000cf2                uart_rx_seen
 *fill*         0x20000cf3        0x1 
 .bss.uartCmdQueueHandle
                0x20000cf4        0x4 ./Core/Src/uart_comm.o
                0x20000cf4                uartCmdQueueHandle
 .bss.ultrasonic_left_cm
                0x20000cf8        0x2 ./Core/Src/ultrasonic.o
                0x20000cf8                ultrasonic_left_cm
 .bss.ultrasonic_right_cm
                0x20000cfa        0x2 ./Core/Src/ultrasonic.o
                0x20000cfa                ultrasonic_right_cm
 .bss.last_valid_left.6
                0x20000cfc        0x2 ./Core/Src/wall_avoidance.o
 .bss.left_zero_count.5
                0x20000cfe        0x2 ./Core/Src/wall_avoidance.o
 .bss.last_valid_right.4
                0x20000d00        0x2 ./Core/Src/wall_avoidance.o
 .bss.right_zero_count.3
                0x20000d02        0x2 ./Core/Src/wall_avoidance.o
 .bss.dbg_counter.2
                0x20000d04        0x4 ./Core/Src/wall_avoidance.o
 .bss.pid_i.1   0x20000d08        0x4 ./Core/Src/wall_avoidance.o
 .bss.last_err.0
                0x20000d0c        0x4 ./Core/Src/wall_avoidance.o
 .bss.uwTick    0x20000d10        0x4 ./Drivers/STM32F4xx_HAL_Driver/Src/stm32f4xx_hal.o
                0x20000d10                uwTick
 .bss.pxCurrentTCB
                0x20000d14        0x4 ./Middlewares/Third_Party/FreeRTOS/Source/tasks.o
                0x20000d14                pxCurrentTCB
 .bss.pxReadyTasksLists
                0x20000d18       0x8c ./Middlewares/Third_Party/FreeRTOS/Source/tasks.o
 .bss.xDelayedTaskList1
                0x20000da4       0x14 ./Middlewares/Third_Party/FreeRTOS/Source/tasks.o
 .bss.xDelayedTaskList2
                0x20000db8       0x14 ./Middlewares/Third_Party/FreeRTOS/Source/tasks.o
 .bss.pxDelayedTaskList
                0x20000dcc        0x4 ./Middlewares/Third_Party/FreeRTOS/Source/tasks.o
 .bss.pxOverflowDelayedTaskList
                0x20000dd0        0x4 ./Middlewares/Third_Party/FreeRTOS/Source/tasks.o
 .bss.xPendingReadyList
                0x20000dd4       0x14 ./Middlewares/Third_Party/FreeRTOS/Source/tasks.o
 .bss.xTasksWaitingTermination
                0x20000de8       0x14 ./Middlewares/Third_Party/FreeRTOS/Source/tasks.o
 .bss.uxDeletedTasksWaitingCleanUp
                0x20000dfc        0x4 ./Middlewares/Third_Party/FreeRTOS/Source/tasks.o
 .bss.xSuspendedTaskList
                0x20000e00       0x14 ./Middlewares/Third_Party/FreeRTOS/Source/tasks.o
 .bss.uxCurrentNumberOfTasks
                0x20000e14        0x4 ./Middlewares/Third_Party/FreeRTOS/Source/tasks.o
 .bss.xTickCount
                0x20000e18        0x4 ./Middlewares/Third_Party/FreeRTOS/Source/tasks.o
 .bss.uxTopReadyPriority
                0x20000e1c        0x4 ./Middlewares/Third_Party/FreeRTOS/Source/tasks.o
 .bss.xSchedulerRunning
                0x20000e20        0x4 ./Middlewares/Third_Party/FreeRTOS/Source/tasks.o
 .bss.xPendedTicks
                0x20000e24        0x4 ./Middlewares/Third_Party/FreeRTOS/Source/tasks.o
 .bss.xYieldPending
                0x20000e28        0x4 ./Middlewares/Third_Party/FreeRTOS/Source/tasks.o
 .bss.xNumOfOverflows
                0x20000e2c        0x4 ./Middlewares/Third_Party/FreeRTOS/Source/tasks.o
 .bss.uxTaskNumber
                0x20000e30        0x4 ./Middlewares/Third_Party/FreeRTOS/Source/tasks.o
 .bss.xNextTaskUnblockTime
                0x20000e34        0x4 ./Middlewares/Third_Party/FreeRTOS/Source/tasks.o
 .bss.xIdleTaskHandle
                0x20000e38        0x4 ./Middlewares/Third_Party/FreeRTOS/Source/tasks.o
 .bss.uxSchedulerSuspended
                0x20000e3c        0x4 ./Middlewares/Third_Party/FreeRTOS/Source/tasks.o
 .bss.ucMaxSysCallPriority
                0x20000e40        0x1 ./Middlewares/Third_Party/FreeRTOS/Source/portable/GCC/ARM_CM4F/port.o
 *fill*         0x20000e41        0x3 
 .bss.ulMaxPRIGROUPValue
                0x20000e44        0x4 ./Middlewares/Third_Party/FreeRTOS/Source/portable/GCC/ARM_CM4F/port.o
 .bss.ucHeap    0x20000e48     0x1000 ./Middlewares/Third_Party/FreeRTOS/Source/portable/MemMang/heap_4.o
 .bss.xStart    0x20001e48        0x8 ./Middlewares/Third_Party/FreeRTOS/Source/portable/MemMang/heap_4.o
 .bss.pxEnd     0x20001e50        0x4 ./Middlewares/Third_Party/FreeRTOS/Source/portable/MemMang/heap_4.o
 .bss.xFreeBytesRemaining
                0x20001e54        0x4 ./Middlewares/Third_Party/FreeRTOS/Source/portable/MemMang/heap_4.o
 .bss.xMinimumEverFreeBytesRemaining
                0x20001e58        0x4 ./Middlewares/Third_Party/FreeRTOS/Source/portable/MemMang/heap_4.o
 .bss.xNumberOfSuccessfulAllocations
                0x20001e5c        0x4 ./Middlewares/Third_Party/FreeRTOS/Source/portable/MemMang/heap_4.o
 .bss.xNumberOfSuccessfulFrees
                0x20001e60        0x4 ./Middlewares/Third_Party/FreeRTOS/Source/portable/MemMang/heap_4.o
 .bss.xBlockAllocatedBit
                0x20001e64        0x4 ./Middlewares/Third_Party/FreeRTOS/Source/portable/MemMang/heap_4.o
 .bss.__malloc_free_list
                0x20001e68        0x4 C:/ST/STM32CubeIDE_1.19.0/STM32CubeIDE/plugins/com.st.stm32cube.ide.mcu.externaltools.gnu-tools-for-stm32.13.3.rel1.win32_1.0.0.202411081344/tools/bin/../lib/gcc/arm-none-eabi/13.3.1/../../../../arm-none-eabi/lib/thumb/v7e-m+fp/hard\libc_nano.a(libc_a-mallocr.o)
                0x20001e68                __malloc_free_list
 .bss.__sf      0x20001e6c      0x138 C:/ST/STM32CubeIDE_1.19.0/STM32CubeIDE/plugins/com.st.stm32cube.ide.mcu.externaltools.gnu-tools-for-stm32.13.3.rel1.win32_1.0.0.202411081344/tools/bin/../lib/gcc/arm-none-eabi/13.3.1/../../../../arm-none-eabi/lib/thumb/v7e-m+fp/hard\libc_nano.a(libc_a-findfp.o)
                0x20001e6c                __sf
 .bss.__lock___malloc_recursive_mutex
                0x20001fa4        0x1 C:/ST/STM32CubeIDE_1.19.0/STM32CubeIDE/plugins/com.st.stm32cube.ide.mcu.externaltools.gnu-tools-for-stm32.13.3.rel1.win32_1.0.0.202411081344/tools/bin/../lib/gcc/arm-none-eabi/13.3.1/../../../../arm-none-eabi/lib/thumb/v7e-m+fp/hard\libc_nano.a(libc_a-lock.o)
                0x20001fa4                __lock___malloc_recursive_mutex
 *(COMMON)
                0x20001fa8                        . = ALIGN (0x4)
 *fill*         0x20001fa5        0x3 
                0x20001fa8                        _ebss = .
                0x20001fa8                        __bss_end__ = _ebss

._user_heap_stack
                0x20001fa8      0x600 load address 0x0800d72c
                0x20001fa8                        . = ALIGN (0x8)
                [!provide]                        PROVIDE (end = .)
                0x20001fa8                        PROVIDE (_end = .)
                0x200021a8                        . = (. + _Min_Heap_Size)
 *fill*         0x20001fa8      0x200 
                0x200025a8                        . = (. + _Min_Stack_Size)
 *fill*         0x200021a8      0x400 
                0x200025a8                        . = ALIGN (0x8)

/DISCARD/
 libc.a(*)
 libm.a(*)
 libgcc.a(*)

.ARM.attributes
                0x00000000       0x30
 *(.ARM.attributes)
 .ARM.attributes
                0x00000000       0x22 C:/ST/STM32CubeIDE_1.19.0/STM32CubeIDE/plugins/com.st.stm32cube.ide.mcu.externaltools.gnu-tools-for-stm32.13.3.rel1.win32_1.0.0.202411081344/tools/bin/../lib/gcc/arm-none-eabi/13.3.1/thumb/v7e-m+fp/hard/crti.o
 .ARM.attributes
                0x00000022       0x34 C:/ST/STM32CubeIDE_1.19.0/STM32CubeIDE/plugins/com.st.stm32cube.ide.mcu.externaltools.gnu-tools-for-stm32.13.3.rel1.win32_1.0.0.202411081344/tools/bin/../lib/gcc/arm-none-eabi/13.3.1/thumb/v7e-m+fp/hard/crtbegin.o
 .ARM.attributes
                0x00000056       0x34 ./Core/Src/command_processor.o
 .ARM.attributes
                0x0000008a       0x34 ./Core/Src/freertos.o
 .ARM.attributes
                0x000000be       0x34 ./Core/Src/led_indicators.o
 .ARM.attributes
                0x000000f2       0x34 ./Core/Src/main.o
 .ARM.attributes
                0x00000126       0x34 ./Core/Src/motor_control.o
 .ARM.attributes
                0x0000015a       0x34 ./Core/Src/stm32f4xx_hal_msp.o
 .ARM.attributes
                0x0000018e       0x34 ./Core/Src/stm32f4xx_hal_timebase_tim.o
 .ARM.attributes
                0x000001c2       0x34 ./Core/Src/stm32f4xx_it.o
 .ARM.attributes
                0x000001f6       0x34 ./Core/Src/system_stm32f4xx.o
 .ARM.attributes
                0x0000022a       0x34 ./Core/Src/tof_sensors.o
 .ARM.attributes
                0x0000025e       0x34 ./Core/Src/uart_comm.o
 .ARM.attributes
                0x00000292       0x34 ./Core/Src/ultrasonic.o
 .ARM.attributes
                0x000002c6       0x34 ./Core/Src/wall_avoidance.o
 .ARM.attributes
                0x000002fa       0x21 ./Core/Startup/startup_stm32f401rctx.o
 .ARM.attributes
                0x0000031b       0x34 ./Drivers/STM32F4xx_HAL_Driver/Src/stm32f4xx_hal.o
 .ARM.attributes
                0x0000034f       0x34 ./Drivers/STM32F4xx_HAL_Driver/Src/stm32f4xx_hal_cortex.o
 .ARM.attributes
                0x00000383       0x34 ./Drivers/STM32F4xx_HAL_Driver/Src/stm32f4xx_hal_gpio.o
 .ARM.attributes
                0x000003b7       0x34 ./Drivers/STM32F4xx_HAL_Driver/Src/stm32f4xx_hal_rcc.o
 .ARM.attributes
                0x000003eb       0x34 ./Drivers/STM32F4xx_HAL_Driver/Src/stm32f4xx_hal_tim.o
 .ARM.attributes
                0x0000041f       0x34 ./Drivers/STM32F4xx_HAL_Driver/Src/stm32f4xx_hal_tim_ex.o
 .ARM.attributes
                0x00000453       0x34 ./Middlewares/Third_Party/FreeRTOS/Source/CMSIS_RTOS/cmsis_os.o
 .ARM.attributes
                0x00000487       0x34 ./Middlewares/Third_Party/FreeRTOS/Source/list.o
 .ARM.attributes
                0x000004bb       0x34 ./Middlewares/Third_Party/FreeRTOS/Source/queue.o
 .ARM.attributes
                0x000004ef       0x34 ./Middlewares/Third_Party/FreeRTOS/Source/tasks.o
 .ARM.attributes
                0x00000523       0x34 ./Middlewares/Third_Party/FreeRTOS/Source/portable/GCC/ARM_CM4F/port.o
 .ARM.attributes
                0x00000557       0x34 ./Middlewares/Third_Party/FreeRTOS/Source/portable/MemMang/heap_4.o
 .ARM.attributes
                0x0000058b       0x34 ./Middlewares/Third_Party/vl53l0x_api/core/src/vl53l0x_api.o
 .ARM.attributes
                0x000005bf       0x34 ./Middlewares/Third_Party/vl53l0x_api/core/src/vl53l0x_api_calibration.o
 .ARM.attributes
                0x000005f3       0x34 ./Middlewares/Third_Party/vl53l0x_api/core/src/vl53l0x_api_core.o
 .ARM.attributes
                0x00000627       0x34 ./Middlewares/Third_Party/vl53l0x_api/platform/src/vl53l0x_platform.o
 .ARM.attributes
                0x0000065b       0x34 C:/ST/STM32CubeIDE_1.19.0/STM32CubeIDE/plugins/com.st.stm32cube.ide.mcu.externaltools.gnu-tools-for-stm32.13.3.rel1.win32_1.0.0.202411081344/tools/bin/../lib/gcc/arm-none-eabi/13.3.1/../../../../arm-none-eabi/lib/thumb/v7e-m+fp/hard\libc_nano.a(libc_a-mallocr.o)
 .ARM.attributes
                0x0000068f       0x34 C:/ST/STM32CubeIDE_1.19.0/STM32CubeIDE/plugins/com.st.stm32cube.ide.mcu.externaltools.gnu-tools-for-stm32.13.3.rel1.win32_1.0.0.202411081344/tools/bin/../lib/gcc/arm-none-eabi/13.3.1/../../../../arm-none-eabi/lib/thumb/v7e-m+fp/hard\libc_nano.a(libc_a-mlock.o)
 .ARM.attributes
                0x000006c3       0x34 C:/ST/STM32CubeIDE_1.19.0/STM32CubeIDE/plugins/com.st.stm32cube.ide.mcu.externaltools.gnu-tools-for-stm32.13.3.rel1.win32_1.0.0.202411081344/tools/bin/../lib/gcc/arm-none-eabi/13.3.1/../../../../arm-none-eabi/lib/thumb/v7e-m+fp/hard\libc_nano.a(libc_a-findfp.o)
 .ARM.attributes
                0x000006f7       0x34 C:/ST/STM32CubeIDE_1.19.0/STM32CubeIDE/plugins/com.st.stm32cube.ide.mcu.externaltools.gnu-tools-for-stm32.13.3.rel1.win32_1.0.0.202411081344/tools/bin/../lib/gcc/arm-none-eabi/13.3.1/../../../../arm-none-eabi/lib/thumb/v7e-m+fp/hard\libc_nano.a(libc_a-memset.o)
 .ARM.attributes
                0x0000072b       0x34 C:/ST/STM32CubeIDE_1.19.0/STM32CubeIDE/plugins/com.st.stm32cube.ide.mcu.externaltools.gnu-tools-for-stm32.13.3.rel1.win32_1.0.0.202411081344/tools/bin/../lib/gcc/arm-none-eabi/13.3.1/../../../../arm-none-eabi/lib/thumb/v7e-m+fp/hard\libc_nano.a(libc_a-reent.o)
 .ARM.attributes
                0x0000075f       0x34 C:/ST/STM32CubeIDE_1.19.0/STM32CubeIDE/plugins/com.st.stm32cube.ide.mcu.externaltools.gnu-tools-for-stm32.13.3.rel1.win32_1.0.0.202411081344/tools/bin/../lib/gcc/arm-none-eabi/13.3.1/../../../../arm-none-eabi/lib/thumb/v7e-m+fp/hard\libc_nano.a(libc_a-impure.o)
 .ARM.attributes
                0x00000793       0x34 C:/ST/STM32CubeIDE_1.19.0/STM32CubeIDE/plugins/com.st.stm32cube.ide.mcu.externaltools.gnu-tools-for-stm32.13.3.rel1.win32_1.0.0.202411081344/tools/bin/../lib/gcc/arm-none-eabi/13.3.1/../../../../arm-none-eabi/lib/thumb/v7e-m+fp/hard\libc_nano.a(libc_a-init.o)
 .ARM.attributes
                0x000007c7       0x34 C:/ST/STM32CubeIDE_1.19.0/STM32CubeIDE/plugins/com.st.stm32cube.ide.mcu.externaltools.gnu-tools-for-stm32.13.3.rel1.win32_1.0.0.202411081344/tools/bin/../lib/gcc/arm-none-eabi/13.3.1/../../../../arm-none-eabi/lib/thumb/v7e-m+fp/hard\libc_nano.a(libc_a-lock.o)
 .ARM.attributes
                0x000007fb       0x34 C:/ST/STM32CubeIDE_1.19.0/STM32CubeIDE/plugins/com.st.stm32cube.ide.mcu.externaltools.gnu-tools-for-stm32.13.3.rel1.win32_1.0.0.202411081344/tools/bin/../lib/gcc/arm-none-eabi/13.3.1/../../../../arm-none-eabi/lib/thumb/v7e-m+fp/hard\libc_nano.a(libc_a-strcpy.o)
 .ARM.attributes
                0x0000082f       0x34 C:/ST/STM32CubeIDE_1.19.0/STM32CubeIDE/plugins/com.st.stm32cube.ide.mcu.externaltools.gnu-tools-for-stm32.13.3.rel1.win32_1.0.0.202411081344/tools/bin/../lib/gcc/arm-none-eabi/13.3.1/../../../../arm-none-eabi/lib/thumb/v7e-m+fp/hard\libc_nano.a(libc_a-memcpy-stub.o)
 .ARM.attributes
                0x00000863       0x34 C:/ST/STM32CubeIDE_1.19.0/STM32CubeIDE/plugins/com.st.stm32cube.ide.mcu.externaltools.gnu-tools-for-stm32.13.3.rel1.win32_1.0.0.202411081344/tools/bin/../lib/gcc/arm-none-eabi/13.3.1/../../../../arm-none-eabi/lib/thumb/v7e-m+fp/hard\libc_nano.a(libc_a-freer.o)
 .ARM.attributes
                0x00000897       0x22 C:/ST/STM32CubeIDE_1.19.0/STM32CubeIDE/plugins/com.st.stm32cube.ide.mcu.externaltools.gnu-tools-for-stm32.13.3.rel1.win32_1.0.0.202411081344/tools/bin/../lib/gcc/arm-none-eabi/13.3.1/thumb/v7e-m+fp/hard\libgcc.a(_aeabi_uldivmod.o)
 .ARM.attributes
                0x000008b9       0x34 C:/ST/STM32CubeIDE_1.19.0/STM32CubeIDE/plugins/com.st.stm32cube.ide.mcu.externaltools.gnu-tools-for-stm32.13.3.rel1.win32_1.0.0.202411081344/tools/bin/../lib/gcc/arm-none-eabi/13.3.1/thumb/v7e-m+fp/hard\libgcc.a(_udivmoddi4.o)
 .ARM.attributes
                0x000008ed       0x22 C:/ST/STM32CubeIDE_1.19.0/STM32CubeIDE/plugins/com.st.stm32cube.ide.mcu.externaltools.gnu-tools-for-stm32.13.3.rel1.win32_1.0.0.202411081344/tools/bin/../lib/gcc/arm-none-eabi/13.3.1/thumb/v7e-m+fp/hard\libgcc.a(_dvmd_tls.o)
 .ARM.attributes
                0x0000090f       0x22 C:/ST/STM32CubeIDE_1.19.0/STM32CubeIDE/plugins/com.st.stm32cube.ide.mcu.externaltools.gnu-tools-for-stm32.13.3.rel1.win32_1.0.0.202411081344/tools/bin/../lib/gcc/arm-none-eabi/13.3.1/thumb/v7e-m+fp/hard/crtn.o
OUTPUT(motor controller with uart.elf elf32-littlearm)
LOAD linker stubs
LOAD C:/ST/STM32CubeIDE_1.19.0/STM32CubeIDE/plugins/com.st.stm32cube.ide.mcu.externaltools.gnu-tools-for-stm32.13.3.rel1.win32_1.0.0.202411081344/tools/bin/../lib/gcc/arm-none-eabi/13.3.1/../../../../arm-none-eabi/lib/thumb/v7e-m+fp/hard\libc.a
LOAD C:/ST/STM32CubeIDE_1.19.0/STM32CubeIDE/plugins/com.st.stm32cube.ide.mcu.externaltools.gnu-tools-for-stm32.13.3.rel1.win32_1.0.0.202411081344/tools/bin/../lib/gcc/arm-none-eabi/13.3.1/../../../../arm-none-eabi/lib/thumb/v7e-m+fp/hard\libm.a
LOAD C:/ST/STM32CubeIDE_1.19.0/STM32CubeIDE/plugins/com.st.stm32cube.ide.mcu.externaltools.gnu-tools-for-stm32.13.3.rel1.win32_1.0.0.202411081344/tools/bin/../lib/gcc/arm-none-eabi/13.3.1/thumb/v7e-m+fp/hard\libgcc.a

.debug_info     0x00000000    0x1bf80
 .debug_info    0x00000000      0x379 ./Core/Src/command_processor.o
 .debug_info    0x00000379      0x919 ./Core/Src/freertos.o
 .debug_info    0x00000c92      0x466 ./Core/Src/led_indicators.o
 .debug_info    0x000010f8     0x1a3c ./Core/Src/main.o
 .debug_info    0x00002b34      0xeac ./Core/Src/motor_control.o
 .debug_info    0x000039e0      0x449 ./Core/Src/stm32f4xx_hal_msp.o
 .debug_info    0x00003e29      0xb7d ./Core/Src/stm32f4xx_hal_timebase_tim.o
 .debug_info    0x000049a6      0x6a4 ./Core/Src/stm32f4xx_it.o
 .debug_info    0x0000504a      0x53e ./Core/Src/system_stm32f4xx.o
 .debug_info    0x00005588     0x1b65 ./Core/Src/tof_sensors.o
 .debug_info    0x000070ed      0x85f ./Core/Src/uart_comm.o
 .debug_info    0x0000794c      0x80a ./Core/Src/ultrasonic.o
 .debug_info    0x00008156      0x460 ./Core/Src/wall_avoidance.o
 .debug_info    0x000085b6       0x30 ./Core/Startup/startup_stm32f401rctx.o
 .debug_info    0x000085e6      0x8bb ./Drivers/STM32F4xx_HAL_Driver/Src/stm32f4xx_hal.o
 .debug_info    0x00008ea1      0xcf6 ./Drivers/STM32F4xx_HAL_Driver/Src/stm32f4xx_hal_cortex.o
 .debug_info    0x00009b97      0x6f9 ./Drivers/STM32F4xx_HAL_Driver/Src/stm32f4xx_hal_gpio.o
 .debug_info    0x0000a290      0x905 ./Drivers/STM32F4xx_HAL_Driver/Src/stm32f4xx_hal_rcc.o
 .debug_info    0x0000ab95     0x2996 ./Drivers/STM32F4xx_HAL_Driver/Src/stm32f4xx_hal_tim.o
 .debug_info    0x0000d52b     0x14d4 ./Drivers/STM32F4xx_HAL_Driver/Src/stm32f4xx_hal_tim_ex.o
 .debug_info    0x0000e9ff     0x21e2 ./Middlewares/Third_Party/FreeRTOS/Source/CMSIS_RTOS/cmsis_os.o
 .debug_info    0x00010be1      0x2af ./Middlewares/Third_Party/FreeRTOS/Source/list.o
 .debug_info    0x00010e90     0x17cd ./Middlewares/Third_Party/FreeRTOS/Source/queue.o
 .debug_info    0x0001265d     0x239e ./Middlewares/Third_Party/FreeRTOS/Source/tasks.o
 .debug_info    0x000149fb      0x4de ./Middlewares/Third_Party/FreeRTOS/Source/portable/GCC/ARM_CM4F/port.o
 .debug_info    0x00014ed9      0x4d5 ./Middlewares/Third_Party/FreeRTOS/Source/portable/MemMang/heap_4.o
 .debug_info    0x000153ae     0x2e7c ./Middlewares/Third_Party/vl53l0x_api/core/src/vl53l0x_api.o
 .debug_info    0x0001822a     0x170c ./Middlewares/Third_Party/vl53l0x_api/core/src/vl53l0x_api_calibration.o
 .debug_info    0x00019936     0x1b4d ./Middlewares/Third_Party/vl53l0x_api/core/src/vl53l0x_api_core.o
 .debug_info    0x0001b483      0xafd ./Middlewares/Third_Party/vl53l0x_api/platform/src/vl53l0x_platform.o

.debug_abbrev   0x00000000     0x434b