Archive member included to satisfy reference by file (symbol)

C:/ST/STM32CubeIDE_1.19.0/STM32CubeIDE/plugins/com.st.stm32cube.ide.mcu.externaltools.gnu-tools-for-stm32.13.3.rel1.win32_1.0.0.202411081344/tools/bin/../lib/gcc/arm-none-eabi/13.3.1/../../../../arm-none-eabi/lib/thumb/v7e-m+fp/hard\libc_nano.a(libc_a-exit.o)
                              C:/ST/STM32CubeIDE_1.19.0/STM32CubeIDE/plugins/com.st.stm32cube.ide.mcu.externaltools.gnu-tools-for-stm32.13.3.rel1.win32_1.0.0.202411081344/tools/bin/../lib/gcc/arm-none-eabi/13.3.1/../../../../arm-none-eabi/lib/thumb/v7e-m+fp/hard/crt0.o (exit)
C:/ST/STM32CubeIDE_1.19.0/STM32CubeIDE/plugins/com.st.stm32cube.ide.mcu.externaltools.gnu-tools-for-stm32.13.3.rel1.win32_1.0.0.202411081344/tools/bin/../lib/gcc/arm-none-eabi/13.3.1/../../../../arm-none-eabi/lib/thumb/v7e-m+fp/hard\libc_nano.a(libc_a-findfp.o)
                              ./Middlewares/Third_Party/FreeRTOS/Source/tasks.o (__sf)
C:/ST/STM32CubeIDE_1.19.0/STM32CubeIDE/plugins/com.st.stm32cube.ide.mcu.externaltools.gnu-tools-for-stm32.13.3.rel1.win32_1.0.0.202411081344/tools/bin/../lib/gcc/arm-none-eabi/13.3.1/../../../../arm-none-eabi/lib/thumb/v7e-m+fp/hard\libc_nano.a(libc_a-fwalk.o)
                              C:/ST/STM32CubeIDE_1.19.0/STM32CubeIDE/plugins/com.st.stm32cube.ide.mcu.externaltools.gnu-tools-for-stm32.13.3.rel1.win32_1.0.0.202411081344/tools/bin/../lib/gcc/arm-none-eabi/13.3.1/../../../../arm-none-eabi/lib/thumb/v7e-m+fp/hard\libc_nano.a(libc_a-findfp.o) (_fwalk_sglue)
C:/ST/STM32CubeIDE_1.19.0/STM32CubeIDE/plugins/com.st.stm32cube.ide.mcu.externaltools.gnu-tools-for-stm32.13.3.rel1.win32_1.0.0.202411081344/tools/bin/../lib/gcc/arm-none-eabi/13.3.1/../../../../arm-none-eabi/lib/thumb/v7e-m+fp/hard\libc_nano.a(libc_a-snprintf.o)
                              ./Core/Src/i2c_scanner.o (snprintf)
C:/ST/STM32CubeIDE_1.19.0/STM32CubeIDE/plugins/com.st.stm32cube.ide.mcu.externaltools.gnu-tools-for-stm32.13.3.rel1.win32_1.0.0.202411081344/tools/bin/../lib/gcc/arm-none-eabi/13.3.1/../../../../arm-none-eabi/lib/thumb/v7e-m+fp/hard\libc_nano.a(libc_a-stdio.o)
                              C:/ST/STM32CubeIDE_1.19.0/STM32CubeIDE/plugins/com.st.stm32cube.ide.mcu.externaltools.gnu-tools-for-stm32.13.3.rel1.win32_1.0.0.202411081344/tools/bin/../lib/gcc/arm-none-eabi/13.3.1/../../../../arm-none-eabi/lib/thumb/v7e-m+fp/hard\libc_nano.a(libc_a-findfp.o) (__sread)
C:/ST/STM32CubeIDE_1.19.0/STM32CubeIDE/plugins/com.st.stm32cube.ide.mcu.externaltools.gnu-tools-for-stm32.13.3.rel1.win32_1.0.0.202411081344/tools/bin/../lib/gcc/arm-none-eabi/13.3.1/../../../../arm-none-eabi/lib/thumb/v7e-m+fp/hard\libc_nano.a(libc_a-memset.o)
                              C:/ST/STM32CubeIDE_1.19.0/STM32CubeIDE/plugins/com.st.stm32cube.ide.mcu.externaltools.gnu-tools-for-stm32.13.3.rel1.win32_1.0.0.202411081344/tools/bin/../lib/gcc/arm-none-eabi/13.3.1/../../../../arm-none-eabi/lib/thumb/v7e-m+fp/hard/crt0.o (memset)
C:/ST/STM32CubeIDE_1.19.0/STM32CubeIDE/plugins/com.st.stm32cube.ide.mcu.externaltools.gnu-tools-for-stm32.13.3.rel1.win32_1.0.0.202411081344/tools/bin/../lib/gcc/arm-none-eabi/13.3.1/../../../../arm-none-eabi/lib/thumb/v7e-m+fp/hard\libc_nano.a(libc_a-closer.o)
                              C:/ST/STM32CubeIDE_1.19.0/STM32CubeIDE/plugins/com.st.stm32cube.ide.mcu.externaltools.gnu-tools-for-stm32.13.3.rel1.win32_1.0.0.202411081344/tools/bin/../lib/gcc/arm-none-eabi/13.3.1/../../../../arm-none-eabi/lib/thumb/v7e-m+fp/hard\libc_nano.a(libc_a-stdio.o) (_close_r)
C:/ST/STM32CubeIDE_1.19.0/STM32CubeIDE/plugins/com.st.stm32cube.ide.mcu.externaltools.gnu-tools-for-stm32.13.3.rel1.win32_1.0.0.202411081344/tools/bin/../lib/gcc/arm-none-eabi/13.3.1/../../../../arm-none-eabi/lib/thumb/v7e-m+fp/hard\libc_nano.a(libc_a-reent.o)
                              ./Middlewares/Third_Party/FreeRTOS/Source/tasks.o (_reclaim_reent)
C:/ST/STM32CubeIDE_1.19.0/STM32CubeIDE/plugins/com.st.stm32cube.ide.mcu.externaltools.gnu-tools-for-stm32.13.3.rel1.win32_1.0.0.202411081344/tools/bin/../lib/gcc/arm-none-eabi/13.3.1/../../../../arm-none-eabi/lib/thumb/v7e-m+fp/hard\libc_nano.a(libc_a-impure.o)
                              ./Middlewares/Third_Party/FreeRTOS/Source/tasks.o (_impure_ptr)
C:/ST/STM32CubeIDE_1.19.0/STM32CubeIDE/plugins/com.st.stm32cube.ide.mcu.externaltools.gnu-tools-for-stm32.13.3.rel1.win32_1.0.0.202411081344/tools/bin/../lib/gcc/arm-none-eabi/13.3.1/../../../../arm-none-eabi/lib/thumb/v7e-m+fp/hard\libc_nano.a(libc_a-lseekr.o)
                              C:/ST/STM32CubeIDE_1.19.0/STM32CubeIDE/plugins/com.st.stm32cube.ide.mcu.externaltools.gnu-tools-for-stm32.13.3.rel1.win32_1.0.0.202411081344/tools/bin/../lib/gcc/arm-none-eabi/13.3.1/../../../../arm-none-eabi/lib/thumb/v7e-m+fp/hard\libc_nano.a(libc_a-stdio.o) (_lseek_r)
[...]
Memory Configuration

Name             Origin             Length             Attributes
RAM              0x20000000         0x00010000         xrw
FLASH            0x08000000         0x00040000         xr
*default*        0x00000000         0xffffffff

Linker script and memory map

LOAD C:/ST/STM32CubeIDE_1.19.0/STM32CubeIDE/plugins/com.st.stm32cube.ide.mcu.externaltools.gnu-tools-for-stm32.13.3.rel1.win32_1.0.0.202411081344/tools/bin/../lib/gcc/arm-none-eabi/13.3.1/thumb/v7e-m+fp/hard/crti.o
LOAD C:/ST/STM32CubeIDE_1.19.0/STM32CubeIDE/plugins/com.st.stm32cube.ide.mcu.externaltools.gnu-tools-for-stm32.13.3.rel1.win32_1.0.0.202411081344/tools/bin/../lib/gcc/arm-none-eabi/13.3.1/thumb/v7e-m+fp/hard/crtbegin.o
LOAD C:/ST/STM32CubeIDE_1.19.0/STM32CubeIDE/plugins/com.st.stm32cube.ide.mcu.externaltools.gnu-tools-for-stm32.13.3.rel1.win32_1.0.0.202411081344/tools/bin/../lib/gcc/arm-none-eabi/13.3.1/../../../../arm-none-eabi/lib/thumb/v7e-m+fp/hard/crt0.o
LOAD ./Core/Src/command_processor.o
LOAD ./Core/Src/freertos.o
LOAD ./Core/Src/i2c_scanner.o
LOAD ./Core/Src/led_indicators.o
LOAD ./Core/Src/main.o
LOAD ./Core/Src/motor_control.o
LOAD ./Core/Src/stm32f4xx_hal_msp.o
LOAD ./Core/Src/stm32f4xx_hal_timebase_tim.o
LOAD ./Core/Src/stm32f4xx_it.o
LOAD ./Core/Src/syscalls.o
LOAD ./Core/Src/sysmem.o
LOAD ./Core/Src/system_stm32f4xx.o
LOAD ./Core/Src/tof_sensors.o
LOAD ./Core/Src/uart_comm.o
LOAD ./Core/Src/ultrasonic.o
LOAD ./Core/Src/vl53l0x_pololu.o
LOAD ./Core/Src/wall_avoidance.o
LOAD ./Core/Startup/startup_stm32f401rctx.o
LOAD ./Drivers/STM32F4xx_HAL_Driver/Src/stm32f4xx_hal.o
LOAD ./Drivers/STM32F4xx_HAL_Driver/Src/stm32f4xx_hal_cortex.o
LOAD ./Drivers/STM32F4xx_HAL_Driver/Src/stm32f4xx_hal_dma.o
LOAD ./Drivers/STM32F4xx_HAL_Driver/Src/stm32f4xx_hal_dma_ex.o
LOAD ./Drivers/STM32F4xx_HAL_Driver/Src/stm32f4xx_hal_exti.o
LOAD ./Drivers/STM32F4xx_HAL_Driver/Src/stm32f4xx_hal_flash.o
LOAD ./Drivers/STM32F4xx_HAL_Driver/Src/stm32f4xx_hal_flash_ex.o
LOAD ./Drivers/STM32F4xx_HAL_Driver/Src/stm32f4xx_hal_flash_ramfunc.o
LOAD ./Drivers/STM32F4xx_HAL_Driver/Src/stm32f4xx_hal_gpio.o
LOAD ./Drivers/STM32F4xx_HAL_Driver/Src/stm32f4xx_hal_i2c.o
LOAD ./Drivers/STM32F4xx_HAL_Driver/Src/stm32f4xx_hal_i2c_ex.o
LOAD ./Drivers/STM32F4xx_HAL_Driver/Src/stm32f4xx_hal_pwr.o
LOAD ./Drivers/STM32F4xx_HAL_Driver/Src/stm32f4xx_hal_pwr_ex.o
LOAD ./Drivers/STM32F4xx_HAL_Driver/Src/stm32f4xx_hal_rcc.o
LOAD ./Drivers/STM32F4xx_HAL_Driver/Src/stm32f4xx_hal_rcc_ex.o
LOAD ./Drivers/STM32F4xx_HAL_Driver/Src/stm32f4xx_hal_tim.o
LOAD ./Drivers/STM32F4xx_HAL_Driver/Src/stm32f4xx_hal_tim_ex.o
LOAD ./Drivers/STM32F4xx_HAL_Driver/Src/stm32f4xx_hal_uart.o
LOAD ./Middlewares/Third_Party/FreeRTOS/Source/CMSIS_RTOS/cmsis_os.o
LOAD ./Middlewares/Third_Party/FreeRTOS/Source/croutine.o
LOAD ./Middlewares/Third_Party/FreeRTOS/Source/event_groups.o
LOAD ./Middlewares/Third_Party/FreeRTOS/Source/list.o
LOAD ./Middlewares/Third_Party/FreeRTOS/Source/queue.o
LOAD ./Middlewares/Third_Party/FreeRTOS/Source/stream_buffer.o
LOAD ./Middlewares/Third_Party/FreeRTOS/Source/tasks.o
LOAD ./Middlewares/Third_Party/FreeRTOS/Source/timers.o
LOAD ./Middlewares/Third_Party/FreeRTOS/Source/portable/GCC/ARM_CM4F/port.o
LOAD ./Middlewares/Third_Party/FreeRTOS/Source/portable/MemMang/heap_4.o
START GROUP
LOAD C:/ST/STM32CubeIDE_1.19.0/STM32CubeIDE/plugins/com.st.stm32cube.ide.mcu.externaltools.gnu-tools-for-stm32.13.3.rel1.win32_1.0.0.202411081344/tools/bin/../lib/gcc/arm-none-eabi/13.3.1/../../../../arm-none-eabi/lib/thumb/v7e-m+fp/hard\libc_nano.a
LOAD C:/ST/STM32CubeIDE_1.19.0/STM32CubeIDE/plugins/com.st.stm32cube.ide.mcu.externaltools.gnu-tools-for-stm32.13.3.rel1.win32_1.0.0.202411081344/tools/bin/../lib/gcc/arm-none-eabi/13.3.1/../../../../arm-none-eabi/lib/thumb/v7e-m+fp/hard\libm.a
END GROUP
START GROUP
LOAD C:/ST/STM32CubeIDE_1.19.0/STM32CubeIDE/plugins/com.st.stm32cube.ide.mcu.externaltools.gnu-tools-for-stm32.13.3.rel1.win32_1.0.0.202411081344/tools/bin/../lib/gcc/arm-none-eabi/13.3.1/thumb/v7e-m+fp/hard\libgcc.a
LOAD C:/ST/STM32CubeIDE_1.19.0/STM32CubeIDE/plugins/com.st.stm32cube.ide.mcu.externaltools.gnu-tools-for-stm32.13.3.rel1.win32_1.0.0.202411081344/tools/bin/../lib/gcc/arm-none-eabi/13.3.1/../../../../arm-none-eabi/lib/thumb/v7e-m+fp/hard\libc_nano.a
END GROUP
START GROUP
LOAD C:/ST/STM32CubeIDE_1.19.0/STM32CubeIDE/plugins/com.st.stm32cube.ide.mcu.externaltools.gnu-tools-for-stm32.13.3.rel1.win32_1.0.0.202411081344/tools/bin/../lib/gcc/arm-none-eabi/13.3.1/thumb/v7e-m+fp/hard\libgcc.a
LOAD C:/ST/STM32CubeIDE_1.19.0/STM32CubeIDE/plugins/com.st.stm32cube.ide.mcu.externaltools.gnu-tools-for-stm32.13.3.rel1.win32_1.0.0.202411081344/tools/bin/../lib/gcc/arm-none-eabi/13.3.1/../../../../arm-none-eabi/lib/thumb/v7e-m+fp/hard\libc_nano.a
LOAD C:/ST/STM32CubeIDE_1.19.0/STM32CubeIDE/plugins/com.st.stm32cube.ide.mcu.externaltools.gnu-tools-for-stm32.13.3.rel1.win32_1.0.0.202411081344/tools/bin/../lib/gcc/arm-none-eabi/13.3.1/../../../../arm-none-eabi/lib/thumb/v7e-m+fp/hard\libnosys.a
END GROUP
START GROUP
LOAD C:/ST/STM32CubeIDE_1.19.0/STM32CubeIDE/plugins/com.st.stm32cube.ide.mcu.externaltools.gnu-tools-for-stm32.13.3.rel1.win32_1.0.0.202411081344/tools/bin/../lib/gcc/arm-none-eabi/13.3.1/thumb/v7e-m+fp/hard\libgcc.a
LOAD C:/ST/STM32CubeIDE_1.19.0/STM32CubeIDE/plugins/com.st.stm32cube.ide.mcu.externaltools.gnu-tools-for-stm32.13.3.rel1.win32_1.0.0.202411081344/tools/bin/../lib/gcc/arm-none-eabi/13.3.1/../../../../arm-none-eabi/lib/thumb/v7e-m+fp/hard\libc_nano.a
LOAD C:/ST/STM32CubeIDE_1.19.0/STM32CubeIDE/plugins/com.st.stm32cube.ide.mcu.externaltools.gnu-tools-for-stm32.13.3.rel1.win32_1.0.0.202411081344/tools/bin/../lib/gcc/arm-none-eabi/13.3.1/../../../../arm-none-eabi/lib/thumb/v7e-m+fp/hard\libnosys.a
END GROUP
LOAD C:/ST/STM32CubeIDE_1.19.0/STM32CubeIDE/plugins/com.st.stm32cube.ide.mcu.externaltools.gnu-tools-for-stm32.13.3.rel1.win32_1.0.0.202411081344/tools/bin/../lib/gcc/arm-none-eabi/13.3.1/thumb/v7e-m+fp/hard/crtend.o
LOAD C:/ST/STM32CubeIDE_1.19.0/STM32CubeIDE/plugins/com.st.stm32cube.ide.mcu.externaltools.gnu-tools-for-stm32.13.3.rel1.win32_1.0.0.202411081344/tools/bin/../lib/gcc/arm-none-eabi/13.3.1/thumb/v7e-m+fp/hard/crtn.o
                0x20010000                        _estack = (ORIGIN (RAM) + LENGTH (RAM))
                0x00000200                        _Min_Heap_Size = 0x200
                0x00000400                        _Min_Stack_Size = 0x400

.isr_vector     0x08000000      0x194
                0x08000000                        . = ALIGN (0x4)
 *(.isr_vector)
 .isr_vector    0x08000000      0x194 ./Core/Startup/startup_stm32f401rctx.o
                0x08000000                g_pfnVectors
                0x08000194                        . = ALIGN (0x4)

.text           0x080001a0     0xaf24
                0x080001a0                        . = ALIGN (0x4)
 *(.text)
 .text          0x080001a0       0x40 C:/ST/STM32CubeIDE_1.19.0/STM32CubeIDE/plugins/com.st.stm32cube.ide.mcu.externaltools.gnu-tools-for-stm32.13.3.rel1.win32_1.0.0.202411081344/tools/bin/../lib/gcc/arm-none-eabi/13.3.1/thumb/v7e-m+fp/hard/crtbegin.o
 .text          0x080001e0       0xa0 C:/ST/STM32CubeIDE_1.19.0/STM32CubeIDE/plugins/com.st.stm32cube.ide.mcu.externaltools.gnu-tools-for-stm32.13.3.rel1.win32_1.0.0.202411081344/tools/bin/../lib/gcc/arm-none-eabi/13.3.1/../../../../arm-none-eabi/lib/thumb/v7e-m+fp/hard\libc_nano.a(libc_a-memchr.o)
                0x080001e0                memchr
 .text          0x08000280      0x378 C:/ST/STM32CubeIDE_1.19.0/STM32CubeIDE/plugins/com.st.stm32cube.ide.mcu.externaltools.gnu-tools-for-stm32.13.3.rel1.win32_1.0.0.202411081344/tools/bin/../lib/gcc/arm-none-eabi/13.3.1/thumb/v7e-m+fp/hard\libgcc.a(_arm_addsubdf3.o)
                0x08000280                __aeabi_drsub
                0x08000288                __aeabi_dsub
                0x08000288                __subdf3
                0x0800028c                __aeabi_dadd
                0x0800028c                __adddf3
                0x08000504                __floatunsidf
                0x08000504                __aeabi_ui2d
                0x08000524                __floatsidf
                0x08000524                __aeabi_i2d
                0x08000548                __aeabi_f2d
                0x08000548                __extendsfdf2
                0x0800058c                __floatundidf
                0x0800058c                __aeabi_ul2d
                0x0800059c                __floatdidf
                0x0800059c                __aeabi_l2d
 .text          0x080005f8      0x110 C:/ST/STM32CubeIDE_1.19.0/STM32CubeIDE/plugins/com.st.stm32cube.ide.mcu.externaltools.gnu-tools-for-stm32.13.3.rel1.win32_1.0.0.202411081344/tools/bin/../lib/gcc/arm-none-eabi/13.3.1/thumb/v7e-m+fp/hard\libgcc.a(_arm_cmpdf2.o)
                0x080005f8                __gtdf2
                0x080005f8                __gedf2
                0x08000600                __ltdf2
                0x08000600                __ledf2
                0x08000608                __nedf2
                0x08000608                __eqdf2
                0x08000608                __cmpdf2
                0x08000684                __aeabi_cdrcmple
                0x08000694                __aeabi_cdcmpeq
                0x08000694                __aeabi_cdcmple
                0x080006a4                __aeabi_dcmpeq
                0x080006b8                __aeabi_dcmplt
                0x080006cc                __aeabi_dcmple
                0x080006e0                __aeabi_dcmpge
                0x080006f4                __aeabi_dcmpgt
 .text          0x08000708       0x30 C:/ST/STM32CubeIDE_1.19.0/STM32CubeIDE/plugins/com.st.stm32cube.ide.mcu.externaltools.gnu-tools-for-stm32.13.3.rel1.win32_1.0.0.202411081344/tools/bin/../lib/gcc/arm-none-eabi/13.3.1/thumb/v7e-m+fp/hard\libgcc.a(_aeabi_uldivmod.o)
                0x08000708                __aeabi_uldivmod
 .text          0x08000738      0x2f8 C:/ST/STM32CubeIDE_1.19.0/STM32CubeIDE/plugins/com.st.stm32cube.ide.mcu.externaltools.gnu-tools-for-stm32.13.3.rel1.win32_1.0.0.202411081344/tools/bin/../lib/gcc/arm-none-eabi/13.3.1/thumb/v7e-m+fp/hard\libgcc.a(_udivmoddi4.o)
                0x08000738                __udivmoddi4
 .text          0x08000a30        0x4 C:/ST/STM32CubeIDE_1.19.0/STM32CubeIDE/plugins/com.st.stm32cube.ide.mcu.externaltools.gnu-tools-for-stm32.13.3.rel1.win32_1.0.0.202411081344/tools/bin/../lib/gcc/arm-none-eabi/13.3.1/thumb/v7e-m+fp/hard\libgcc.a(_dvmd_tls.o)
                0x08000a30                __aeabi_idiv0
                0x08000a30                __aeabi_ldiv0
 *(.text*)
 .text.Command_Task
                0x08000a34       0x48 ./Core/Src/command_processor.o
                0x08000a34                Command_Task
 .text.Command_Process
                0x08000a7c      0x644 ./Core/Src/command_processor.o
                0x08000a7c                Command_Process
 .text.Command_SafetyCheck
                0x080010c0       0x38 ./Core/Src/command_processor.o
                0x080010c0                Command_SafetyCheck
 .text.vApplicationGetIdleTaskMemory
                0x080010f8       0x34 ./Core/Src/freertos.o
                0x080010f8                vApplicationGetIdleTaskMemory
 .text.I2C_Scanner
                0x0800112c       0xd4 ./Core/Src/i2c_scanner.o
                0x0800112c                I2C_Scanner
 .text.LED_Init
                0x08001200       0xec ./Core/Src/led_indicators.o
                0x08001200                LED_Init
 .text.LED_Toggle_RX
                0x080012ec       0x18 ./Core/Src/led_indicators.o
                0x080012ec                LED_Toggle_RX
 .text.LED_Toggle_TX
                0x08001304       0x18 ./Core/Src/led_indicators.o
                0x08001304                LED_Toggle_TX
 .text.LED_Toggle_Heartbeat
                0x0800131c       0x18 ./Core/Src/led_indicators.o
                0x0800131c                LED_Toggle_Heartbeat
 .text.LED_SetWallIndicators
                0x08001334       0x38 ./Core/Src/led_indicators.o
                0x08001334                LED_SetWallIndicators
 .text.LED_SelfTest
                0x0800136c       0x3c ./Core/Src/led_indicators.o
                0x0800136c                LED_SelfTest
 .text.USART1_IRQHandler
                0x080013a8        0xc ./Core/Src/main.o
                0x080013a8                USART1_IRQHandler
 .text.main     0x080013b4      0x1ac ./Core/Src/main.o
                0x080013b4                main
 .text.SystemClock_Config
                0x08001560       0xc0 ./Core/Src/main.o
                0x08001560                SystemClock_Config
 .text.MX_I2C2_Init
                0x08001620       0x5c ./Core/Src/main.o
 .text.MX_USART2_UART_Init
                0x0800167c       0x54 ./Core/Src/main.o
 .text.MX_GPIO_Init
                0x080016d0       0x50 ./Core/Src/main.o
 .text.StartDefaultTask
                0x08001720       0x5c ./Core/Src/main.o
                0x08001720                StartDefaultTask
 .text.HAL_TIM_PeriodElapsedCallback
                0x0800177c       0x1e ./Core/Src/main.o
                0x0800177c                HAL_TIM_PeriodElapsedCallback
 .text.Error_Handler
                0x0800179a        0xc ./Core/Src/main.o
                0x0800179a                Error_Handler
 .text.Motor_ApplyChannels
                0x080017a6       0x32 ./Core/Src/motor_control.o
 .text.Motor_GPIO_Init
                0x080017d8       0x60 ./Core/Src/motor_control.o
                0x080017d8                Motor_GPIO_Init
 .text.Motor_TIM5_PWM_Init
                0x08001838      0x108 ./Core/Src/motor_control.o
                0x08001838                Motor_TIM5_PWM_Init
 .text.Motor_SetSpeed
                0x08001940      0x158 ./Core/Src/motor_control.o
                0x08001940                Motor_SetSpeed
 .text.Motor_SetSpeed_Smooth
                0x08001a98      0x3a4 ./Core/Src/motor_control.o
                0x08001a98                Motor_SetSpeed_Smooth
 .text.Motor_Forward
                0x08001e3c       0x3e ./Core/Src/motor_control.o
                0x08001e3c                Motor_Forward
 .text.Motor_Reverse
                0x08001e7a       0x3e ./Core/Src/motor_control.o
                0x08001e7a                Motor_Reverse
 .text.Motor_Left
                0x08001eb8       0x3e ./Core/Src/motor_control.o
                0x08001eb8                Motor_Left
 .text.Motor_Right
                0x08001ef6       0x3e ./Core/Src/motor_control.o
                0x08001ef6                Motor_Right
 .text.Motor_ForwardDifferential
                0x08001f34       0x34 ./Core/Src/motor_control.o
                0x08001f34                Motor_ForwardDifferential
 .text.Motor_Stop
                0x08001f68       0x14 ./Core/Src/motor_control.o
                0x08001f68                Motor_Stop
 .text.Motor_Stop_Smooth
                0x08001f7c       0x14 ./Core/Src/motor_control.o
                0x08001f7c                Motor_Stop_Smooth
 .text.Motor_SpotTurnSmooth
                0x08001f90      0x1a4 ./Core/Src/motor_control.o
                0x08001f90                Motor_SpotTurnSmooth
 .text.HAL_MspInit
                0x08002134       0x58 ./Core/Src/stm32f4xx_hal_msp.o
                0x08002134                HAL_MspInit
 .text.HAL_I2C_MspInit
                0x0800218c       0xb0 ./Core/Src/stm32f4xx_hal_msp.o
                0x0800218c                HAL_I2C_MspInit
 .text.HAL_UART_MspInit
                0x0800223c       0x90 ./Core/Src/stm32f4xx_hal_msp.o
                0x0800223c                HAL_UART_MspInit
 .text.HAL_InitTick
                0x080022cc       0xf8 ./Core/Src/stm32f4xx_hal_timebase_tim.o
                0x080022cc                HAL_InitTick
 .text.NMI_Handler
                0x080023c4        0x8 ./Core/Src/stm32f4xx_it.o
                0x080023c4                NMI_Handler
 .text.HardFault_Handler
                0x080023cc        0x8 ./Core/Src/stm32f4xx_it.o
                0x080023cc                HardFault_Handler
 .text.MemManage_Handler
                0x080023d4        0x8 ./Core/Src/stm32f4xx_it.o
                0x080023d4                MemManage_Handler
 .text.BusFault_Handler
                0x080023dc        0x8 ./Core/Src/stm32f4xx_it.o
                0x080023dc                BusFault_Handler
 .text.UsageFault_Handler
                0x080023e4        0x8 ./Core/Src/stm32f4xx_it.o
                0x080023e4                UsageFault_Handler
 .text.DebugMon_Handler
                0x080023ec        0xe ./Core/Src/stm32f4xx_it.o
                0x080023ec                DebugMon_Handler
 *fill*         0x080023fa        0x2 
 .text.TIM2_IRQHandler
                0x080023fc       0x14 ./Core/Src/stm32f4xx_it.o
                0x080023fc                TIM2_IRQHandler
 .text._sbrk    0x08002410       0x6c ./Core/Src/sysmem.o
                0x08002410                _sbrk
 .text.SystemInit
                0x0800247c       0x24 ./Core/Src/system_stm32f4xx.o
                0x0800247c                SystemInit
 .text.ToF_GPIO_Init
                0x080024a0       0x70 ./Core/Src/tof_sensors.o
                0x080024a0                ToF_GPIO_Init
 .text.ToF_EnableSensor1
                0x08002510       0x1c ./Core/Src/tof_sensors.o
                0x08002510                ToF_EnableSensor1
 .text.ToF_EnableSensor2
                0x0800252c       0x1c ./Core/Src/tof_sensors.o
                0x0800252c                ToF_EnableSensor2
 .text.ToF_DisableSensor1
                0x08002548       0x18 ./Core/Src/tof_sensors.o
                0x08002548                ToF_DisableSensor1
 .text.ToF_DisableSensor2
                0x08002560       0x18 ./Core/Src/tof_sensors.o
                0x08002560                ToF_DisableSensor2
 .text.ToF_DisableAll
                0x08002578       0x10 ./Core/Src/tof_sensors.o
                0x08002578                ToF_DisableAll
 .text.ToF_InitSensors
                0x08002588      0x174 ./Core/Src/tof_sensors.o
                0x08002588                ToF_InitSensors
 .text.ToF_ReadSensor1
                0x080026fc       0xac ./Core/Src/tof_sensors.o
                0x080026fc                ToF_ReadSensor1
 .text.ToF_ReadSensor2
                0x080027a8       0xac ./Core/Src/tof_sensors.o
                0x080027a8                ToF_ReadSensor2
 .text.ToF_UpdateJunctionDetection
                0x08002854       0xd8 ./Core/Src/tof_sensors.o
                0x08002854                ToF_UpdateJunctionDetection
 .text.ToF_Task
                0x0800292c      0x4d4 ./Core/Src/tof_sensors.o
                0x0800292c                ToF_Task
 .text.UART_GPIO_Init
                0x08002e00       0x60 ./Core/Src/uart_comm.o
                0x08002e00                UART_GPIO_Init
 .text.UART_Init
                0x08002e60       0xa4 ./Core/Src/uart_comm.o
                0x08002e60                UART_Init
 .text.UART_IRQHandler
                0x08002f04       0xd8 ./Core/Src/uart_comm.o
                0x08002f04                UART_IRQHandler
 .text.UART_SendString
                0x08002fdc       0x40 ./Core/Src/uart_comm.o
                0x08002fdc                UART_SendString
 .text.UART_SendUInt
                0x0800301c       0xa4 ./Core/Src/uart_comm.o
                0x0800301c                UART_SendUInt
 .text.UART_SendCRLF
                0x080030c0       0x3c ./Core/Src/uart_comm.o
                0x080030c0                UART_SendCRLF
 .text.DWT_Delay_Init
                0x080030fc       0x34 ./Core/Src/ultrasonic.o
 .text.delay_us
                0x08003130       0x50 ./Core/Src/ultrasonic.o
 .text.Ultrasonic_Measure_Pin
                0x08003180      0x108 ./Core/Src/ultrasonic.o
 .text.Ultrasonic_GPIO_Init
                0x08003288      0x114 ./Core/Src/ultrasonic.o
                0x08003288                Ultrasonic_GPIO_Init
 .text.Ultrasonic_Init
                0x0800339c       0x2c ./Core/Src/ultrasonic.o
                0x0800339c                Ultrasonic_Init
 .text.Ultrasonic_MeasureA
                0x080033c8       0x24 ./Core/Src/ultrasonic.o
                0x080033c8                Ultrasonic_MeasureA
 .text.Ultrasonic_MeasureB
                0x080033ec       0x1c ./Core/Src/ultrasonic.o
                0x080033ec                Ultrasonic_MeasureB
 .text.Ultrasonic_MeasureC
                0x08003408       0x1c ./Core/Src/ultrasonic.o
                0x08003408                Ultrasonic_MeasureC
 .text.VL53L0X_ReadReg8
                0x08003424       0x40 ./Core/Src/vl53l0x_pololu.o
 .text.VL53L0X_ReadReg16
                0x08003464       0x4c ./Core/Src/vl53l0x_pololu.o
 .text.VL53L0X_ReadMulti
                0x080034b0       0x42 ./Core/Src/vl53l0x_pololu.o
 .text.VL53L0X_WriteReg8
                0x080034f2       0x3c ./Core/Src/vl53l0x_pololu.o
 .text.VL53L0X_WriteReg16
                0x0800352e       0x4e ./Core/Src/vl53l0x_pololu.o
 .text.VL53L0X_WriteMulti
                0x0800357c       0x42 ./Core/Src/vl53l0x_pololu.o
 .text.decodeTimeout
                0x080035be       0x28 ./Core/Src/vl53l0x_pololu.o
 .text.encodeTimeout
                0x080035e6       0x52 ./Core/Src/vl53l0x_pololu.o
 .text.timeoutMclksToMicroseconds
                0x08003638       0x50 ./Core/Src/vl53l0x_pololu.o
 .text.timeoutMicrosecondsToMclks
                0x08003688       0x4c ./Core/Src/vl53l0x_pololu.o
 .text.getSpadInfo
                0x080036d4      0x166 ./Core/Src/vl53l0x_pololu.o
 .text.getSequenceStepEnables
                0x0800383a       0x68 ./Core/Src/vl53l0x_pololu.o
 .text.getSequenceStepTimeouts
                0x080038a2       0xe2 ./Core/Src/vl53l0x_pololu.o
 .text.performSingleRefCalibration
                0x08003984       0x74 ./Core/Src/vl53l0x_pololu.o
 .text.VL53L0X_Pololu_Init
                0x080039f8       0x40 ./Core/Src/vl53l0x_pololu.o
                0x080039f8                VL53L0X_Pololu_Init
 .text.VL53L0X_Pololu_SetAddress
                0x08003a38       0x2c ./Core/Src/vl53l0x_pololu.o
                0x08003a38                VL53L0X_Pololu_SetAddress
 .text.VL53L0X_Pololu_Setup
                0x08003a64      0x690 ./Core/Src/vl53l0x_pololu.o
                0x08003a64                VL53L0X_Pololu_Setup
 .text.VL53L0X_Pololu_ReadRangeSingleMillimeters
                0x080040f4       0xae ./Core/Src/vl53l0x_pololu.o
                0x080040f4                VL53L0X_Pololu_ReadRangeSingleMillimeters
 .text.VL53L0X_Pololu_ReadRangeContinuousMillimeters
                0x080041a2       0x68 ./Core/Src/vl53l0x_pololu.o
                0x080041a2                VL53L0X_Pololu_ReadRangeContinuousMillimeters
 *fill*         0x0800420a        0x6 
 .text.VL53L0X_Pololu_SetSignalRateLimit
                0x08004210       0x6c ./Core/Src/vl53l0x_pololu.o
                0x08004210                VL53L0X_Pololu_SetSignalRateLimit
 .text.VL53L0X_Pololu_SetMeasurementTimingBudget
                0x0800427c      0x112 ./Core/Src/vl53l0x_pololu.o
                0x0800427c                VL53L0X_Pololu_SetMeasurementTimingBudget
 .text.VL53L0X_Pololu_GetMeasurementTimingBudget
                0x0800438e       0xce ./Core/Src/vl53l0x_pololu.o
                0x0800438e                VL53L0X_Pololu_GetMeasurementTimingBudget
 .text.WallAvoidance_Task
                0x0800445c      0x430 ./Core/Src/wall_avoidance.o
                0x0800445c                WallAvoidance_Task
 .text.Reset_Handler
                0x0800488c       0x50 ./Core/Startup/startup_stm32f401rctx.o
                0x0800488c                Reset_Handler
 .text.Default_Handler
                0x080048dc        0x2 ./Core/Startup/startup_stm32f401rctx.o
                0x080048dc                RTC_Alarm_IRQHandler
                0x080048dc                EXTI2_IRQHandler
                0x080048dc                SPI4_IRQHandler
                0x080048dc                TIM1_CC_IRQHandler
                0x080048dc                DMA2_Stream5_IRQHandler
                0x080048dc                DMA1_Stream5_IRQHandler
                0x080048dc                PVD_IRQHandler
                0x080048dc                SDIO_IRQHandler
                0x080048dc                TAMP_STAMP_IRQHandler
                0x080048dc                EXTI3_IRQHandler
                0x080048dc                TIM1_UP_TIM10_IRQHandler
                0x080048dc                I2C3_ER_IRQHandler
                0x080048dc                EXTI0_IRQHandler
                0x080048dc                I2C2_EV_IRQHandler
                0x080048dc                DMA1_Stream2_IRQHandler
                0x080048dc                FPU_IRQHandler
                0x080048dc                DMA2_Stream2_IRQHandler
                0x080048dc                SPI1_IRQHandler
                0x080048dc                TIM1_BRK_TIM9_IRQHandler
                0x080048dc                DMA2_Stream3_IRQHandler
                0x080048dc                USART6_IRQHandler
                0x080048dc                DMA2_Stream0_IRQHandler
                0x080048dc                TIM4_IRQHandler
                0x080048dc                I2C1_EV_IRQHandler
                0x080048dc                DMA1_Stream6_IRQHandler
                0x080048dc                DMA1_Stream1_IRQHandler
                0x080048dc                TIM3_IRQHandler
                0x080048dc                RCC_IRQHandler
                0x080048dc                Default_Handler
                0x080048dc                EXTI15_10_IRQHandler
                0x080048dc                ADC_IRQHandler
                0x080048dc                DMA1_Stream7_IRQHandler
                0x080048dc                TIM5_IRQHandler
                0x080048dc                DMA2_Stream7_IRQHandler
                0x080048dc                I2C3_EV_IRQHandler
                0x080048dc                EXTI9_5_IRQHandler
                0x080048dc                RTC_WKUP_IRQHandler
                0x080048dc                SPI2_IRQHandler
                0x080048dc                DMA1_Stream0_IRQHandler
                0x080048dc                EXTI4_IRQHandler
                0x080048dc                WWDG_IRQHandler
                0x080048dc                OTG_FS_WKUP_IRQHandler
                0x080048dc                TIM1_TRG_COM_TIM11_IRQHandler
                0x080048dc                EXTI1_IRQHandler
                0x080048dc                USART2_IRQHandler
                0x080048dc                I2C2_ER_IRQHandler
                0x080048dc                DMA2_Stream1_IRQHandler
                0x080048dc                FLASH_IRQHandler
                0x080048dc                DMA2_Stream4_IRQHandler
                0x080048dc                OTG_FS_IRQHandler
                0x080048dc                SPI3_IRQHandler
                0x080048dc                DMA1_Stream4_IRQHandler
                0x080048dc                I2C1_ER_IRQHandler
                0x080048dc                DMA2_Stream6_IRQHandler
                0x080048dc                DMA1_Stream3_IRQHandler
 *fill*         0x080048de        0x2 
 .text.HAL_Init
                0x080048e0       0x44 ./Drivers/STM32F4xx_HAL_Driver/Src/stm32f4xx_hal.o
                0x080048e0                HAL_Init
 .text.HAL_IncTick
                0x08004924       0x28 ./Drivers/STM32F4xx_HAL_Driver/Src/stm32f4xx_hal.o
                0x08004924                HAL_IncTick
 .text.HAL_GetTick
                0x0800494c       0x18 ./Drivers/STM32F4xx_HAL_Driver/Src/stm32f4xx_hal.o
                0x0800494c                HAL_GetTick
 .text.HAL_Delay
                0x08004964       0x48 ./Drivers/STM32F4xx_HAL_Driver/Src/stm32f4xx_hal.o
                0x08004964                HAL_Delay
 .text.__NVIC_SetPriorityGrouping
                0x080049ac       0x48 ./Drivers/STM32F4xx_HAL_Driver/Src/stm32f4xx_hal_cortex.o
 .text.__NVIC_GetPriorityGrouping
                0x080049f4       0x1c ./Drivers/STM32F4xx_HAL_Driver/Src/stm32f4xx_hal_cortex.o
 .text.__NVIC_EnableIRQ
                0x08004a10       0x3c ./Drivers/STM32F4xx_HAL_Driver/Src/stm32f4xx_hal_cortex.o
 .text.__NVIC_SetPriority
                0x08004a4c       0x54 ./Drivers/STM32F4xx_HAL_Driver/Src/stm32f4xx_hal_cortex.o
 .text.NVIC_EncodePriority
                0x08004aa0       0x66 ./Drivers/STM32F4xx_HAL_Driver/Src/stm32f4xx_hal_cortex.o
 .text.HAL_NVIC_SetPriorityGrouping
                0x08004b06       0x16 ./Drivers/STM32F4xx_HAL_Driver/Src/stm32f4xx_hal_cortex.o
                0x08004b06                HAL_NVIC_SetPriorityGrouping
 .text.HAL_NVIC_SetPriority
                0x08004b1c       0x38 ./Drivers/STM32F4xx_HAL_Driver/Src/stm32f4xx_hal_cortex.o
                0x08004b1c                HAL_NVIC_SetPriority
 .text.HAL_NVIC_EnableIRQ
                0x08004b54       0x1c ./Drivers/STM32F4xx_HAL_Driver/Src/stm32f4xx_hal_cortex.o
                0x08004b54                HAL_NVIC_EnableIRQ
 .text.HAL_GPIO_Init
                0x08004b70      0x308 ./Drivers/STM32F4xx_HAL_Driver/Src/stm32f4xx_hal_gpio.o
                0x08004b70                HAL_GPIO_Init
 .text.HAL_GPIO_ReadPin
                0x08004e78       0x30 ./Drivers/STM32F4xx_HAL_Driver/Src/stm32f4xx_hal_gpio.o
                0x08004e78                HAL_GPIO_ReadPin
 .text.HAL_GPIO_WritePin
                0x08004ea8       0x32 ./Drivers/STM32F4xx_HAL_Driver/Src/stm32f4xx_hal_gpio.o
                0x08004ea8                HAL_GPIO_WritePin
 .text.HAL_GPIO_TogglePin
                0x08004eda       0x34 ./Drivers/STM32F4xx_HAL_Driver/Src/stm32f4xx_hal_gpio.o
                0x08004eda                HAL_GPIO_TogglePin
 *fill*         0x08004f0e        0x2 
 .text.HAL_I2C_Init
                0x08004f10      0x288 ./Drivers/STM32F4xx_HAL_Driver/Src/stm32f4xx_hal_i2c.o
                0x08004f10                HAL_I2C_Init
 .text.HAL_I2C_Master_Receive
                0x08005198      0x464 ./Drivers/STM32F4xx_HAL_Driver/Src/stm32f4xx_hal_i2c.o
                0x08005198                HAL_I2C_Master_Receive
 .text.HAL_I2C_Mem_Write
                0x080055fc      0x1f4 ./Drivers/STM32F4xx_HAL_Driver/Src/stm32f4xx_hal_i2c.o
                0x080055fc                HAL_I2C_Mem_Write
 .text.HAL_I2C_Mem_Read
                0x080057f0      0x464 ./Drivers/STM32F4xx_HAL_Driver/Src/stm32f4xx_hal_i2c.o
                0x080057f0                HAL_I2C_Mem_Read
 .text.I2C_MasterRequestRead
                0x08005c54      0x19c ./Drivers/STM32F4xx_HAL_Driver/Src/stm32f4xx_hal_i2c.o
 .text.I2C_RequestMemoryWrite
                0x08005df0      0x12c ./Drivers/STM32F4xx_HAL_Driver/Src/stm32f4xx_hal_i2c.o
 .text.I2C_RequestMemoryRead
                0x08005f1c      0x1d0 ./Drivers/STM32F4xx_HAL_Driver/Src/stm32f4xx_hal_i2c.o
 .text.I2C_WaitOnFlagUntilTimeout
                0x080060ec       0xf4 ./Drivers/STM32F4xx_HAL_Driver/Src/stm32f4xx_hal_i2c.o
 .text.I2C_WaitOnMasterAddressFlagUntilTimeout
                0x080061e0      0x140 ./Drivers/STM32F4xx_HAL_Driver/Src/stm32f4xx_hal_i2c.o
 .text.I2C_WaitOnTXEFlagUntilTimeout
                0x08006320       0x90 ./Drivers/STM32F4xx_HAL_Driver/Src/stm32f4xx_hal_i2c.o
 .text.I2C_WaitOnBTFFlagUntilTimeout
                0x080063b0       0x90 ./Drivers/STM32F4xx_HAL_Driver/Src/stm32f4xx_hal_i2c.o
 .text.I2C_WaitOnRXNEFlagUntilTimeout
                0x08006440       0xba ./Drivers/STM32F4xx_HAL_Driver/Src/stm32f4xx_hal_i2c.o
 .text.I2C_IsAcknowledgeFailed
                0x080064fa       0x5e ./Drivers/STM32F4xx_HAL_Driver/Src/stm32f4xx_hal_i2c.o
 .text.HAL_RCC_OscConfig
                0x08006558      0x4f0 ./Drivers/STM32F4xx_HAL_Driver/Src/stm32f4xx_hal_rcc.o
                0x08006558                HAL_RCC_OscConfig
 .text.HAL_RCC_ClockConfig
                0x08006a48      0x1cc ./Drivers/STM32F4xx_HAL_Driver/Src/stm32f4xx_hal_rcc.o
                0x08006a48                HAL_RCC_ClockConfig
 .text.HAL_RCC_GetSysClockFreq
                0x08006c14      0x18c ./Drivers/STM32F4xx_HAL_Driver/Src/stm32f4xx_hal_rcc.o
                0x08006c14                HAL_RCC_GetSysClockFreq
 .text.HAL_RCC_GetHCLKFreq
                0x08006da0       0x18 ./Drivers/STM32F4xx_HAL_Driver/Src/stm32f4xx_hal_rcc.o
                0x08006da0                HAL_RCC_GetHCLKFreq
 .text.HAL_RCC_GetPCLK1Freq
                0x08006db8       0x28 ./Drivers/STM32F4xx_HAL_Driver/Src/stm32f4xx_hal_rcc.o
                0x08006db8                HAL_RCC_GetPCLK1Freq
 .text.HAL_RCC_GetPCLK2Freq
                0x08006de0       0x28 ./Drivers/STM32F4xx_HAL_Driver/Src/stm32f4xx_hal_rcc.o
                0x08006de0                HAL_RCC_GetPCLK2Freq
 .text.HAL_RCC_GetClockConfig
                0x08006e08       0x64 ./Drivers/STM32F4xx_HAL_Driver/Src/stm32f4xx_hal_rcc.o
                0x08006e08                HAL_RCC_GetClockConfig
 .text.HAL_TIM_Base_Init
                0x08006e6c       0x9e ./Drivers/STM32F4xx_HAL_Driver/Src/stm32f4xx_hal_tim.o
                0x08006e6c                HAL_TIM_Base_Init
 .text.HAL_TIM_Base_MspInit
                0x08006f0a       0x14 ./Drivers/STM32F4xx_HAL_Driver/Src/stm32f4xx_hal_tim.o
                0x08006f0a                HAL_TIM_Base_MspInit
 *fill*         0x08006f1e        0x2 
 .text.HAL_TIM_Base_Start_IT
                0x08006f20       0xc4 ./Drivers/STM32F4xx_HAL_Driver/Src/stm32f4xx_hal_tim.o
                0x08006f20                HAL_TIM_Base_Start_IT
 .text.HAL_TIM_PWM_Init
                0x08006fe4       0x9e ./Drivers/STM32F4xx_HAL_Driver/Src/stm32f4xx_hal_tim.o
                0x08006fe4                HAL_TIM_PWM_Init
 .text.HAL_TIM_PWM_MspInit
                0x08007082       0x14 ./Drivers/STM32F4xx_HAL_Driver/Src/stm32f4xx_hal_tim.o
                0x08007082                HAL_TIM_PWM_MspInit
 *fill*         0x08007096        0x2 
 .text.HAL_TIM_PWM_Start
                0x08007098      0x160 ./Drivers/STM32F4xx_HAL_Driver/Src/stm32f4xx_hal_tim.o
                0x08007098                HAL_TIM_PWM_Start
 .text.HAL_TIM_IRQHandler
                0x080071f8      0x1e0 ./Drivers/STM32F4xx_HAL_Driver/Src/stm32f4xx_hal_tim.o
                0x080071f8                HAL_TIM_IRQHandler
 .text.HAL_TIM_PWM_ConfigChannel
                0x080073d8      0x184 ./Drivers/STM32F4xx_HAL_Driver/Src/stm32f4xx_hal_tim.o
                0x080073d8                HAL_TIM_PWM_ConfigChannel
 .text.HAL_TIM_OC_DelayElapsedCallback
                0x0800755c       0x14 ./Drivers/STM32F4xx_HAL_Driver/Src/stm32f4xx_hal_tim.o
                0x0800755c                HAL_TIM_OC_DelayElapsedCallback
 .text.HAL_TIM_IC_CaptureCallback
                0x08007570       0x14 ./Drivers/STM32F4xx_HAL_Driver/Src/stm32f4xx_hal_tim.o
                0x08007570                HAL_TIM_IC_CaptureCallback
 .text.HAL_TIM_PWM_PulseFinishedCallback
                0x08007584       0x14 ./Drivers/STM32F4xx_HAL_Driver/Src/stm32f4xx_hal_tim.o
                0x08007584                HAL_TIM_PWM_PulseFinishedCallback
 .text.HAL_TIM_TriggerCallback
                0x08007598       0x14 ./Drivers/STM32F4xx_HAL_Driver/Src/stm32f4xx_hal_tim.o
                0x08007598                HAL_TIM_TriggerCallback
 .text.TIM_Base_SetConfig
                0x080075ac      0x10c ./Drivers/STM32F4xx_HAL_Driver/Src/stm32f4xx_hal_tim.o
                0x080075ac                TIM_Base_SetConfig
 .text.TIM_OC1_SetConfig
                0x080076b8       0xcc ./Drivers/STM32F4xx_HAL_Driver/Src/stm32f4xx_hal_tim.o
 .text.TIM_OC2_SetConfig
                0x08007784       0xd8 ./Drivers/STM32F4xx_HAL_Driver/Src/stm32f4xx_hal_tim.o
                0x08007784                TIM_OC2_SetConfig
 .text.TIM_OC3_SetConfig
                0x0800785c       0xd4 ./Drivers/STM32F4xx_HAL_Driver/Src/stm32f4xx_hal_tim.o
 .text.TIM_OC4_SetConfig
                0x08007930       0xa0 ./Drivers/STM32F4xx_HAL_Driver/Src/stm32f4xx_hal_tim.o
 .text.TIM_CCxChannelCmd
                0x080079d0       0x4a ./Drivers/STM32F4xx_HAL_Driver/Src/stm32f4xx_hal_tim.o
                0x080079d0                TIM_CCxChannelCmd
 .text.HAL_TIMEx_CommutCallback
                0x08007a1a       0x14 ./Drivers/STM32F4xx_HAL_Driver/Src/stm32f4xx_hal_tim_ex.o
                0x08007a1a                HAL_TIMEx_CommutCallback
 .text.HAL_TIMEx_BreakCallback
                0x08007a2e       0x14 ./Drivers/STM32F4xx_HAL_Driver/Src/stm32f4xx_hal_tim_ex.o
                0x08007a2e                HAL_TIMEx_BreakCallback
 .text.HAL_UART_Init
                0x08007a42       0xa0 ./Drivers/STM32F4xx_HAL_Driver/Src/stm32f4xx_hal_uart.o
                0x08007a42                HAL_UART_Init
 *fill*         0x08007ae2        0x2 
 .text.UART_SetConfig
                0x08007ae4      0x4e8 ./Drivers/STM32F4xx_HAL_Driver/Src/stm32f4xx_hal_uart.o
 .text.makeFreeRtosPriority
                0x08007fcc       0x30 ./Middlewares/Third_Party/FreeRTOS/Source/CMSIS_RTOS/cmsis_os.o
 .text.inHandlerMode
                0x08007ffc       0x24 ./Middlewares/Third_Party/FreeRTOS/Source/CMSIS_RTOS/cmsis_os.o
 .text.osKernelStart
                0x08008020        0xe ./Middlewares/Third_Party/FreeRTOS/Source/CMSIS_RTOS/cmsis_os.o
                0x08008020                osKernelStart
 .text.osThreadCreate
                0x0800802e       0x98 ./Middlewares/Third_Party/FreeRTOS/Source/CMSIS_RTOS/cmsis_os.o
                0x0800802e                osThreadCreate
 .text.osDelay  0x080080c6       0x28 ./Middlewares/Third_Party/FreeRTOS/Source/CMSIS_RTOS/cmsis_os.o
                0x080080c6                osDelay
 .text.osMessageCreate
                0x080080ee       0x50 ./Middlewares/Third_Party/FreeRTOS/Source/CMSIS_RTOS/cmsis_os.o
                0x080080ee                osMessageCreate
 *fill*         0x0800813e        0x2 
 .text.osMessagePut
                0x08008140       0x80 ./Middlewares/Third_Party/FreeRTOS/Source/CMSIS_RTOS/cmsis_os.o
                0x08008140                osMessagePut
 .text.osMessageGet
                0x080081c0       0xe8 ./Middlewares/Third_Party/FreeRTOS/Source/CMSIS_RTOS/cmsis_os.o
                0x080081c0                osMessageGet
 .text.vListInitialise
                0x080082a8       0x40 ./Middlewares/Third_Party/FreeRTOS/Source/list.o
                0x080082a8                vListInitialise
 .text.vListInitialiseItem
                0x080082e8       0x1a ./Middlewares/Third_Party/FreeRTOS/Source/list.o
                0x080082e8                vListInitialiseItem
 .text.vListInsertEnd
                0x08008302       0x48 ./Middlewares/Third_Party/FreeRTOS/Source/list.o
                0x08008302                vListInsertEnd
 .text.vListInsert
                0x0800834a       0x72 ./Middlewares/Third_Party/FreeRTOS/Source/list.o
                0x0800834a                vListInsert
 .text.uxListRemove
                0x080083bc       0x54 ./Middlewares/Third_Party/FreeRTOS/Source/list.o
                0x080083bc                uxListRemove
 .text.xQueueGenericReset
                0x08008410       0xd4 ./Middlewares/Third_Party/FreeRTOS/Source/queue.o
                0x08008410                xQueueGenericReset
 .text.xQueueGenericCreateStatic
                0x080084e4       0xfa ./Middlewares/Third_Party/FreeRTOS/Source/queue.o
                0x080084e4                xQueueGenericCreateStatic
 .text.xQueueGenericCreate
                0x080085de       0x76 ./Middlewares/Third_Party/FreeRTOS/Source/queue.o
                0x080085de                xQueueGenericCreate
 .text.prvInitialiseNewQueue
                0x08008654       0x3e ./Middlewares/Third_Party/FreeRTOS/Source/queue.o
 *fill*         0x08008692        0x2 
 .text.xQueueGenericSend
                0x08008694      0x204 ./Middlewares/Third_Party/FreeRTOS/Source/queue.o
                0x08008694                xQueueGenericSend
 .text.xQueueGenericSendFromISR
                0x08008898      0x13c ./Middlewares/Third_Party/FreeRTOS/Source/queue.o
                0x08008898                xQueueGenericSendFromISR
 .text.xQueueReceive
                0x080089d4      0x1c4 ./Middlewares/Third_Party/FreeRTOS/Source/queue.o
                0x080089d4                xQueueReceive
 .text.xQueueReceiveFromISR
                0x08008b98      0x104 ./Middlewares/Third_Party/FreeRTOS/Source/queue.o
                0x08008b98                xQueueReceiveFromISR
 .text.prvCopyDataToQueue
                0x08008c9c       0xd4 ./Middlewares/Third_Party/FreeRTOS/Source/queue.o
 .text.prvCopyDataFromQueue
                0x08008d70       0x4c ./Middlewares/Third_Party/FreeRTOS/Source/queue.o
 .text.prvUnlockQueue
                0x08008dbc       0xa4 ./Middlewares/Third_Party/FreeRTOS/Source/queue.o
 .text.prvIsQueueEmpty
                0x08008e60       0x2c ./Middlewares/Third_Party/FreeRTOS/Source/queue.o
 .text.prvIsQueueFull
                0x08008e8c       0x30 ./Middlewares/Third_Party/FreeRTOS/Source/queue.o
 .text.xTaskCreateStatic
                0x08008ebc       0xc0 ./Middlewares/Third_Party/FreeRTOS/Source/tasks.o
                0x08008ebc                xTaskCreateStatic
 .text.xTaskCreate
                0x08008f7c       0x8a ./Middlewares/Third_Party/FreeRTOS/Source/tasks.o
                0x08008f7c                xTaskCreate
 *fill*         0x08009006        0x2 
 .text.prvInitialiseNewTask
                0x08009008      0x140 ./Middlewares/Third_Party/FreeRTOS/Source/tasks.o
 .text.prvAddNewTaskToReadyList
                0x08009148       0xd4 ./Middlewares/Third_Party/FreeRTOS/Source/tasks.o
 .text.vTaskDelay
                0x0800921c       0x6c ./Middlewares/Third_Party/FreeRTOS/Source/tasks.o
                0x0800921c                vTaskDelay
 .text.vTaskSuspend
                0x08009288      0x128 ./Middlewares/Third_Party/FreeRTOS/Source/tasks.o
                0x08009288                vTaskSuspend
 .text.vTaskStartScheduler
                0x080093b0       0xd4 ./Middlewares/Third_Party/FreeRTOS/Source/tasks.o
                0x080093b0                vTaskStartScheduler
 .text.vTaskSuspendAll
                0x08009484       0x1c ./Middlewares/Third_Party/FreeRTOS/Source/tasks.o
                0x08009484                vTaskSuspendAll
 .text.xTaskResumeAll
                0x080094a0      0x13c ./Middlewares/Third_Party/FreeRTOS/Source/tasks.o
                0x080094a0                xTaskResumeAll
 .text.xTaskIncrementTick
                0x080095dc      0x174 ./Middlewares/Third_Party/FreeRTOS/Source/tasks.o
                0x080095dc                xTaskIncrementTick
 .text.vTaskSwitchContext
                0x08009750       0xc8 ./Middlewares/Third_Party/FreeRTOS/Source/tasks.o
                0x08009750                vTaskSwitchContext
 .text.vTaskPlaceOnEventList
                0x08009818       0x4c ./Middlewares/Third_Party/FreeRTOS/Source/tasks.o
                0x08009818                vTaskPlaceOnEventList
 .text.xTaskRemoveFromEventList
                0x08009864       0xc8 ./Middlewares/Third_Party/FreeRTOS/Source/tasks.o
                0x08009864                xTaskRemoveFromEventList
 .text.vTaskInternalSetTimeOutState
                0x0800992c       0x2c ./Middlewares/Third_Party/FreeRTOS/Source/tasks.o
                0x0800992c                vTaskInternalSetTimeOutState
 .text.xTaskCheckForTimeOut
                0x08009958       0xc8 ./Middlewares/Third_Party/FreeRTOS/Source/tasks.o
                0x08009958                xTaskCheckForTimeOut
 .text.vTaskMissedYield
                0x08009a20       0x18 ./Middlewares/Third_Party/FreeRTOS/Source/tasks.o
                0x08009a20                vTaskMissedYield
 .text.prvIdleTask
                0x08009a38       0x30 ./Middlewares/Third_Party/FreeRTOS/Source/tasks.o
 .text.prvInitialiseTaskLists
                0x08009a68       0x80 ./Middlewares/Third_Party/FreeRTOS/Source/tasks.o
 .text.prvCheckTasksWaitingTermination
                0x08009ae8       0x5c ./Middlewares/Third_Party/FreeRTOS/Source/tasks.o
 .text.prvDeleteTCB
                0x08009b44       0x6a ./Middlewares/Third_Party/FreeRTOS/Source/tasks.o
 *fill*         0x08009bae        0x2 
 .text.prvResetNextTaskUnblockTime
                0x08009bb0       0x40 ./Middlewares/Third_Party/FreeRTOS/Source/tasks.o
 .text.xTaskGetSchedulerState
                0x08009bf0       0x3c ./Middlewares/Third_Party/FreeRTOS/Source/tasks.o
                0x08009bf0                xTaskGetSchedulerState
 .text.xTaskPriorityDisinherit
                0x08009c2c      0x110 ./Middlewares/Third_Party/FreeRTOS/Source/tasks.o
                0x08009c2c                xTaskPriorityDisinherit
 .text.prvAddCurrentTaskToDelayedList
                0x08009d3c       0xcc ./Middlewares/Third_Party/FreeRTOS/Source/tasks.o
 .text.pxPortInitialiseStack
                0x08009e08       0x68 ./Middlewares/Third_Party/FreeRTOS/Source/portable/GCC/ARM_CM4F/port.o
                0x08009e08                pxPortInitialiseStack
 .text.prvTaskExitError
                0x08009e70       0x5c ./Middlewares/Third_Party/FreeRTOS/Source/portable/GCC/ARM_CM4F/port.o
 *fill*         0x08009ecc        0x4 
 .text.SVC_Handler
                0x08009ed0       0x28 ./Middlewares/Third_Party/FreeRTOS/Source/portable/GCC/ARM_CM4F/port.o
                0x08009ed0                SVC_Handler
 .text.prvPortStartFirstTask
                0x08009ef8       0x28 ./Middlewares/Third_Party/FreeRTOS/Source/portable/GCC/ARM_CM4F/port.o
 .text.xPortStartScheduler
                0x08009f20      0x148 ./Middlewares/Third_Party/FreeRTOS/Source/portable/GCC/ARM_CM4F/port.o
                0x08009f20                xPortStartScheduler
 .text.vPortEnterCritical
                0x0800a068       0x64 ./Middlewares/Third_Party/FreeRTOS/Source/portable/GCC/ARM_CM4F/port.o
                0x0800a068                vPortEnterCritical
 .text.vPortExitCritical
                0x0800a0cc       0x54 ./Middlewares/Third_Party/FreeRTOS/Source/portable/GCC/ARM_CM4F/port.o
                0x0800a0cc                vPortExitCritical
 .text.PendSV_Handler
                0x0800a120       0x68 ./Middlewares/Third_Party/FreeRTOS/Source/portable/GCC/ARM_CM4F/port.o
                0x0800a120                PendSV_Handler
 .text.SysTick_Handler
                0x0800a188       0x44 ./Middlewares/Third_Party/FreeRTOS/Source/portable/GCC/ARM_CM4F/port.o
                0x0800a188                SysTick_Handler
 .text.vPortSetupTimerInterrupt
                0x0800a1cc       0x48 ./Middlewares/Third_Party/FreeRTOS/Source/portable/GCC/ARM_CM4F/port.o
                0x0800a1cc                vPortSetupTimerInterrupt
 .text.vPortEnableVFP
                0x0800a214       0x14 ./Middlewares/Third_Party/FreeRTOS/Source/portable/GCC/ARM_CM4F/port.o
 .text.vPortValidateInterruptPriority
                0x0800a228       0x84 ./Middlewares/Third_Party/FreeRTOS/Source/portable/GCC/ARM_CM4F/port.o
                0x0800a228                vPortValidateInterruptPriority
 .text.pvPortMalloc
                0x0800a2ac      0x19c ./Middlewares/Third_Party/FreeRTOS/Source/portable/MemMang/heap_4.o
                0x0800a2ac                pvPortMalloc
 .text.vPortFree
                0x0800a448       0xc8 ./Middlewares/Third_Party/FreeRTOS/Source/portable/MemMang/heap_4.o
                0x0800a448                vPortFree
 .text.prvHeapInit
                0x0800a510       0xc4 ./Middlewares/Third_Party/FreeRTOS/Source/portable/MemMang/heap_4.o
 .text.prvInsertBlockIntoFreeList
                0x0800a5d4       0xb4 ./Middlewares/Third_Party/FreeRTOS/Source/portable/MemMang/heap_4.o
 .text.snprintf
                0x0800a688       0x6c C:/ST/STM32CubeIDE_1.19.0/STM32CubeIDE/plugins/com.st.stm32cube.ide.mcu.externaltools.gnu-tools-for-stm32.13.3.rel1.win32_1.0.0.202411081344/tools/bin/../lib/gcc/arm-none-eabi/13.3.1/../../../../arm-none-eabi/lib/thumb/v7e-m+fp/hard\libc_nano.a(libc_a-snprintf.o)
                0x0800a688                sniprintf
                0x0800a688                snprintf
 .text.memset   0x0800a6f4       0x10 C:/ST/STM32CubeIDE_1.19.0/STM32CubeIDE/plugins/com.st.stm32cube.ide.mcu.externaltools.gnu-tools-for-stm32.13.3.rel1.win32_1.0.0.202411081344/tools/bin/../lib/gcc/arm-none-eabi/13.3.1/../../../../arm-none-eabi/lib/thumb/v7e-m+fp/hard\libc_nano.a(libc_a-memset.o)
                0x0800a6f4                memset
 .text._reclaim_reent
                0x0800a704       0xbc C:/ST/STM32CubeIDE_1.19.0/STM32CubeIDE/plugins/com.st.stm32cube.ide.mcu.externaltools.gnu-tools-for-stm32.13.3.rel1.win32_1.0.0.202411081344/tools/bin/../lib/gcc/arm-none-eabi/13.3.1/../../../../arm-none-eabi/lib/thumb/v7e-m+fp/hard\libc_nano.a(libc_a-reent.o)
                0x0800a704                _reclaim_reent
 .text.__errno  0x0800a7c0        0xc C:/ST/STM32CubeIDE_1.19.0/STM32CubeIDE/plugins/com.st.stm32cube.ide.mcu.externaltools.gnu-tools-for-stm32.13.3.rel1.win32_1.0.0.202411081344/tools/bin/../lib/gcc/arm-none-eabi/13.3.1/../../../../arm-none-eabi/lib/thumb/v7e-m+fp/hard\libc_nano.a(libc_a-errno.o)
                0x0800a7c0                __errno
 .text.__libc_init_array
                0x0800a7cc       0x48 C:/ST/STM32CubeIDE_1.19.0/STM32CubeIDE/plugins/com.st.stm32cube.ide.mcu.externaltools.gnu-tools-for-stm32.13.3.rel1.win32_1.0.0.202411081344/tools/bin/../lib/gcc/arm-none-eabi/13.3.1/../../../../arm-none-eabi/lib/thumb/v7e-m+fp/hard\libc_nano.a(libc_a-init.o)
                0x0800a7cc                __libc_init_array
 .text.__retarget_lock_acquire_recursive
                0x0800a814        0x2 C:/ST/STM32CubeIDE_1.19.0/STM32CubeIDE/plugins/com.st.stm32cube.ide.mcu.externaltools.gnu-tools-for-stm32.13.3.rel1.win32_1.0.0.202411081344/tools/bin/../lib/gcc/arm-none-eabi/13.3.1/../../../../arm-none-eabi/lib/thumb/v7e-m+fp/hard\libc_nano.a(libc_a-lock.o)
                0x0800a814                __retarget_lock_acquire_recursive
 .text.__retarget_lock_release_recursive
                0x0800a816        0x2 C:/ST/STM32CubeIDE_1.19.0/STM32CubeIDE/plugins/com.st.stm32cube.ide.mcu.externaltools.gnu-tools-for-stm32.13.3.rel1.win32_1.0.0.202411081344/tools/bin/../lib/gcc/arm-none-eabi/13.3.1/../../../../arm-none-eabi/lib/thumb/v7e-m+fp/hard\libc_nano.a(libc_a-lock.o)
                0x0800a816                __retarget_lock_release_recursive
 .text.memcpy   0x0800a818       0x1c C:/ST/STM32CubeIDE_1.19.0/STM32CubeIDE/plugins/com.st.stm32cube.ide.mcu.externaltools.gnu-tools-for-stm32.13.3.rel1.win32_1.0.0.202411081344/tools/bin/../lib/gcc/arm-none-eabi/13.3.1/../../../../arm-none-eabi/lib/thumb/v7e-m+fp/hard\libc_nano.a(libc_a-memcpy-stub.o)
                0x0800a818                memcpy
 .text._free_r  0x0800a834       0x94 C:/ST/STM32CubeIDE_1.19.0/STM32CubeIDE/plugins/com.st.stm32cube.ide.mcu.externaltools.gnu-tools-for-stm32.13.3.rel1.win32_1.0.0.202411081344/tools/bin/../lib/gcc/arm-none-eabi/13.3.1/../../../../arm-none-eabi/lib/thumb/v7e-m+fp/hard\libc_nano.a(libc_a-freer.o)
                0x0800a834                _free_r
 .text.sbrk_aligned
                0x0800a8c8       0x44 C:/ST/STM32CubeIDE_1.19.0/STM32CubeIDE/plugins/com.st.stm32cube.ide.mcu.externaltools.gnu-tools-for-stm32.13.3.rel1.win32_1.0.0.202411081344/tools/bin/../lib/gcc/arm-none-eabi/13.3.1/../../../../arm-none-eabi/lib/thumb/v7e-m+fp/hard\libc_nano.a(libc_a-mallocr.o)
 .text._malloc_r
                0x0800a90c      0x100 C:/ST/STM32CubeIDE_1.19.0/STM32CubeIDE/plugins/com.st.stm32cube.ide.mcu.externaltools.gnu-tools-for-stm32.13.3.rel1.win32_1.0.0.202411081344/tools/bin/../lib/gcc/arm-none-eabi/13.3.1/../../../../arm-none-eabi/lib/thumb/v7e-m+fp/hard\libc_nano.a(libc_a-mallocr.o)
                0x0800a90c                _malloc_r
 .text.__malloc_lock
                0x0800aa0c        0xc C:/ST/STM32CubeIDE_1.19.0/STM32CubeIDE/plugins/com.st.stm32cube.ide.mcu.externaltools.gnu-tools-for-stm32.13.3.rel1.win32_1.0.0.202411081344/tools/bin/../lib/gcc/arm-none-eabi/13.3.1/../../../../arm-none-eabi/lib/thumb/v7e-m+fp/hard\libc_nano.a(libc_a-mlock.o)
                0x0800aa0c                __malloc_lock
 .text.__malloc_unlock
                0x0800aa18        0xc C:/ST/STM32CubeIDE_1.19.0/STM32CubeIDE/plugins/com.st.stm32cube.ide.mcu.externaltools.gnu-tools-for-stm32.13.3.rel1.win32_1.0.0.202411081344/tools/bin/../lib/gcc/arm-none-eabi/13.3.1/../../../../arm-none-eabi/lib/thumb/v7e-m+fp/hard\libc_nano.a(libc_a-mlock.o)
                0x0800aa18                __malloc_unlock
 .text.__ssputs_r
                0x0800aa24       0xb6 C:/ST/STM32CubeIDE_1.19.0/STM32CubeIDE/plugins/com.st.stm32cube.ide.mcu.externaltools.gnu-tools-for-stm32.13.3.rel1.win32_1.0.0.202411081344/tools/bin/../lib/gcc/arm-none-eabi/13.3.1/../../../../arm-none-eabi/lib/thumb/v7e-m+fp/hard\libc_nano.a(libc_a-nano-svfprintf.o)
                0x0800aa24                __ssputs_r
 *fill*         0x0800aada        0x2 
 .text._svfprintf_r
                0x0800aadc      0x1f8 C:/ST/STM32CubeIDE_1.19.0/STM32CubeIDE/plugins/com.st.stm32cube.ide.mcu.externaltools.gnu-tools-for-stm32.13.3.rel1.win32_1.0.0.202411081344/tools/bin/../lib/gcc/arm-none-eabi/13.3.1/../../../../arm-none-eabi/lib/thumb/v7e-m+fp/hard\libc_nano.a(libc_a-nano-svfprintf.o)
                0x0800aadc                _svfiprintf_r
                0x0800aadc                _svfprintf_r
 .text._printf_common
                0x0800acd4       0xda C:/ST/STM32CubeIDE_1.19.0/STM32CubeIDE/plugins/com.st.stm32cube.ide.mcu.externaltools.gnu-tools-for-stm32.13.3.rel1.win32_1.0.0.202411081344/tools/bin/../lib/gcc/arm-none-eabi/13.3.1/../../../../arm-none-eabi/lib/thumb/v7e-m+fp/hard\libc_nano.a(libc_a-nano-vfprintf_i.o)
                0x0800acd4                _printf_common
 *fill*         0x0800adae        0x2 
 .text._printf_i
                0x0800adb0      0x23c C:/ST/STM32CubeIDE_1.19.0/STM32CubeIDE/plugins/com.st.stm32cube.ide.mcu.externaltools.gnu-tools-for-stm32.13.3.rel1.win32_1.0.0.202411081344/tools/bin/../lib/gcc/arm-none-eabi/13.3.1/../../../../arm-none-eabi/lib/thumb/v7e-m+fp/hard\libc_nano.a(libc_a-nano-vfprintf_i.o)
                0x0800adb0                _printf_i
 .text.memmove  0x0800afec       0x34 C:/ST/STM32CubeIDE_1.19.0/STM32CubeIDE/plugins/com.st.stm32cube.ide.mcu.externaltools.gnu-tools-for-stm32.13.3.rel1.win32_1.0.0.202411081344/tools/bin/../lib/gcc/arm-none-eabi/13.3.1/../../../../arm-none-eabi/lib/thumb/v7e-m+fp/hard\libc_nano.a(libc_a-memmove.o)
                0x0800afec                memmove
 .text._sbrk_r  0x0800b020       0x20 C:/ST/STM32CubeIDE_1.19.0/STM32CubeIDE/plugins/com.st.stm32cube.ide.mcu.externaltools.gnu-tools-for-stm32.13.3.rel1.win32_1.0.0.202411081344/tools/bin/../lib/gcc/arm-none-eabi/13.3.1/../../../../arm-none-eabi/lib/thumb/v7e-m+fp/hard\libc_nano.a(libc_a-sbrkr.o)
                0x0800b020                _sbrk_r
 .text._realloc_r
                0x0800b040       0x5c C:/ST/STM32CubeIDE_1.19.0/STM32CubeIDE/plugins/com.st.stm32cube.ide.mcu.externaltools.gnu-tools-for-stm32.13.3.rel1.win32_1.0.0.202411081344/tools/bin/../lib/gcc/arm-none-eabi/13.3.1/../../../../arm-none-eabi/lib/thumb/v7e-m+fp/hard\libc_nano.a(libc_a-reallocr.o)
                0x0800b040                _realloc_r
 .text._malloc_usable_size_r
                0x0800b09c       0x10 C:/ST/STM32CubeIDE_1.19.0/STM32CubeIDE/plugins/com.st.stm32cube.ide.mcu.externaltools.gnu-tools-for-stm32.13.3.rel1.win32_1.0.0.202411081344/tools/bin/../lib/gcc/arm-none-eabi/13.3.1/../../../../arm-none-eabi/lib/thumb/v7e-m+fp/hard\libc_nano.a(libc_a-msizer.o)
                0x0800b09c                _malloc_usable_size_r
 *(.glue_7)
 .glue_7        0x0800b0ac        0x0 linker stubs
 *(.glue_7t)
 .glue_7t       0x0800b0ac        0x0 linker stubs
 *(.eh_frame)
 .eh_frame      0x0800b0ac        0x0 C:/ST/STM32CubeIDE_1.19.0/STM32CubeIDE/plugins/com.st.stm32cube.ide.mcu.externaltools.gnu-tools-for-stm32.13.3.rel1.win32_1.0.0.202411081344/tools/bin/../lib/gcc/arm-none-eabi/13.3.1/thumb/v7e-m+fp/hard/crtbegin.o
 *(.init)
 .init          0x0800b0ac        0x4 C:/ST/STM32CubeIDE_1.19.0/STM32CubeIDE/plugins/com.st.stm32cube.ide.mcu.externaltools.gnu-tools-for-stm32.13.3.rel1.win32_1.0.0.202411081344/tools/bin/../lib/gcc/arm-none-eabi/13.3.1/thumb/v7e-m+fp/hard/crti.o
                0x0800b0ac                _init
 .init          0x0800b0b0        0x8 C:/ST/STM32CubeIDE_1.19.0/STM32CubeIDE/plugins/com.st.stm32cube.ide.mcu.externaltools.gnu-tools-for-stm32.13.3.rel1.win32_1.0.0.202411081344/tools/bin/../lib/gcc/arm-none-eabi/13.3.1/thumb/v7e-m+fp/hard/crtn.o
 *(.fini)
 .fini          0x0800b0b8        0x4 C:/ST/STM32CubeIDE_1.19.0/STM32CubeIDE/plugins/com.st.stm32cube.ide.mcu.externaltools.gnu-tools-for-stm32.13.3.rel1.win32_1.0.0.202411081344/tools/bin/../lib/gcc/arm-none-eabi/13.3.1/thumb/v7e-m+fp/hard/crti.o
                0x0800b0b8                _fini
 .fini          0x0800b0bc        0x8 C:/ST/STM32CubeIDE_1.19.0/STM32CubeIDE/plugins/com.st.stm32cube.ide.mcu.externaltools.gnu-tools-for-stm32.13.3.rel1.win32_1.0.0.202411081344/tools/bin/../lib/gcc/arm-none-eabi/13.3.1/thumb/v7e-m+fp/hard/crtn.o
                0x0800b0c4                        . = ALIGN (0x4)
                0x0800b0c4                        _etext = .

.vfp11_veneer   0x0800b0c4        0x0
 .vfp11_veneer  0x0800b0c4        0x0 linker stubs

.v4_bx          0x0800b0c4        0x0
 .v4_bx         0x0800b0c4        0x0 linker stubs

.iplt           0x0800b0c4        0x0
 .iplt          0x0800b0c4        0x0 C:/ST/STM32CubeIDE_1.19.0/STM32CubeIDE/plugins/com.st.stm32cube.ide.mcu.externaltools.gnu-tools-for-stm32.13.3.rel1.win32_1.0.0.202411081344/tools/bin/../lib/gcc/arm-none-eabi/13.3.1/thumb/v7e-m+fp/hard/crtbegin.o

.rodata         0x0800b0c4      0x790
                0x0800b0c4                        . = ALIGN (0x4)
 *(.rodata)
 .rodata        0x0800b0c4       0x45 ./Core/Src/command_processor.o
 *fill*         0x0800b109        0x3 
 .rodata        0x0800b10c       0xae ./Core/Src/i2c_scanner.o
 *fill*         0x0800b1ba        0x2 
 .rodata        0x0800b1bc      0x1b2 ./Core/Src/main.o
 *fill*         0x0800b36e        0x2 
 .rodata        0x0800b370      0x2ed ./Core/Src/tof_sensors.o
 *fill*         0x0800b65d        0x3 
 .rodata        0x0800b660      0x184 ./Core/Src/vl53l0x_pololu.o
 .rodata        0x0800b7e4       0x1b ./Core/Src/wall_avoidance.o
 *fill*         0x0800b7ff        0x1 
 .rodata        0x0800b800        0x5 ./Middlewares/Third_Party/FreeRTOS/Source/tasks.o
 *(.rodata*)
 *fill*         0x0800b805        0x3 
 .rodata.AHBPrescTable
                0x0800b808       0x10 ./Core/Src/system_stm32f4xx.o
                0x0800b808                AHBPrescTable
 .rodata.APBPrescTable
                0x0800b818        0x8 ./Core/Src/system_stm32f4xx.o
                0x0800b818                APBPrescTable
 .rodata._svfprintf_r.str1.1
                0x0800b820       0x33 C:/ST/STM32CubeIDE_1.19.0/STM32CubeIDE/plugins/com.st.stm32cube.ide.mcu.externaltools.gnu-tools-for-stm32.13.3.rel1.win32_1.0.0.202411081344/tools/bin/../lib/gcc/arm-none-eabi/13.3.1/../../../../arm-none-eabi/lib/thumb/v7e-m+fp/hard\libc_nano.a(libc_a-nano-svfprintf.o)
                                 0x11 (size before relaxing)
 .rodata._printf_i.str1.1
                0x0800b853       0x22 C:/ST/STM32CubeIDE_1.19.0/STM32CubeIDE/plugins/com.st.stm32cube.ide.mcu.externaltools.gnu-tools-for-stm32.13.3.rel1.win32_1.0.0.202411081344/tools/bin/../lib/gcc/arm-none-eabi/13.3.1/../../../../arm-none-eabi/lib/thumb/v7e-m+fp/hard\libc_nano.a(libc_a-nano-vfprintf_i.o)
                0x0800b878                        . = ALIGN (0x4)
 *fill*         0x0800b853        0x1 

.ARM.extab      0x0800b854        0x0
                0x0800b854                        . = ALIGN (0x4)
 *(.ARM.extab* .gnu.linkonce.armextab.*)
                0x0800b854                        . = ALIGN (0x4)

.ARM            0x0800b854        0x8
                0x0800b854                        . = ALIGN (0x4)
                0x0800b854                        __exidx_start = .
 *(.ARM.exidx*)
 .ARM.exidx     0x0800b854        0x8 C:/ST/STM32CubeIDE_1.19.0/STM32CubeIDE/plugins/com.st.stm32cube.ide.mcu.externaltools.gnu-tools-for-stm32.13.3.rel1.win32_1.0.0.202411081344/tools/bin/../lib/gcc/arm-none-eabi/13.3.1/../../../../arm-none-eabi/lib/thumb/v7e-m+fp/hard\libc_nano.a(libc_a-memchr.o)
 .ARM.exidx     0x0800b85c        0x0 C:/ST/STM32CubeIDE_1.19.0/STM32CubeIDE/plugins/com.st.stm32cube.ide.mcu.externaltools.gnu-tools-for-stm32.13.3.rel1.win32_1.0.0.202411081344/tools/bin/../lib/gcc/arm-none-eabi/13.3.1/thumb/v7e-m+fp/hard\libgcc.a(_udivmoddi4.o)
                                  0x8 (size before relaxing)
                0x0800b85c                        __exidx_end = .
                0x0800b85c                        . = ALIGN (0x4)

.preinit_array  0x0800b85c        0x0
                0x0800b85c                        . = ALIGN (0x4)
                0x0800b85c                        PROVIDE (__preinit_array_start = .)
 *(.preinit_array*)
                0x0800b85c                        PROVIDE (__preinit_array_end = .)
                0x0800b85c                        . = ALIGN (0x4)

.init_array     0x0800b85c        0x4
                0x0800b85c                        . = ALIGN (0x4)
                0x0800b85c                        PROVIDE (__init_array_start = .)
 *(SORT_BY_NAME(.init_array.*))
 *(.init_array*)
 .init_array    0x0800b85c        0x4 C:/ST/STM32CubeIDE_1.19.0/STM32CubeIDE/plugins/com.st.stm32cube.ide.mcu.externaltools.gnu-tools-for-stm32.13.3.rel1.win32_1.0.0.202411081344/tools/bin/../lib/gcc/arm-none-eabi/13.3.1/thumb/v7e-m+fp/hard/crtbegin.o
                0x0800b860                        PROVIDE (__init_array_end = .)
                0x0800b860                        . = ALIGN (0x4)

.fini_array     0x0800b860        0x4
                0x0800b860                        . = ALIGN (0x4)
                [!provide]                        PROVIDE (__fini_array_start = .)
 *(SORT_BY_NAME(.fini_array.*))
 *(.fini_array*)
 .fini_array    0x0800b860        0x4 C:/ST/STM32CubeIDE_1.19.0/STM32CubeIDE/plugins/com.st.stm32cube.ide.mcu.externaltools.gnu-tools-for-stm32.13.3.rel1.win32_1.0.0.202411081344/tools/bin/../lib/gcc/arm-none-eabi/13.3.1/thumb/v7e-m+fp/hard/crtbegin.o
                [!provide]                        PROVIDE (__fini_array_end = .)
                0x0800b864                        . = ALIGN (0x4)
                0x0800b864                        _sidata = LOADADDR (.data)

.rel.dyn        0x0800b864        0x0
 .rel.iplt      0x0800b864        0x0 C:/ST/STM32CubeIDE_1.19.0/STM32CubeIDE/plugins/com.st.stm32cube.ide.mcu.externaltools.gnu-tools-for-stm32.13.3.rel1.win32_1.0.0.202411081344/tools/bin/../lib/gcc/arm-none-eabi/13.3.1/thumb/v7e-m+fp/hard/crtbegin.o

.data           0x20000000       0x70 load address 0x0800b864
                0x20000000                        . = ALIGN (0x4)
                0x20000000                        _sdata = .
 *(.data)
 *(.data*)
 .data.current_speed
                0x20000000        0x1 ./Core/Src/motor_control.o
                0x20000000                current_speed
 .data.accel_enabled
                0x20000001        0x1 ./Core/Src/motor_control.o
                0x20000001                accel_enabled
 .data.last_movement_cmd
                0x20000002        0x1 ./Core/Src/motor_control.o
                0x20000002                last_movement_cmd
 *fill*         0x20000003        0x1 
 .data.SystemCoreClock
                0x20000004        0x4 ./Core/Src/system_stm32f4xx.o
                0x20000004                SystemCoreClock
 .data.CENTER_PID_KP
                0x20000008        0x4 ./Core/Src/wall_avoidance.o
                0x20000008                CENTER_PID_KP
 .data.CENTER_PID_KI
                0x2000000c        0x4 ./Core/Src/wall_avoidance.o
                0x2000000c                CENTER_PID_KI
 .data.CENTER_PID_KD
                0x20000010        0x4 ./Core/Src/wall_avoidance.o
                0x20000010                CENTER_PID_KD
 .data.uwTickPrio
                0x20000014        0x4 ./Drivers/STM32F4xx_HAL_Driver/Src/stm32f4xx_hal.o
                0x20000014                uwTickPrio
 .data.uwTickFreq
                0x20000018        0x1 ./Drivers/STM32F4xx_HAL_Driver/Src/stm32f4xx_hal.o
                0x20000018                uwTickFreq
 *fill*         0x20000019        0x3 
 .data.uxCriticalNesting
                0x2000001c        0x4 ./Middlewares/Third_Party/FreeRTOS/Source/portable/GCC/ARM_CM4F/port.o
 .data._impure_ptr
                0x20000020        0x4 C:/ST/STM32CubeIDE_1.19.0/STM32CubeIDE/plugins/com.st.stm32cube.ide.mcu.externaltools.gnu-tools-for-stm32.13.3.rel1.win32_1.0.0.202411081344/tools/bin/../lib/gcc/arm-none-eabi/13.3.1/../../../../arm-none-eabi/lib/thumb/v7e-m+fp/hard\libc_nano.a(libc_a-impure.o)
                0x20000020                _impure_ptr
 .data._impure_data
                0x20000024       0x4c C:/ST/STM32CubeIDE_1.19.0/STM32CubeIDE/plugins/com.st.stm32cube.ide.mcu.externaltools.gnu-tools-for-stm32.13.3.rel1.win32_1.0.0.202411081344/tools/bin/../lib/gcc/arm-none-eabi/13.3.1/../../../../arm-none-eabi/lib/thumb/v7e-m+fp/hard\libc_nano.a(libc_a-impure.o)
                0x20000024                _impure_data
 *(.RamFunc)
 *(.RamFunc*)
                0x20000070                        . = ALIGN (0x4)
                0x20000070                        _edata = .

.igot.plt       0x20000070        0x0 load address 0x0800b8d4
 .igot.plt      0x20000070        0x0 C:/ST/STM32CubeIDE_1.19.0/STM32CubeIDE/plugins/com.st.stm32cube.ide.mcu.externaltools.gnu-tools-for-stm32.13.3.rel1.win32_1.0.0.202411081344/tools/bin/../lib/gcc/arm-none-eabi/13.3.1/thumb/v7e-m+fp/hard/crtbegin.o
                0x20000070                        . = ALIGN (0x4)

.bss            0x20000070     0x170c load address 0x0800b8d4
                0x20000070                        _sbss = .
                0x20000070                        __bss_start__ = _sbss
 *(.bss)
 .bss           0x20000070       0x1c C:/ST/STM32CubeIDE_1.19.0/STM32CubeIDE/plugins/com.st.stm32cube.ide.mcu.externaltools.gnu-tools-for-stm32.13.3.rel1.win32_1.0.0.202411081344/tools/bin/../lib/gcc/arm-none-eabi/13.3.1/thumb/v7e-m+fp/hard/crtbegin.o
 *(.bss*)
 .bss.last_command_time
                0x2000008c        0x4 ./Core/Src/command_processor.o
                0x2000008c                last_command_time
 .bss.ignore_turns_until
                0x20000090        0x4 ./Core/Src/command_processor.o
 .bss.junction_ack_received
                0x20000094        0x1 ./Core/Src/command_processor.o
                0x20000094                junction_ack_received
 .bss.junction_mode_active
                0x20000095        0x1 ./Core/Src/command_processor.o
                0x20000095                junction_mode_active
 .bss.junction_direction_received
                0x20000096        0x1 ./Core/Src/command_processor.o
                0x20000096                junction_direction_received
 .bss.junction_direction_cmd
                0x20000097        0x1 ./Core/Src/command_processor.o
                0x20000097                junction_direction_cmd
 .bss.xIdleTaskTCBBuffer
                0x20000098       0xa0 ./Core/Src/freertos.o
 .bss.xIdleStack
                0x20000138      0x200 ./Core/Src/freertos.o
 .bss.hi2c2     0x20000338       0x54 ./Core/Src/main.o
                0x20000338                hi2c2
 .bss.huart2    0x2000038c       0x48 ./Core/Src/main.o
                0x2000038c                huart2
 .bss.defaultTaskHandle
                0x200003d4        0x4 ./Core/Src/main.o
                0x200003d4                defaultTaskHandle
 .bss.tofTaskHandle
                0x200003d8        0x4 ./Core/Src/main.o
                0x200003d8                tofTaskHandle
 .bss.cmdTaskHandle
                0x200003dc        0x4 ./Core/Src/main.o
                0x200003dc                cmdTaskHandle
 .bss.wallTaskHandle
                0x200003e0        0x4 ./Core/Src/main.o
                0x200003e0                wallTaskHandle
 .bss.hb_counter.0
                0x200003e4        0x4 ./Core/Src/main.o
 .bss.htim5     0x200003e8       0x48 ./Core/Src/motor_control.o
                0x200003e8                htim5
 .bss.current_m1_in1
                0x20000430        0x1 ./Core/Src/motor_control.o
                0x20000430                current_m1_in1
 .bss.current_m1_in2
                0x20000431        0x1 ./Core/Src/motor_control.o
                0x20000431                current_m1_in2
 .bss.current_m2_in3
                0x20000432        0x1 ./Core/Src/motor_control.o
                0x20000432                current_m2_in3
 .bss.current_m2_in4
                0x20000433        0x1 ./Core/Src/motor_control.o
                0x20000433                current_m2_in4
 .bss.motors_moving
                0x20000434        0x1 ./Core/Src/motor_control.o
                0x20000434                motors_moving
 *fill*         0x20000435        0x3 
 .bss.htim2     0x20000438       0x48 ./Core/Src/stm32f4xx_hal_timebase_tim.o
                0x20000438                htim2
 .bss.__sbrk_heap_end
                0x20000480        0x4 ./Core/Src/sysmem.o
 .bss.tof_sensor1_pololu
                0x20000484       0x10 ./Core/Src/tof_sensors.o
 .bss.tof_sensor2_pololu
                0x20000494       0x10 ./Core/Src/tof_sensors.o
 .bss.tof_left45_mm
                0x200004a4        0x2 ./Core/Src/tof_sensors.o
                0x200004a4                tof_left45_mm
 .bss.tof_right45_mm
                0x200004a6        0x2 ./Core/Src/tof_sensors.o
                0x200004a6                tof_right45_mm
 .bss.tof_sensor1_ready
                0x200004a8        0x1 ./Core/Src/tof_sensors.o
                0x200004a8                tof_sensor1_ready
 .bss.tof_sensor2_ready
                0x200004a9        0x1 ./Core/Src/tof_sensors.o
                0x200004a9                tof_sensor2_ready
 .bss.tof_junction_detected
                0x200004aa        0x1 ./Core/Src/tof_sensors.o
                0x200004aa                tof_junction_detected
 *fill*         0x200004ab        0x1 
 .bss.junction_info
                0x200004ac        0xa ./Core/Src/tof_sensors.o
 *fill*         0x200004b6        0x2 
 .bss.s1_error_count.1
                0x200004b8        0x4 ./Core/Src/tof_sensors.o
 .bss.s2_error_count.0
                0x200004bc        0x4 ./Core/Src/tof_sensors.o
 .bss.rx_data   0x200004c0        0x1 ./Core/Src/uart_comm.o
                0x200004c0                rx_data
 .bss.uart_error
                0x200004c1        0x1 ./Core/Src/uart_comm.o
                0x200004c1                uart_error
 .bss.uart_rx_seen
                0x200004c2        0x1 ./Core/Src/uart_comm.o
                0x200004c2                uart_rx_seen
 *fill*         0x200004c3        0x1 
 .bss.uartCmdQueueHandle
                0x200004c4        0x4 ./Core/Src/uart_comm.o
                0x200004c4                uartCmdQueueHandle
 .bss.ultrasonic_left_cm
                0x200004c8        0x2 ./Core/Src/ultrasonic.o
                0x200004c8                ultrasonic_left_cm
 .bss.ultrasonic_right_cm
                0x200004ca        0x2 ./Core/Src/ultrasonic.o
                0x200004ca                ultrasonic_right_cm
 .bss.last_valid_left.6
                0x200004cc        0x2 ./Core/Src/wall_avoidance.o
 .bss.left_zero_count.5
                0x200004ce        0x2 ./Core/Src/wall_avoidance.o
 .bss.last_valid_right.4
                0x200004d0        0x2 ./Core/Src/wall_avoidance.o
 .bss.right_zero_count.3
                0x200004d2        0x2 ./Core/Src/wall_avoidance.o
 .bss.pid_i.2   0x200004d4        0x4 ./Core/Src/wall_avoidance.o
 .bss.last_err.1
                0x200004d8        0x4 ./Core/Src/wall_avoidance.o
 .bss.uwTick    0x200004dc        0x4 ./Drivers/STM32F4xx_HAL_Driver/Src/stm32f4xx_hal.o
                0x200004dc                uwTick
 .bss.pxCurrentTCB
                0x200004e0        0x4 ./Middlewares/Third_Party/FreeRTOS/Source/tasks.o
                0x200004e0                pxCurrentTCB
 .bss.pxReadyTasksLists
                0x200004e4       0x8c ./Middlewares/Third_Party/FreeRTOS/Source/tasks.o
 .bss.xDelayedTaskList1
                0x20000570       0x14 ./Middlewares/Third_Party/FreeRTOS/Source/tasks.o
 .bss.xDelayedTaskList2
                0x20000584       0x14 ./Middlewares/Third_Party/FreeRTOS/Source/tasks.o
 .bss.pxDelayedTaskList
                0x20000598        0x4 ./Middlewares/Third_Party/FreeRTOS/Source/tasks.o
 .bss.pxOverflowDelayedTaskList
                0x2000059c        0x4 ./Middlewares/Third_Party/FreeRTOS/Source/tasks.o
 .bss.xPendingReadyList
                0x200005a0       0x14 ./Middlewares/Third_Party/FreeRTOS/Source/tasks.o
 .bss.xTasksWaitingTermination
                0x200005b4       0x14 ./Middlewares/Third_Party/FreeRTOS/Source/tasks.o
 .bss.uxDeletedTasksWaitingCleanUp
                0x200005c8        0x4 ./Middlewares/Third_Party/FreeRTOS/Source/tasks.o
 .bss.xSuspendedTaskList
                0x200005cc       0x14 ./Middlewares/Third_Party/FreeRTOS/Source/tasks.o
 .bss.uxCurrentNumberOfTasks
                0x200005e0        0x4 ./Middlewares/Third_Party/FreeRTOS/Source/tasks.o
 .bss.xTickCount
                0x200005e4        0x4 ./Middlewares/Third_Party/FreeRTOS/Source/tasks.o
 .bss.uxTopReadyPriority
                0x200005e8        0x4 ./Middlewares/Third_Party/FreeRTOS/Source/tasks.o
 .bss.xSchedulerRunning
                0x200005ec        0x4 ./Middlewares/Third_Party/FreeRTOS/Source/tasks.o
 .bss.xPendedTicks
                0x200005f0        0x4 ./Middlewares/Third_Party/FreeRTOS/Source/tasks.o
 .bss.xYieldPending
                0x200005f4        0x4 ./Middlewares/Third_Party/FreeRTOS/Source/tasks.o
 .bss.xNumOfOverflows
                0x200005f8        0x4 ./Middlewares/Third_Party/FreeRTOS/Source/tasks.o
 .bss.uxTaskNumber
                0x200005fc        0x4 ./Middlewares/Third_Party/FreeRTOS/Source/tasks.o
 .bss.xNextTaskUnblockTime
                0x20000600        0x4 ./Middlewares/Third_Party/FreeRTOS/Source/tasks.o
 .bss.xIdleTaskHandle
                0x20000604        0x4 ./Middlewares/Third_Party/FreeRTOS/Source/tasks.o
 .bss.uxSchedulerSuspended
                0x20000608        0x4 ./Middlewares/Third_Party/FreeRTOS/Source/tasks.o
 .bss.ucMaxSysCallPriority
                0x2000060c        0x1 ./Middlewares/Third_Party/FreeRTOS/Source/portable/GCC/ARM_CM4F/port.o
 *fill*         0x2000060d        0x3 
 .bss.ulMaxPRIGROUPValue
                0x20000610        0x4 ./Middlewares/Third_Party/FreeRTOS/Source/portable/GCC/ARM_CM4F/port.o
 .bss.ucHeap    0x20000614     0x1000 ./Middlewares/Third_Party/FreeRTOS/Source/portable/MemMang/heap_4.o
 .bss.xStart    0x20001614        0x8 ./Middlewares/Third_Party/FreeRTOS/Source/portable/MemMang/heap_4.o
 .bss.pxEnd     0x2000161c        0x4 ./Middlewares/Third_Party/FreeRTOS/Source/portable/MemMang/heap_4.o
 .bss.xFreeBytesRemaining
                0x20001620        0x4 ./Middlewares/Third_Party/FreeRTOS/Source/portable/MemMang/heap_4.o
 .bss.xMinimumEverFreeBytesRemaining
                0x20001624        0x4 ./Middlewares/Third_Party/FreeRTOS/Source/portable/MemMang/heap_4.o
 .bss.xNumberOfSuccessfulAllocations
                0x20001628        0x4 ./Middlewares/Third_Party/FreeRTOS/Source/portable/MemMang/heap_4.o
 .bss.xNumberOfSuccessfulFrees
                0x2000162c        0x4 ./Middlewares/Third_Party/FreeRTOS/Source/portable/MemMang/heap_4.o
 .bss.xBlockAllocatedBit
                0x20001630        0x4 ./Middlewares/Third_Party/FreeRTOS/Source/portable/MemMang/heap_4.o
 .bss.__sf      0x20001634      0x138 C:/ST/STM32CubeIDE_1.19.0/STM32CubeIDE/plugins/com.st.stm32cube.ide.mcu.externaltools.gnu-tools-for-stm32.13.3.rel1.win32_1.0.0.202411081344/tools/bin/../lib/gcc/arm-none-eabi/13.3.1/../../../../arm-none-eabi/lib/thumb/v7e-m+fp/hard\libc_nano.a(libc_a-findfp.o)
                0x20001634                __sf
 .bss.errno     0x2000176c        0x4 C:/ST/STM32CubeIDE_1.19.0/STM32CubeIDE/plugins/com.st.stm32cube.ide.mcu.externaltools.gnu-tools-for-stm32.13.3.rel1.win32_1.0.0.202411081344/tools/bin/../lib/gcc/arm-none-eabi/13.3.1/../../../../arm-none-eabi/lib/thumb/v7e-m+fp/hard\libc_nano.a(libc_a-reent.o)
                0x2000176c                errno
 .bss.__lock___malloc_recursive_mutex
                0x20001770        0x1 C:/ST/STM32CubeIDE_1.19.0/STM32CubeIDE/plugins/com.st.stm32cube.ide.mcu.externaltools.gnu-tools-for-stm32.13.3.rel1.win32_1.0.0.202411081344/tools/bin/../lib/gcc/arm-none-eabi/13.3.1/../../../../arm-none-eabi/lib/thumb/v7e-m+fp/hard\libc_nano.a(libc_a-lock.o)
                0x20001770                __lock___malloc_recursive_mutex
 *fill*         0x20001771        0x3 
 .bss.__malloc_sbrk_start
                0x20001774        0x4 C:/ST/STM32CubeIDE_1.19.0/STM32CubeIDE/plugins/com.st.stm32cube.ide.mcu.externaltools.gnu-tools-for-stm32.13.3.rel1.win32_1.0.0.202411081344/tools/bin/../lib/gcc/arm-none-eabi/13.3.1/../../../../arm-none-eabi/lib/thumb/v7e-m+fp/hard\libc_nano.a(libc_a-mallocr.o)
                0x20001774                __malloc_sbrk_start
 .bss.__malloc_free_list
                0x20001778        0x4 C:/ST/STM32CubeIDE_1.19.0/STM32CubeIDE/plugins/com.st.stm32cube.ide.mcu.externaltools.gnu-tools-for-stm32.13.3.rel1.win32_1.0.0.202411081344/tools/bin/../lib/gcc/arm-none-eabi/13.3.1/../../../../arm-none-eabi/lib/thumb/v7e-m+fp/hard\libc_nano.a(libc_a-mallocr.o)
                0x20001778                __malloc_free_list
 *(COMMON)
                0x2000177c                        . = ALIGN (0x4)
                0x2000177c                        _ebss = .
                0x2000177c                        __bss_end__ = _ebss

._user_heap_stack
                0x2000177c      0x604 load address 0x0800b8d4
                0x20001780                        . = ALIGN (0x8)
 *fill*         0x2000177c        0x4 
                [!provide]                        PROVIDE (end = .)
                0x20001780                        PROVIDE (_end = .)
                0x20001980                        . = (. + _Min_Heap_Size)
 *fill*         0x20001780      0x200 
                0x20001d80                        . = (. + _Min_Stack_Size)
 *fill*         0x20001980      0x400 
                0x20001d80                        . = ALIGN (0x8)

/DISCARD/
 libc.a(*)
 libm.a(*)
 libgcc.a(*)

.ARM.attributes
                0x00000000       0x30
 *(.ARM.attributes)
 .ARM.attributes
                0x00000000       0x22 C:/ST/STM32CubeIDE_1.19.0/STM32CubeIDE/plugins/com.st.stm32cube.ide.mcu.externaltools.gnu-tools-for-stm32.13.3.rel1.win32_1.0.0.202411081344/tools/bin/../lib/gcc/arm-none-eabi/13.3.1/thumb/v7e-m+fp/hard/crti.o
 .ARM.attributes
                0x00000022       0x34 C:/ST/STM32CubeIDE_1.19.0/STM32CubeIDE/plugins/com.st.stm32cube.ide.mcu.externaltools.gnu-tools-for-stm32.13.3.rel1.win32_1.0.0.202411081344/tools/bin/../lib/gcc/arm-none-eabi/13.3.1/thumb/v7e-m+fp/hard/crtbegin.o
 .ARM.attributes
                0x00000056       0x34 ./Core/Src/command_processor.o
 .ARM.attributes
                0x0000008a       0x34 ./Core/Src/freertos.o
 .ARM.attributes
                0x000000be       0x34 ./Core/Src/i2c_scanner.o
 .ARM.attributes
                0x000000f2       0x34 ./Core/Src/led_indicators.o
 .ARM.attributes
                0x00000126       0x34 ./Core/Src/main.o
 .ARM.attributes
                0x0000015a       0x34 ./Core/Src/motor_control.o
 .ARM.attributes
                0x0000018e       0x34 ./Core/Src/stm32f4xx_hal_msp.o
 .ARM.attributes
                0x000001c2       0x34 ./Core/Src/stm32f4xx_hal_timebase_tim.o
 .ARM.attributes
                0x000001f6       0x34 ./Core/Src/stm32f4xx_it.o
 .ARM.attributes
                0x0000022a       0x34 ./Core/Src/sysmem.o
 .ARM.attributes
                0x0000025e       0x34 ./Core/Src/system_stm32f4xx.o
 .ARM.attributes
                0x00000292       0x34 ./Core/Src/tof_sensors.o
 .ARM.attributes
                0x000002c6       0x34 ./Core/Src/uart_comm.o
 .ARM.attributes
                0x000002fa       0x34 ./Core/Src/ultrasonic.o
 .ARM.attributes
                0x0000032e       0x34 ./Core/Src/vl53l0x_pololu.o
 .ARM.attributes
                0x00000362       0x34 ./Core/Src/wall_avoidance.o
 .ARM.attributes
                0x00000396       0x21 ./Core/Startup/startup_stm32f401rctx.o
 .ARM.attributes
                0x000003b7       0x34 ./Drivers/STM32F4xx_HAL_Driver/Src/stm32f4xx_hal.o
 .ARM.attributes
                0x000003eb       0x34 ./Drivers/STM32F4xx_HAL_Driver/Src/stm32f4xx_hal_cortex.o
 .ARM.attributes
                0x0000041f       0x34 ./Drivers/STM32F4xx_HAL_Driver/Src/stm32f4xx_hal_gpio.o
 .ARM.attributes
                0x00000453       0x34 ./Drivers/STM32F4xx_HAL_Driver/Src/stm32f4xx_hal_i2c.o
 .ARM.attributes
                0x00000487       0x34 ./Drivers/STM32F4xx_HAL_Driver/Src/stm32f4xx_hal_rcc.o
 .ARM.attributes
                0x000004bb       0x34 ./Drivers/STM32F4xx_HAL_Driver/Src/stm32f4xx_hal_tim.o
 .ARM.attributes
                0x000004ef       0x34 ./Drivers/STM32F4xx_HAL_Driver/Src/stm32f4xx_hal_tim_ex.o
 .ARM.attributes
                0x00000523       0x34 ./Drivers/STM32F4xx_HAL_Driver/Src/stm32f4xx_hal_uart.o
 .ARM.attributes
                0x00000557       0x34 ./Middlewares/Third_Party/FreeRTOS/Source/CMSIS_RTOS/cmsis_os.o
 .ARM.attributes
                0x0000058b       0x34 ./Middlewares/Third_Party/FreeRTOS/Source/list.o
 .ARM.attributes
                0x000005bf       0x34 ./Middlewares/Third_Party/FreeRTOS/Source/queue.o
 .ARM.attributes
                0x000005f3       0x34 ./Middlewares/Third_Party/FreeRTOS/Source/tasks.o
 .ARM.attributes
                0x00000627       0x34 ./Middlewares/Third_Party/FreeRTOS/Source/portable/GCC/ARM_CM4F/port.o
 .ARM.attributes
                0x0000065b       0x34 ./Middlewares/Third_Party/FreeRTOS/Source/portable/MemMang/heap_4.o
 .ARM.attributes
                0x0000068f       0x34 C:/ST/STM32CubeIDE_1.19.0/STM32CubeIDE/plugins/com.st.stm32cube.ide.mcu.externaltools.gnu-tools-for-stm32.13.3.rel1.win32_1.0.0.202411081344/tools/bin/../lib/gcc/arm-none-eabi/13.3.1/../../../../arm-none-eabi/lib/thumb/v7e-m+fp/hard\libc_nano.a(libc_a-findfp.o)
 .ARM.attributes
                0x000006c3       0x34 C:/ST/STM32CubeIDE_1.19.0/STM32CubeIDE/plugins/com.st.stm32cube.ide.mcu.externaltools.gnu-tools-for-stm32.13.3.rel1.win32_1.0.0.202411081344/tools/bin/../lib/gcc/arm-none-eabi/13.3.1/../../../../arm-none-eabi/lib/thumb/v7e-m+fp/hard\libc_nano.a(libc_a-snprintf.o)
 .ARM.attributes
                0x000006f7       0x34 C:/ST/STM32CubeIDE_1.19.0/STM32CubeIDE/plugins/com.st.stm32cube.ide.mcu.externaltools.gnu-tools-for-stm32.13.3.rel1.win32_1.0.0.202411081344/tools/bin/../lib/gcc/arm-none-eabi/13.3.1/../../../../arm-none-eabi/lib/thumb/v7e-m+fp/hard\libc_nano.a(libc_a-memset.o)
 .ARM.attributes
                0x0000072b       0x34 C:/ST/STM32CubeIDE_1.19.0/STM32CubeIDE/plugins/com.st.stm32cube.ide.mcu.externaltools.gnu-tools-for-stm32.13.3.rel1.win32_1.0.0.202411081344/tools/bin/../lib/gcc/arm-none-eabi/13.3.1/../../../../arm-none-eabi/lib/thumb/v7e-m+fp/hard\libc_nano.a(libc_a-reent.o)
 .ARM.attributes
                0x0000075f       0x34 C:/ST/STM32CubeIDE_1.19.0/STM32CubeIDE/plugins/com.st.stm32cube.ide.mcu.externaltools.gnu-tools-for-stm32.13.3.rel1.win32_1.0.0.202411081344/tools/bin/../lib/gcc/arm-none-eabi/13.3.1/../../../../arm-none-eabi/lib/thumb/v7e-m+fp/hard\libc_nano.a(libc_a-impure.o)
 .ARM.attributes
                0x00000793       0x34 C:/ST/STM32CubeIDE_1.19.0/STM32CubeIDE/plugins/com.st.stm32cube.ide.mcu.externaltools.gnu-tools-for-stm32.13.3.rel1.win32_1.0.0.202411081344/tools/bin/../lib/gcc/arm-none-eabi/13.3.1/../../../../arm-none-eabi/lib/thumb/v7e-m+fp/hard\libc_nano.a(libc_a-errno.o)
 .ARM.attributes
                0x000007c7       0x34 C:/ST/STM32CubeIDE_1.19.0/STM32CubeIDE/plugins/com.st.stm32cube.ide.mcu.externaltools.gnu-tools-for-stm32.13.3.rel1.win32_1.0.0.202411081344/tools/bin/../lib/gcc/arm-none-eabi/13.3.1/../../../../arm-none-eabi/lib/thumb/v7e-m+fp/hard\libc_nano.a(libc_a-init.o)
 .ARM.attributes
                0x000007fb       0x34 C:/ST/STM32CubeIDE_1.19.0/STM32CubeIDE/plugins/com.st.stm32cube.ide.mcu.externaltools.gnu-tools-for-stm32.13.3.rel1.win32_1.0.0.202411081344/tools/bin/../lib/gcc/arm-none-eabi/13.3.1/../../../../arm-none-eabi/lib/thumb/v7e-m+fp/hard\libc_nano.a(libc_a-lock.o)
 .ARM.attributes
                0x0000082f       0x34 C:/ST/STM32CubeIDE_1.19.0/STM32CubeIDE/plugins/com.st.stm32cube.ide.mcu.externaltools.gnu-tools-for-stm32.13.3.rel1.win32_1.0.0.202411081344/tools/bin/../lib/gcc/arm-none-eabi/13.3.1/../../../../arm-none-eabi/lib/thumb/v7e-m+fp/hard\libc_nano.a(libc_a-memcpy-stub.o)
 .ARM.attributes
                0x00000863       0x34 C:/ST/STM32CubeIDE_1.19.0/STM32CubeIDE/plugins/com.st.stm32cube.ide.mcu.externaltools.gnu-tools-for-stm32.13.3.rel1.win32_1.0.0.202411081344/tools/bin/../lib/gcc/arm-none-eabi/13.3.1/../../../../arm-none-eabi/lib/thumb/v7e-m+fp/hard\libc_nano.a(libc_a-freer.o)
 .ARM.attributes
                0x00000897       0x34 C:/ST/STM32CubeIDE_1.19.0/STM32CubeIDE/plugins/com.st.stm32cube.ide.mcu.externaltools.gnu-tools-for-stm32.13.3.rel1.win32_1.0.0.202411081344/tools/bin/../lib/gcc/arm-none-eabi/13.3.1/../../../../arm-none-eabi/lib/thumb/v7e-m+fp/hard\libc_nano.a(libc_a-mallocr.o)
 .ARM.attributes
                0x000008cb       0x34 C:/ST/STM32CubeIDE_1.19.0/STM32CubeIDE/plugins/com.st.stm32cube.ide.mcu.externaltools.gnu-tools-for-stm32.13.3.rel1.win32_1.0.0.202411081344/tools/bin/../lib/gcc/arm-none-eabi/13.3.1/../../../../arm-none-eabi/lib/thumb/v7e-m+fp/hard\libc_nano.a(libc_a-mlock.o)
 .ARM.attributes
                0x000008ff       0x34 C:/ST/STM32CubeIDE_1.19.0/STM32CubeIDE/plugins/com.st.stm32cube.ide.mcu.externaltools.gnu-tools-for-stm32.13.3.rel1.win32_1.0.0.202411081344/tools/bin/../lib/gcc/arm-none-eabi/13.3.1/../../../../arm-none-eabi/lib/thumb/v7e-m+fp/hard\libc_nano.a(libc_a-nano-svfprintf.o)
 .ARM.attributes
                0x00000933       0x34 C:/ST/STM32CubeIDE_1.19.0/STM32CubeIDE/plugins/com.st.stm32cube.ide.mcu.externaltools.gnu-tools-for-stm32.13.3.rel1.win32_1.0.0.202411081344/tools/bin/../lib/gcc/arm-none-eabi/13.3.1/../../../../arm-none-eabi/lib/thumb/v7e-m+fp/hard\libc_nano.a(libc_a-nano-vfprintf_i.o)
 .ARM.attributes
                0x00000967       0x34 C:/ST/STM32CubeIDE_1.19.0/STM32CubeIDE/plugins/com.st.stm32cube.ide.mcu.externaltools.gnu-tools-for-stm32.13.3.rel1.win32_1.0.0.202411081344/tools/bin/../lib/gcc/arm-none-eabi/13.3.1/../../../../arm-none-eabi/lib/thumb/v7e-m+fp/hard\libc_nano.a(libc_a-memmove.o)
 .ARM.attributes
                0x0000099b       0x34 C:/ST/STM32CubeIDE_1.19.0/STM32CubeIDE/plugins/com.st.stm32cube.ide.mcu.externaltools.gnu-tools-for-stm32.13.3.rel1.win32_1.0.0.202411081344/tools/bin/../lib/gcc/arm-none-eabi/13.3.1/../../../../arm-none-eabi/lib/thumb/v7e-m+fp/hard\libc_nano.a(libc_a-sbrkr.o)
 .ARM.attributes
                0x000009cf       0x1c C:/ST/STM32CubeIDE_1.19.0/STM32CubeIDE/plugins/com.st.stm32cube.ide.mcu.externaltools.gnu-tools-for-stm32.13.3.rel1.win32_1.0.0.202411081344/tools/bin/../lib/gcc/arm-none-eabi/13.3.1/../../../../arm-none-eabi/lib/thumb/v7e-m+fp/hard\libc_nano.a(libc_a-memchr.o)
 .ARM.attributes
                0x000009eb       0x34 C:/ST/STM32CubeIDE_1.19.0/STM32CubeIDE/plugins/com.st.stm32cube.ide.mcu.externaltools.gnu-tools-for-stm32.13.3.rel1.win32_1.0.0.202411081344/tools/bin/../lib/gcc/arm-none-eabi/13.3.1/../../../../arm-none-eabi/lib/thumb/v7e-m+fp/hard\libc_nano.a(libc_a-reallocr.o)
 .ARM.attributes
                0x00000a1f       0x34 C:/ST/STM32CubeIDE_1.19.0/STM32CubeIDE/plugins/com.st.stm32cube.ide.mcu.externaltools.gnu-tools-for-stm32.13.3.rel1.win32_1.0.0.202411081344/tools/bin/../lib/gcc/arm-none-eabi/13.3.1/../../../../arm-none-eabi/lib/thumb/v7e-m+fp/hard\libc_nano.a(libc_a-msizer.o)
 .ARM.attributes
                0x00000a53       0x22 C:/ST/STM32CubeIDE_1.19.0/STM32CubeIDE/plugins/com.st.stm32cube.ide.mcu.externaltools.gnu-tools-for-stm32.13.3.rel1.win32_1.0.0.202411081344/tools/bin/../lib/gcc/arm-none-eabi/13.3.1/thumb/v7e-m+fp/hard\libgcc.a(_arm_addsubdf3.o)
 .ARM.attributes
                0x00000a75       0x22 C:/ST/STM32CubeIDE_1.19.0/STM32CubeIDE/plugins/com.st.stm32cube.ide.mcu.externaltools.gnu-tools-for-stm32.13.3.rel1.win32_1.0.0.202411081344/tools/bin/../lib/gcc/arm-none-eabi/13.3.1/thumb/v7e-m+fp/hard\libgcc.a(_arm_cmpdf2.o)
 .ARM.attributes
                0x00000a97       0x22 C:/ST/STM32CubeIDE_1.19.0/STM32CubeIDE/plugins/com.st.stm32cube.ide.mcu.externaltools.gnu-tools-for-stm32.13.3.rel1.win32_1.0.0.202411081344/tools/bin/../lib/gcc/arm-none-eabi/13.3.1/thumb/v7e-m+fp/hard\libgcc.a(_aeabi_uldivmod.o)
 .ARM.attributes
                0x00000ab9       0x34 C:/ST/STM32CubeIDE_1.19.0/STM32CubeIDE/plugins/com.st.stm32cube.ide.mcu.externaltools.gnu-tools-for-stm32.13.3.rel1.win32_1.0.0.202411081344/tools/bin/../lib/gcc/arm-none-eabi/13.3.1/thumb/v7e-m+fp/hard\libgcc.a(_udivmoddi4.o)
 .ARM.attributes
                0x00000aed       0x22 C:/ST/STM32CubeIDE_1.19.0/STM32CubeIDE/plugins/com.st.stm32cube.ide.mcu.externaltools.gnu-tools-for-stm32.13.3.rel1.win32_1.0.0.202411081344/tools/bin/../lib/gcc/arm-none-eabi/13.3.1/thumb/v7e-m+fp/hard\libgcc.a(_dvmd_tls.o)
 .ARM.attributes
                0x00000b0f       0x22 C:/ST/STM32CubeIDE_1.19.0/STM32CubeIDE/plugins/com.st.stm32cube.ide.mcu.externaltools.gnu-tools-for-stm32.13.3.rel1.win32_1.0.0.202411081344/tools/bin/../lib/gcc/arm-none-eabi/13.3.1/thumb/v7e-m+fp/hard/crtn.o
OUTPUT(motor controller with uart.elf elf32-littlearm)
LOAD linker stubs
LOAD C:/ST/STM32CubeIDE_1.19.0/STM32CubeIDE/plugins/com.st.stm32cube.ide.mcu.externaltools.gnu-tools-for-stm32.13.3.rel1.win32_1.0.0.202411081344/tools/bin/../lib/gcc/arm-none-eabi/13.3.1/../../../../arm-none-eabi/lib/thumb/v7e-m+fp/hard\libc.a
LOAD C:/ST/STM32CubeIDE_1.19.0/STM32CubeIDE/plugins/com.st.stm32cube.ide.mcu.externaltools.gnu-tools-for-stm32.13.3.rel1.win32_1.0.0.202411081344/tools/bin/../lib/gcc/arm-none-eabi/13.3.1/../../../../arm-none-eabi/lib/thumb/v7e-m+fp/hard\libm.a
LOAD C:/ST/STM32CubeIDE_1.19.0/STM32CubeIDE/plugins/com.st.stm32cube.ide.mcu.externaltools.gnu-tools-for-stm32.13.3.rel1.win32_1.0.0.202411081344/tools/bin/../lib/gcc/arm-none-eabi/13.3.1/thumb/v7e-m+fp/hard\libgcc.a

.debug_info     0x00000000    0x1cd36
 .debug_info    0x00000000      0x54b ./Core/Src/command_processor.o
 .debug_info    0x0000054b      0x920 ./Core/Src/freertos.o
 .debug_info    0x00000e6b      0x716 ./Core/Src/i2c_scanner.o
 .debug_info    0x00001581      0x4bf ./Core/Src/led_indicators.o
 .debug_info    0x00001a40     0x1faf ./Core/Src/main.o
 .debug_info    0x000039ef     0x1268 ./Core/Src/motor_control.o
 .debug_info    0x00004c57      0xdfc ./Core/Src/stm32f4xx_hal_msp.o
 .debug_info    0x00005a53      0xb7d ./Core/Src/stm32f4xx_hal_timebase_tim.o
 .debug_info    0x000065d0      0x6ab ./Core/Src/stm32f4xx_it.o
 .debug_info    0x00006c7b      0x168 ./Core/Src/sysmem.o
 .debug_info    0x00006de3      0x53e ./Core/Src/system_stm32f4xx.o
 .debug_info    0x00007321     0x117d ./Core/Src/tof_sensors.o
 .debug_info    0x0000849e      0x85f ./Core/Src/uart_comm.o
 .debug_info    0x00008cfd      0x7de ./Core/Src/ultrasonic.o
 .debug_info    0x000094db     0x126c ./Core/Src/vl53l0x_pololu.o
 .debug_info    0x0000a747      0x47b ./Core/Src/wall_avoidance.o
 .debug_info    0x0000abc2       0x30 ./Core/Startup/startup_stm32f401rctx.o
 .debug_info    0x0000abf2      0x8bb ./Drivers/STM32F4xx_HAL_Driver/Src/stm32f4xx_hal.o
 .debug_info    0x0000b4ad      0xcf6 ./Drivers/STM32F4xx_HAL_Driver/Src/stm32f4xx_hal_cortex.o
 .debug_info    0x0000c1a3      0x6f9 ./Drivers/STM32F4xx_HAL_Driver/Src/stm32f4xx_hal_gpio.o
 .debug_info    0x0000c89c     0x2426 ./Drivers/STM32F4xx_HAL_Driver/Src/stm32f4xx_hal_i2c.o
 .debug_info    0x0000ecc2      0x905 ./Drivers/STM32F4xx_HAL_Driver/Src/stm32f4xx_hal_rcc.o
 .debug_info    0x0000f5c7     0x2996 ./Drivers/STM32F4xx_HAL_Driver/Src/stm32f4xx_hal_tim.o
 .debug_info    0x00011f5d     0x14d4 ./Drivers/STM32F4xx_HAL_Driver/Src/stm32f4xx_hal_tim_ex.o
 .debug_info    0x00013431     0x2f56 ./Drivers/STM32F4xx_HAL_Driver/Src/stm32f4xx_hal_uart.o
 .debug_info    0x00016387     0x21e2 ./Middlewares/Third_Party/FreeRTOS/Source/CMSIS_RTOS/cmsis_os.o
 .debug_info    0x00018569      0x2af ./Middlewares/Third_Party/FreeRTOS/Source/list.o
 .debug_info    0x00018818     0x17cd ./Middlewares/Third_Party/FreeRTOS/Source/queue.o
 .debug_info    0x00019fe5     0x239e ./Middlewares/Third_Party/FreeRTOS/Source/tasks.o
 .debug_info    0x0001c383      0x4de ./Middlewares/Third_Party/FreeRTOS/Source/portable/GCC/ARM_CM4F/port.o
 .debug_info    0x0001c861      0x4d5 ./Middlewares/Third_Party/FreeRTOS/Source/portable/MemMang/heap_4.o

.debug_abbrev   0x00000000     0x46e3
 .debug_abbrev  0x00000000      0x27d ./Core/Src/command_processor.o
 .debug_abbrev  0x0000027d      0x16f ./Core/Src/freertos.o
 .debug_abbrev  0x000003ec      0x1ab ./Core/Src/i2c_scanner.o
 .debug_abbrev  0x00000597      0x19a ./Core/Src/led_indicators.o
 .debug_abbrev  0x00000731      0x34c ./Core/Src/main.o
 .debug_abbrev  0x00000a7d      0x286 ./Core/Src/motor_control.o
 .debug_abbrev  0x00000d03      0x1c9 ./Core/Src/stm32f4xx_hal_msp.o
 .debug_abbrev  0x00000ecc      0x207 ./Core/Src/stm32f4xx_hal_timebase_tim.o
 .debug_abbrev  0x000010d3      0x190 ./Core/Src/stm32f4xx_it.o
 .debug_abbrev  0x00001263       0xbc ./Core/Src/sysmem.o
 .debug_abbrev  0x0000131f      0x11a ./Core/Src/system_stm32f4xx.o
 .debug_abbrev  0x00001439      0x377 ./Core/Src/tof_sensors.o
 .debug_abbrev  0x000017b0      0x24e ./Core/Src/uart_comm.o
 .debug_abbrev  0x000019fe      0x265 ./Core/Src/ultrasonic.o
 .debug_abbrev  0x00001c63      0x2e7 ./Core/Src/vl53l0x_pololu.o
 .debug_abbrev  0x00001f4a      0x173 ./Core/Src/wall_avoidance.o
 .debug_abbrev  0x000020bd       0x24 ./Core/Startup/startup_stm32f401rctx.o
 .debug_abbrev  0x000020e1      0x24b ./Drivers/STM32F4xx_HAL_Driver/Src/stm32f4xx_hal.o
 .debug_abbrev  0x0000232c      0x31d ./Drivers/STM32F4xx_HAL_Driver/Src/stm32f4xx_hal_cortex.o
 .debug_abbrev  0x00002649      0x1d3 ./Drivers/STM32F4xx_HAL_Driver/Src/stm32f4xx_hal_gpio.o
 .debug_abbrev  0x0000281c      0x2bc ./Drivers/STM32F4xx_HAL_Driver/Src/stm32f4xx_hal_i2c.o
 .debug_abbrev  0x00002ad8      0x2b6 ./Drivers/STM32F4xx_HAL_Driver/Src/stm32f4xx_hal_rcc.o
 .debug_abbrev  0x00002d8e      0x28b ./Drivers/STM32F4xx_HAL_Driver/Src/stm32f4xx_hal_tim.o
 .debug_abbrev  0x00003019      0x296 ./Drivers/STM32F4xx_HAL_Driver/Src/stm32f4xx_hal_tim_ex.o