../Core/Src/main.c:117:6:GPIO_Init	40	static
../Core/Src/main.c:176:6:USART1_Init	16	static
../Core/Src/main.c:224:6:Motor_Forward	8	static
../Core/Src/main.c:236:6:Motor_Reverse	8	static
../Core/Src/main.c:248:6:Motor_Left	8	static
../Core/Src/main.c:260:6:Motor_Right	8	static
../Core/Src/main.c:272:6:Motor_Stop	8	static
../Core/Src/main.c:285:6:Process_Command	16	static
../Core/Src/main.c:323:6:Safety_Check	8	static
../Core/Src/main.c:336:6:USART1_IRQHandler	24	static
../Core/Src/main.c:396:5:main	88	static
../Core/Src/main.c:488:6:SystemClock_Config	88	static
../Core/Src/main.c:536:6:StartDefaultTask	16	static
../Core/Src/main.c:554:6:StartMotorTask	32	static
../Core/Src/main.c:588:6:HAL_TIM_PeriodElapsedCallback	16	static
../Core/Src/main.c:606:6:Error_Handler	4	static,ignoring_inline_asm
