../Core/Src/main.c:145:6:GPIO_Init	40	static
../Core/Src/main.c:201:6:TIM5_PWM_Init	40	static
../Core/Src/main.c:265:6:USART1_Init	16	static
../Core/Src/main.c:317:6:Motor_SetSpeed	32	static
../Core/Src/main.c:347:6:Motor_SetSpeed_Smooth	32	static
../Core/Src/main.c:405:6:Motor_Forward	16	static
../Core/Src/main.c:415:6:Motor_Reverse	16	static
../Core/Src/main.c:425:6:Motor_Left	16	static
../Core/Src/main.c:435:6:Motor_Right	16	static
../Core/Src/main.c:444:6:Motor_Stop	8	static
../Core/Src/main.c:453:6:Motor_Stop_Smooth	8	static
../Core/Src/main.c:463:6:Process_Command	24	static
../Core/Src/main.c:537:6:Safety_Check	8	static
../Core/Src/main.c:550:6:USART1_IRQHandler	24	static
../Core/Src/main.c:610:5:main	88	static
../Core/Src/main.c:705:6:SystemClock_Config	88	static
../Core/Src/main.c:753:6:StartDefaultTask	16	static
../Core/Src/main.c:771:6:StartMotorTask	32	static
../Core/Src/main.c:828:6:HAL_TIM_PeriodElapsedCallback	16	static
../Core/Src/main.c:846:6:Error_Handler	4	static,ignoring_inline_asm
