../Core/Src/main_backup.c:154:20:DWT_Delay_Init	4	static
../Core/Src/main_backup.c:169:20:delay_us	24	static,ignoring_inline_asm
../Core/Src/main_backup.c:176:17:Ultrasonic_Measure_Pin	56	static
../Core/Src/main_backup.c:216:6:Ultrasonic_Init	8	static
../Core/Src/main_backup.c:223:10:Ultrasonic_MeasureA	8	static
../Core/Src/main_backup.c:228:10:Ultrasonic_MeasureB	8	static
../Core/Src/main_backup.c:233:6:Ultrasonic_CheckCollision	16	static
../Core/Src/main_backup.c:242:6:UART_SendString	16	static
../Core/Src/main_backup.c:251:6:UART_SendUInt	32	static
../Core/Src/main_backup.c:260:6:UART_SendCRLF	4	static
../Core/Src/main_backup.c:273:6:GPIO_Init	48	static
../Core/Src/main_backup.c:367:6:TIM5_PWM_Init	40	static
../Core/Src/main_backup.c:431:6:USART1_Init	16	static
../Core/Src/main_backup.c:483:6:Motor_SetSpeed	32	static
../Core/Src/main_backup.c:513:6:Motor_SetSpeed_Smooth	40	static
../Core/Src/main_backup.c:593:6:Motor_Forward	16	static
../Core/Src/main_backup.c:603:6:Motor_Reverse	16	static
../Core/Src/main_backup.c:613:6:Motor_Left	16	static
../Core/Src/main_backup.c:623:6:Motor_Right	16	static
../Core/Src/main_backup.c:633:6:Motor_ForwardDifferential	16	static
../Core/Src/main_backup.c:644:6:Motor_Stop	8	static
../Core/Src/main_backup.c:653:6:Motor_Stop_Smooth	8	static
../Core/Src/main_backup.c:663:6:Process_Command	24	static
../Core/Src/main_backup.c:822:6:Safety_Check	8	static
../Core/Src/main_backup.c:838:6:USART1_IRQHandler	24	static
../Core/Src/main_backup.c:899:5:main	120	static
../Core/Src/main_backup.c:1024:6:SystemClock_Config	88	static
../Core/Src/main_backup.c:1072:6:StartDefaultTask	16	static
../Core/Src/main_backup.c:1098:6:StartMotorTask	32	static
../Core/Src/main_backup.c:1154:6:StartUltrasonicTask	72	static
../Core/Src/main_backup.c:1323:6:HAL_TIM_PeriodElapsedCallback	16	static
../Core/Src/main_backup.c:1341:6:Error_Handler	4	static,ignoring_inline_asm
