../Core/Src/motor_control.c:31:13:Motor_ApplyChannels	24	static
../Core/Src/motor_control.c:48:6:Motor_GPIO_Init	32	static
../Core/Src/motor_control.c:68:6:Motor_TIM5_PWM_Init	40	static
../Core/Src/motor_control.c:133:6:Motor_SetSpeed	48	static
../Core/Src/motor_control.c:183:6:Motor_SetSpeed_Smooth	40	static
../Core/Src/motor_control.c:261:6:Motor_Forward	24	static
../Core/Src/motor_control.c:285:6:Motor_Reverse	24	static
../Core/Src/motor_control.c:307:6:Motor_Left	24	static
../Core/Src/motor_control.c:329:6:Motor_Right	24	static
../Core/Src/motor_control.c:352:6:Motor_ForwardDifferential	24	static
../Core/Src/motor_control.c:371:6:Motor_Stop	8	static
../Core/Src/motor_control.c:380:6:Motor_Stop_Smooth	8	static
../Core/Src/motor_control.c:393:6:Motor_SpotTurnSmooth	72	static
