../Core/Src/tof_sensors.c:100:19:ToF_Init	16	static
../Core/Src/tof_sensors.c:131:19:ToF_GPIO_Init	40	static
../Core/Src/tof_sensors.c:169:19:ToF_I2C_Init	8	static
../Core/Src/tof_sensors.c:180:19:ToF_Sensors_Init	48	static
../Core/Src/tof_sensors.c:360:13:ToF_PowerDown	16	static
../Core/Src/tof_sensors.c:372:13:ToF_PowerUp	16	static
../Core/Src/tof_sensors.c:384:26:ToF_ConfigureSensor	16	static
../Core/Src/tof_sensors.c:399:20:ToF_GetDevice	16	static
../Core/Src/tof_sensors.c:407:22:ToF_ConfigureWithStApi	32	static
../Core/Src/tof_sensors.c:463:19:ToF_WriteReg	16	static
../Core/Src/tof_sensors.c:495:19:ToF_ReadReg	16	static
../Core/Src/tof_sensors.c:532:19:ToF_ReadMulti	32	static
../Core/Src/tof_sensors.c:572:19:ToF_WriteMulti	24	static
../Core/Src/tof_sensors.c:605:19:ToF_SetAddress	24	static
../Core/Src/tof_sensors.c:617:19:ToF_StartMeasurement	16	static
../Core/Src/tof_sensors.c:627:6:ToF_IsDataReady	24	static
../Core/Src/tof_sensors.c:643:19:ToF_ReadDistance	40	static
../Core/Src/tof_sensors.c:670:26:ToF_WaitForDataReady	24	static
../Core/Src/tof_sensors.c:689:16:ToF_DecodeStatus	24	static
../Core/Src/tof_sensors.c:708:6:ToF_UpdateAll	32	static
../Core/Src/tof_sensors.c:777:6:ToF_Task	24	static
../Core/Src/tof_sensors.c:815:10:ToF_GetDistance	16	static
../Core/Src/tof_sensors.c:828:6:ToF_IsValid	16	static
../Core/Src/tof_sensors.c:838:10:ToF_GetAge	16	static
../Core/Src/tof_sensors.c:850:6:ToF_DetectJunction	8	static
../Core/Src/tof_sensors.c:859:6:ToF_DetectLeftJunction	16	static
../Core/Src/tof_sensors.c:869:6:ToF_DetectRightJunction	4	static
../Core/Src/tof_sensors.c:884:6:ToF_DetectFrontObstacle	16	static
../Core/Src/tof_sensors.c:899:10:ToF_GetClosestDistance	24	static
../Core/Src/tof_sensors.c:919:17:ToF_GetClosestSensor	24	static
../Core/Src/tof_sensors.c:941:10:ToF_GetLeftWallDistance	8	static
../Core/Src/tof_sensors.c:950:10:ToF_GetRightWallDistance	4	static
../Core/Src/tof_sensors.c:963:9:ToF_GetCenteringError	16	static
../Core/Src/tof_sensors.c:991:6:ToF_SendDistances	8	static
../Core/Src/tof_sensors.c:1010:6:ToF_ProcessCommand	48	static
../Core/Src/tof_sensors.c:1219:6:ToF_PrintStatus	40	static
../Core/Src/tof_sensors.c:1251:6:ToF_SelfTest	16	static
../Core/Src/tof_sensors.c:1295:13:SW_I2C_Init	8	static
../Core/Src/tof_sensors.c:1308:13:SW_I2C_Start	8	static
../Core/Src/tof_sensors.c:1324:13:SW_I2C_Stop	8	static
../Core/Src/tof_sensors.c:1341:13:SW_I2C_WriteByte	24	static
../Core/Src/tof_sensors.c:1370:16:SW_I2C_ReadByte	24	static
../Core/Src/tof_sensors.c:1411:16:SW_I2C_WaitAck	16	static
../Core/Src/tof_sensors.c:1438:13:SW_I2C_Delay	16	static,ignoring_inline_asm
../Core/Src/tof_sensors.c:1451:13:SW_I2C_SDA_OUT	32	static
../Core/Src/tof_sensors.c:1465:13:SW_I2C_SDA_IN	32	static
../Core/Src/tof_sensors.c:1479:13:SW_I2C_SDA_SET	8	static
../Core/Src/tof_sensors.c:1488:13:SW_I2C_SDA_CLR	8	static
../Core/Src/tof_sensors.c:1497:13:SW_I2C_SCL_SET	8	static
../Core/Src/tof_sensors.c:1506:13:SW_I2C_SCL_CLR	8	static
../Core/Src/tof_sensors.c:1515:16:SW_I2C_SDA_READ	8	static
../Core/Src/tof_sensors.c:1527:13:ToF_LogError	32	static
