../Core/Src/tof_sensors.c:27:6:ToF_GPIO_Init	32	static
../Core/Src/tof_sensors.c:43:6:ToF_EnableSensor1	8	static
../Core/Src/tof_sensors.c:48:6:ToF_EnableSensor2	8	static
../Core/Src/tof_sensors.c:53:6:ToF_DisableSensor1	8	static
../Core/Src/tof_sensors.c:57:6:ToF_DisableSensor2	8	static
../Core/Src/tof_sensors.c:61:6:ToF_DisableAll	8	static
../Core/Src/tof_sensors.c:66:6:ToF_EnableAll	8	static
../Core/Src/tof_sensors.c:74:6:ToF_InitSensors	96	static
../Core/Src/tof_sensors.c:142:6:ToF_Init	8	static
../Core/Src/tof_sensors.c:157:10:ToF_ReadSensor1	96	static
../Core/Src/tof_sensors.c:186:10:ToF_ReadSensor2	96	static
../Core/Src/tof_sensors.c:212:6:ToF_ReadSensor1_NonBlocking	16	static
../Core/Src/tof_sensors.c:227:6:ToF_ReadSensor2_NonBlocking	16	static
../Core/Src/tof_sensors.c:242:6:ToF_ReadBothSensors	16	static
../Core/Src/tof_sensors.c:253:6:ToF_GetDistances	16	static
../Core/Src/tof_sensors.c:258:6:ToF_SensorsReady	4	static
../Core/Src/tof_sensors.c:262:6:ToF_UpdateJunctionDetection	4	static
../Core/Src/tof_sensors.c:276:6:ToF_DetectJunction	4	static
../Core/Src/tof_sensors.c:280:18:ToF_GetJunctionInfo	16	static
../Core/Src/tof_sensors.c:284:13:ToF_StatusToString	16	static
../Core/Src/tof_sensors.c:296:6:ToF_Task	304	static
