../Core/Src/tof_sensors.c:25:6:ToF_GPIO_Init	32	static
../Core/Src/tof_sensors.c:41:6:ToF_EnableSensor1	8	static
../Core/Src/tof_sensors.c:46:6:ToF_EnableSensor2	8	static
../Core/Src/tof_sensors.c:51:6:ToF_DisableSensor1	8	static
../Core/Src/tof_sensors.c:55:6:ToF_DisableSensor2	8	static
../Core/Src/tof_sensors.c:59:6:ToF_DisableAll	8	static
../Core/Src/tof_sensors.c:64:6:ToF_EnableAll	8	static
../Core/Src/tof_sensors.c:72:6:ToF_InitSensors	96	static
../Core/Src/tof_sensors.c:140:6:ToF_Init	8	static
../Core/Src/tof_sensors.c:155:10:ToF_ReadSensor1	96	static
../Core/Src/tof_sensors.c:184:10:ToF_ReadSensor2	96	static
../Core/Src/tof_sensors.c:210:6:ToF_ReadSensor1_NonBlocking	16	static
../Core/Src/tof_sensors.c:225:6:ToF_ReadSensor2_NonBlocking	16	static
../Core/Src/tof_sensors.c:240:6:ToF_ReadBothSensors	16	static
../Core/Src/tof_sensors.c:251:6:ToF_GetDistances	16	static
../Core/Src/tof_sensors.c:256:6:ToF_SensorsReady	4	static
../Core/Src/tof_sensors.c:260:6:ToF_UpdateJunctionDetection	4	static
../Core/Src/tof_sensors.c:274:6:ToF_DetectJunction	4	static
../Core/Src/tof_sensors.c:278:18:ToF_GetJunctionInfo	16	static
../Core/Src/tof_sensors.c:282:13:ToF_StatusToString	16	static
../Core/Src/tof_sensors.c:294:6:ToF_Task	184	static
