../Core/Src/ultrasonic.c:41:20:DWT_Delay_Init	4	static
../Core/Src/ultrasonic.c:62:20:delay_us	24	static,ignoring_inline_asm
../Core/Src/ultrasonic.c:77:17:Ultrasonic_Measure_Pin	56	static
../Core/Src/ultrasonic.c:124:6:Ultrasonic_GPIO_Init	32	static
../Core/Src/ultrasonic.c:153:6:Ultrasonic_Init	8	static
../Core/Src/ultrasonic.c:165:10:Ultrasonic_MeasureA	8	static
../Core/Src/ultrasonic.c:178:10:Ultrasonic_MeasureB	8	static
../Core/Src/ultrasonic.c:191:10:Ultrasonic_MeasureC	8	static
../Core/Src/ultrasonic.c:204:6:Ultrasonic_CheckCollision	16	static
