../Core/Src/vl53l0x_pololu.c:30:16:VL53L0X_ReadReg8	40	static
../Core/Src/vl53l0x_pololu.c:41:17:VL53L0X_ReadReg16	40	static
../Core/Src/vl53l0x_pololu.c:52:17:VL53L0X_ReadReg32	40	static
../Core/Src/vl53l0x_pololu.c:64:13:VL53L0X_ReadMulti	48	static
../Core/Src/vl53l0x_pololu.c:71:13:VL53L0X_WriteReg8	32	static
../Core/Src/vl53l0x_pololu.c:78:13:VL53L0X_WriteReg16	40	static
../Core/Src/vl53l0x_pololu.c:87:13:VL53L0X_WriteReg32	48	static
../Core/Src/vl53l0x_pololu.c:101:13:VL53L0X_WriteMulti	48	static
../Core/Src/vl53l0x_pololu.c:110:17:decodeTimeout	16	static
../Core/Src/vl53l0x_pololu.c:117:17:encodeTimeout	24	static
../Core/Src/vl53l0x_pololu.c:137:17:timeoutMclksToMicroseconds	24	static
../Core/Src/vl53l0x_pololu.c:145:17:timeoutMicrosecondsToMclks	24	static
../Core/Src/vl53l0x_pololu.c:155:13:getSpadInfo	40	static
../Core/Src/vl53l0x_pololu.c:204:13:getSequenceStepEnables	24	static
../Core/Src/vl53l0x_pololu.c:217:13:getSequenceStepTimeouts	24	static
../Core/Src/vl53l0x_pololu.c:245:13:performSingleRefCalibration	24	static
../Core/Src/vl53l0x_pololu.c:263:6:VL53L0X_Pololu_Init	24	static
../Core/Src/vl53l0x_pololu.c:272:6:VL53L0X_Pololu_SetAddress	16	static
../Core/Src/vl53l0x_pololu.c:277:6:VL53L0X_Pololu_Setup	120	static
../Core/Src/vl53l0x_pololu.c:498:10:VL53L0X_Pololu_ReadRangeSingleMillimeters	24	static
../Core/Src/vl53l0x_pololu.c:523:10:VL53L0X_Pololu_ReadRangeContinuousMillimeters	24	static
../Core/Src/vl53l0x_pololu.c:541:6:VL53L0X_Pololu_StartContinuous	24	static
../Core/Src/vl53l0x_pololu.c:564:6:VL53L0X_Pololu_StopContinuous	16	static
../Core/Src/vl53l0x_pololu.c:574:6:VL53L0X_Pololu_SetSignalRateLimit	16	static
../Core/Src/vl53l0x_pololu.c:581:7:VL53L0X_Pololu_GetSignalRateLimit	16	static
../Core/Src/vl53l0x_pololu.c:585:6:VL53L0X_Pololu_SetMeasurementTimingBudget	80	static
../Core/Src/vl53l0x_pololu.c:640:10:VL53L0X_Pololu_GetMeasurementTimingBudget	64	static
../Core/Src/vl53l0x_pololu.c:679:6:VL53L0X_Pololu_SetVcselPulsePeriod	56	static
../Core/Src/vl53l0x_pololu.c:774:6:VL53L0X_Pololu_TimeoutOccurred	24	static
