../Drivers/CMSIS/Include/core_cm4.h:1684:22:__NVIC_EnableIRQ	16	static,ignoring_inline_asm
../Drivers/CMSIS/Include/core_cm4.h:1814:22:__NVIC_SetPriority	16	static
../Core/Src/main.c:38:13:GPIO_Init	32	static
../Core/Src/main.c:61:13:Clock_DebugSnapshot	8	static
../Core/Src/main.c:69:13:UART_SendByte	16	static
../Core/Src/main.c:74:6:UART1_Init	8	static
../Core/Src/main.c:91:13:Motor_ApplyState	24	static
../Core/Src/main.c:106:6:UART_ProcessCommand	16	static
../Core/Src/main.c:131:5:main	16	static
../Core/Src/main.c:155:6:Error_Handler	4	static
../Core/Src/main.c:156:6:SysTick_Handler	8	static
